ARM Linker, 5.03 [Build 69] [MDK-ARM Standard]

==============================================================================

Section Cross References

    main.o(.text) refers to init.o(.text) for RCC_Configuration
    main.o(.text) refers to pwm.o(.text) for TIM_PWM_Init
    main.o(.text) refers to stm32f10x_gpio.o(.text) for GPIO_ResetBits
    main.o(.text) refers to misc.o(.text) for NVIC_PriorityGroupConfig
    main.o(.text) refers to flash.o(.text) for Data_Load
    main.o(.text) refers to can.o(.text) for Can1_Init
    main.o(.text) refers to usart.o(.text) for UART1_DMA_init
    main.o(.text) refers to qei.o(.text) for QEI_Init
    main.o(.text) refers to gyro.o(.text) for Gyro_Clear
    main.o(.text) refers to gps.o(.text) for GPS_Clear
    main.o(.text) refers to systick.o(.text) for SysTick_init
    main.o(.text) refers to lcd.o(.text) for LCD_Clear
    main.o(.text) refers to main.o(.data) for .data
    main.o(.text) refers to command.o(.data) for SEND_CONVER_FLAG
    main.o(.text) refers to gyro.o(.data) for Gyro_Error_Flag
    system_stm32f10x.o(.text) refers to system_stm32f10x.o(.data) for .data
    stm32f10x_gpio.o(.text) refers to stm32f10x_rcc.o(.text) for RCC_APB2PeriphResetCmd
    stm32f10x_rcc.o(.text) refers to stm32f10x_rcc.o(.data) for .data
    stm32f10x_usart.o(.text) refers to stm32f10x_rcc.o(.text) for RCC_APB2PeriphResetCmd
    stm32f10x_can.o(.text) refers to stm32f10x_rcc.o(.text) for RCC_APB1PeriphResetCmd
    stm32f10x_tim.o(.text) refers to stm32f10x_rcc.o(.text) for RCC_APB1PeriphResetCmd
    startup_stm32f10x_hd.o(RESET) refers to startup_stm32f10x_hd.o(STACK) for __initial_sp
    startup_stm32f10x_hd.o(RESET) refers to startup_stm32f10x_hd.o(.text) for Reset_Handler
    startup_stm32f10x_hd.o(RESET) refers to stm32f10x_it.o(.text) for NMI_Handler
    startup_stm32f10x_hd.o(RESET) refers to systick.o(.text) for SysTick_Handler
    startup_stm32f10x_hd.o(RESET) refers to usart.o(.text) for DMA1_Channel5_IRQHandler
    startup_stm32f10x_hd.o(RESET) refers to can.o(.text) for USB_LP_CAN1_RX0_IRQHandler
    startup_stm32f10x_hd.o(RESET) refers to qei.o(.text) for TIM2_IRQHandler
    startup_stm32f10x_hd.o(.text) refers to system_stm32f10x.o(.text) for SystemInit
    startup_stm32f10x_hd.o(.text) refers to entry.o(.ARM.Collect$$$$00000000) for __main
    gyro.o(.text) refers to dfltl.o(.text) for __aeabi_l2d
    gyro.o(.text) refers to dmul.o(.text) for __aeabi_dmul
    gyro.o(.text) refers to ddiv.o(.text) for __aeabi_ddiv
    gyro.o(.text) refers to dfixi.o(.text) for __aeabi_d2iz
    gyro.o(.text) refers to dflti.o(.text) for __aeabi_i2d
    gyro.o(.text) refers to dadd.o(.text) for __aeabi_drsub
    gyro.o(.text) refers to cdrcmple.o(.text) for __aeabi_cdrcmple
    gyro.o(.text) refers to cdcmple.o(.text) for __aeabi_cdcmple
    gyro.o(.text) refers to stm32f10x_gpio.o(.text) for GPIO_ResetBits
    gyro.o(.text) refers to systick.o(.text) for delay
    gyro.o(.text) refers to mymath.o(.text) for Int64Abs
    gyro.o(.text) refers to ldiv.o(.text) for __aeabi_ldivmod
    gyro.o(.text) refers to flash.o(.text) for Data_Save
    gyro.o(.text) refers to pow.o(i.pow) for pow
    gyro.o(.text) refers to gyro.o(.data) for .data
    gyro.o(.text) refers to usart.o(.data) for Gyro_Float_Total2
    qei.o(.text) refers to stm32f10x_rcc.o(.text) for RCC_APB1PeriphClockCmd
    qei.o(.text) refers to stm32f10x_gpio.o(.text) for GPIO_Init
    qei.o(.text) refers to stm32f10x_tim.o(.text) for TIM_DeInit
    qei.o(.text) refers to misc.o(.text) for NVIC_Init
    qei.o(.text) refers to qei.o(.data) for .data
    systick.o(.text) refers to command.o(.text) for SEND_CONVERS
    systick.o(.text) refers to encoder.o(.text) for Encoder_Update
    systick.o(.text) refers to gps.o(.text) for GPS_Update
    systick.o(.text) refers to stm32f10x_gpio.o(.text) for GPIO_ResetBits
    systick.o(.text) refers to usart.o(.text) for DMA_check
    systick.o(.text) refers to system_stm32f10x.o(.data) for SystemCoreClock
    systick.o(.text) refers to systick.o(.data) for .data
    systick.o(.text) refers to gyro.o(.data) for Gyro_Error_Flag
    usart.o(.text) refers to stm32f10x_rcc.o(.text) for RCC_APB2PeriphClockCmd
    usart.o(.text) refers to stm32f10x_gpio.o(.text) for GPIO_Init
    usart.o(.text) refers to misc.o(.text) for NVIC_Init
    usart.o(.text) refers to stm32f10x_dma.o(.text) for DMA_DeInit
    usart.o(.text) refers to stm32f10x_usart.o(.text) for USART_Init
    usart.o(.text) refers to gyro.o(.text) for Gyro_Update
    usart.o(.text) refers to usart.o(.data) for .data
    usart.o(.text) refers to gyro.o(.data) for Gyro_Error_Flag
    usart.o(.text) refers to gyro.o(.data) for Gyro_Now
    init.o(.text) refers to stm32f10x_rcc.o(.text) for RCC_DeInit
    init.o(.text) refers to stm32f10x_flash.o(.text) for FLASH_PrefetchBufferCmd
    init.o(.text) refers to stm32f10x_gpio.o(.text) for GPIO_PinRemapConfig
    gps.o(.text) refers to memcpya.o(.text) for __aeabi_memcpy4
[...]
    ../clib/microlib/init/entry.s            0x00000000   Number         0  entry.o ABSOLUTE
    ../clib/microlib/init/entry.s            0x00000000   Number         0  entry11a.o ABSOLUTE
    ../clib/microlib/longlong.c              0x00000000   Number         0  llsshr.o ABSOLUTE
    ../clib/microlib/longlong.c              0x00000000   Number         0  llushr.o ABSOLUTE
    ../clib/microlib/longlong.c              0x00000000   Number         0  llshl.o ABSOLUTE
    ../clib/microlib/string/memcpy.c         0x00000000   Number         0  memcpya.o ABSOLUTE
    ../clib/microlib/string/memcpy.c         0x00000000   Number         0  memcpyb.o ABSOLUTE
    ../clib/microlib/stubs.s                 0x00000000   Number         0  iusefp.o ABSOLUTE
    ../fplib/microlib/fpadd.c                0x00000000   Number         0  dadd.o ABSOLUTE
    ../fplib/microlib/fpdiv.c                0x00000000   Number         0  ddiv.o ABSOLUTE
    ../fplib/microlib/fpepilogue.c           0x00000000   Number         0  depilogue.o ABSOLUTE
    ../fplib/microlib/fpfix.c                0x00000000   Number         0  dfixl.o ABSOLUTE
    ../fplib/microlib/fpfix.c                0x00000000   Number         0  dfixi.o ABSOLUTE
    ../fplib/microlib/fpflt.c                0x00000000   Number         0  dflti.o ABSOLUTE
    ../fplib/microlib/fpflt.c                0x00000000   Number         0  dfltui.o ABSOLUTE
    ../fplib/microlib/fpflt.c                0x00000000   Number         0  dfltl.o ABSOLUTE
    ../fplib/microlib/fpmul.c                0x00000000   Number         0  dmul.o ABSOLUTE
    ../fplib/microlib/fpscalb.c              0x00000000   Number         0  dscalb.o ABSOLUTE
    ../fplib/microlib/fpsqrt.c               0x00000000   Number         0  dsqrt.o ABSOLUTE
    ../mathlib/atan.c                        0x00000000   Number         0  atan_x.o ABSOLUTE
    ../mathlib/atan.c                        0x00000000   Number         0  atan.o ABSOLUTE
    ../mathlib/cos.c                         0x00000000   Number         0  cos.o ABSOLUTE
    ../mathlib/cos.c                         0x00000000   Number         0  cos_x.o ABSOLUTE
    ../mathlib/cos_i.c                       0x00000000   Number         0  cos_i.o ABSOLUTE
    ../mathlib/dunder.c                      0x00000000   Number         0  dunder.o ABSOLUTE
    ../mathlib/fpclassify.c                  0x00000000   Number         0  fpclassify.o ABSOLUTE
    ../mathlib/poly.c                        0x00000000   Number         0  poly.o ABSOLUTE
    ../mathlib/pow.c                         0x00000000   Number         0  pow.o ABSOLUTE
    ../mathlib/pow.c                         0x00000000   Number         0  pow_x.o ABSOLUTE
    ../mathlib/qnan.c                        0x00000000   Number         0  qnan.o ABSOLUTE
    ../mathlib/rred.c                        0x00000000   Number         0  rred.o ABSOLUTE
    ../mathlib/sin.c                         0x00000000   Number         0  sin_x.o ABSOLUTE
    ../mathlib/sin.c                         0x00000000   Number         0  sin.o ABSOLUTE
    ../mathlib/sin_i.c                       0x00000000   Number         0  sin_i_x.o ABSOLUTE
    ../mathlib/sin_i.c                       0x00000000   Number         0  sin_i.o ABSOLUTE
    ../mathlib/sqrt.c                        0x00000000   Number         0  sqrt_x.o ABSOLUTE
    ../mathlib/sqrt.c                        0x00000000   Number         0  sqrt.o ABSOLUTE
    ..\CMSIS\CM3\CoreSupport\core_cm3.c      0x00000000   Number         0  core_cm3.o ABSOLUTE
    ..\CMSIS\CM3\DeviceSupport\ST\STM32F10x\startup\arm\startup_stm32f10x_hd.s 0x00000000   Number         0  startup_stm32f10x_hd.o ABSOLUTE
    ..\General_Functions\c\mymath.c          0x00000000   Number         0  mymath.o ABSOLUTE
    ..\STM32F10x_StdPeriph_Driver\src\misc.c 0x00000000   Number         0  misc.o ABSOLUTE
    ..\STM32F10x_StdPeriph_Driver\src\stm32f10x_can.c 0x00000000   Number         0  stm32f10x_can.o ABSOLUTE
    ..\STM32F10x_StdPeriph_Driver\src\stm32f10x_dma.c 0x00000000   Number         0  stm32f10x_dma.o ABSOLUTE
    ..\STM32F10x_StdPeriph_Driver\src\stm32f10x_flash.c 0x00000000   Number         0  stm32f10x_flash.o ABSOLUTE
    ..\STM32F10x_StdPeriph_Driver\src\stm32f10x_gpio.c 0x00000000   Number         0  stm32f10x_gpio.o ABSOLUTE
    ..\STM32F10x_StdPeriph_Driver\src\stm32f10x_rcc.c 0x00000000   Number         0  stm32f10x_rcc.o ABSOLUTE
    ..\STM32F10x_StdPeriph_Driver\src\stm32f10x_tim.c 0x00000000   Number         0  stm32f10x_tim.o ABSOLUTE
    ..\STM32F10x_StdPeriph_Driver\src\stm32f10x_usart.c 0x00000000   Number         0  stm32f10x_usart.o ABSOLUTE
    ..\User\main.c                           0x00000000   Number         0  main.o ABSOLUTE
    ..\User\stm32f10x_it.c                   0x00000000   Number         0  stm32f10x_it.o ABSOLUTE
    ..\User\system_stm32f10x.c               0x00000000   Number         0  system_stm32f10x.o ABSOLUTE
    ..\\CMSIS\\CM3\\CoreSupport\\core_cm3.c  0x00000000   Number         0  core_cm3.o ABSOLUTE
    ..\owner\c\Command.c                     0x00000000   Number         0  command.o ABSOLUTE
    ..\owner\c\SysTick.c                     0x00000000   Number         0  systick.o ABSOLUTE
    ..\owner\c\can.c                         0x00000000   Number         0  can.o ABSOLUTE
    ..\owner\c\can_database.c                0x00000000   Number         0  can_database.o ABSOLUTE
    ..\owner\c\encoder.c                     0x00000000   Number         0  encoder.o ABSOLUTE
    ..\owner\c\flash.c                       0x00000000   Number         0  flash.o ABSOLUTE
    ..\owner\c\gps.c                         0x00000000   Number         0  gps.o ABSOLUTE
    ..\owner\c\gyro.c                        0x00000000   Number         0  gyro.o ABSOLUTE
    ..\owner\c\init.c                        0x00000000   Number         0  init.o ABSOLUTE
    ..\owner\c\lcd.c                         0x00000000   Number         0  lcd.o ABSOLUTE
    ..\owner\c\pwm.c                         0x00000000   Number         0  pwm.o ABSOLUTE
    ..\owner\c\qei.c                         0x00000000   Number         0  qei.o ABSOLUTE
    ..\owner\c\usart.c                       0x00000000   Number         0  usart.o ABSOLUTE
    cdcmple.s                                0x00000000   Number         0  cdcmple.o ABSOLUTE
    cdrcmple.s                               0x00000000   Number         0  cdrcmple.o ABSOLUTE
    dc.s                                     0x00000000   Number         0  dc.o ABSOLUTE
    handlers.s                               0x00000000   Number         0  handlers.o ABSOLUTE
    init.s                                   0x00000000   Number         0  init.o ABSOLUTE
    RESET                                    0x08000000   Section      304  startup_stm32f10x_hd.o(RESET)
    .ARM.Collect$$$$00000000                 0x08000130   Section        0  entry.o(.ARM.Collect$$$$00000000)
    .ARM.Collect$$$$00000001                 0x08000130   Section        4  entry2.o(.ARM.Collect$$$$00000001)
    .ARM.Collect$$$$00000004                 0x08000134   Section        4  entry5.o(.ARM.Collect$$$$00000004)
    .ARM.Collect$$$$00000008                 0x08000138   Section        0  entry7b.o(.ARM.Collect$$$$00000008)
    .ARM.Collect$$$$0000000A                 0x08000138   Section        0  entry8b.o(.ARM.Collect$$$$0000000A)
    .ARM.Collect$$$$0000000B                 0x08000138   Section        8  entry9a.o(.ARM.Collect$$$$0000000B)
    .ARM.Collect$$$$0000000D                 0x08000140   Section        0  entry10a.o(.ARM.Collect$$$$0000000D)
    .ARM.Collect$$$$0000000F                 0x08000140   Section        0  entry11a.o(.ARM.Collect$$$$0000000F)
    .ARM.Collect$$$$00002712                 0x08000140   Section        4  entry2.o(.ARM.Collect$$$$00002712)
    __lit__00000000                          0x08000140   Data           4  entry2.o(.ARM.Collect$$$$00002712)
    .text                                    0x08000144   Section        0  main.o(.text)
    .text                                    0x08000204   Section        0  stm32f10x_it.o(.text)
    .text                                    0x08000214   Section        0  system_stm32f10x.o(.text)
    SetSysClockTo72                          0x08000215   Thumb Code   160  system_stm32f10x.o(.text)
    .text                                    0x0800036c   Section        0  stm32f10x_gpio.o(.text)
    .text                                    0x080005cc   Section        0  stm32f10x_rcc.o(.text)
    .text                                    0x08000884   Section        0  stm32f10x_usart.o(.text)
    .text                                    0x08000bb4   Section        0  stm32f10x_flash.o(.text)
    .text                                    0x08001034   Section        0  misc.o(.text)
    .text                                    0x080010e4   Section        0  stm32f10x_can.o(.text)
    CheckITStatus                            0x080017b3   Thumb Code    12  stm32f10x_can.o(.text)
    .text                                    0x080017c8   Section        0  stm32f10x_tim.o(.text)
    TI2_Config                               0x08001b5b   Thumb Code   166  stm32f10x_tim.o(.text)
    TI1_Config                               0x08001c11   Thumb Code    88  stm32f10x_tim.o(.text)
    .text                                    0x080022b8   Section        0  stm32f10x_dma.o(.text)
    .text                                    0x08002480   Section       36  startup_stm32f10x_hd.o(.text)
    .text                                    0x080024a4   Section        0  gyro.o(.text)
    .text                                    0x0800277c   Section        0  qei.o(.text)
    .text                                    0x08002a1c   Section        0  systick.o(.text)
    .text                                    0x08002b14   Section        0  usart.o(.text)
    .text                                    0x08002de8   Section        0  init.o(.text)
    .text                                    0x08002eec   Section        0  gps.o(.text)
    .text                                    0x080031e8   Section        0  lcd.o(.text)
    .text                                    0x080034a4   Section        0  encoder.o(.text)
    .text                                    0x080036a4   Section        0  can_database.o(.text)
    .text                                    0x08003744   Section        0  command.o(.text)
    .text                                    0x08003bbc   Section        0  can.o(.text)
    .text                                    0x08003ef8   Section        0  flash.o(.text)
    .text                                    0x080040d8   Section        0  pwm.o(.text)
    .text                                    0x080041f0   Section        0  mymath.o(.text)
    .text                                    0x08004208   Section        0  ldiv.o(.text)
    .text                                    0x08004262   Section        0  memcpya.o(.text)
    .text                                    0x08004286   Section        0  dadd.o(.text)
    .text                                    0x080043d4   Section        0  dmul.o(.text)
    .text                                    0x080044b8   Section        0  ddiv.o(.text)
    .text                                    0x08004596   Section        0  dflti.o(.text)
    .text                                    0x080045b8   Section        0  dfltui.o(.text)
    .text                                    0x080045d2   Section        0  dfltl.o(.text)
    .text                                    0x080045fa   Section        0  dfixi.o(.text)
    .text                                    0x08004638   Section        0  dfixl.o(.text)
    .text                                    0x08004684   Section       40  cdcmple.o(.text)
    .text                                    0x080046ac   Section       40  cdrcmple.o(.text)
    .text                                    0x080046d4   Section        0  uldiv.o(.text)
    .text                                    0x08004736   Section        0  llshl.o(.text)
    .text                                    0x08004754   Section        0  llushr.o(.text)
    .text                                    0x08004774   Section        0  llsshr.o(.text)
    .text                                    0x08004798   Section        0  iusefp.o(.text)
    .text                                    0x08004798   Section        0  depilogue.o(.text)
    .text                                    0x08004856   Section        0  dscalb.o(.text)
    .text                                    0x08004884   Section       36  init.o(.text)
    .text                                    0x080048a8   Section        0  dsqrt.o(.text)
    .text                                    0x0800494a   Section        0  __dczerorl2.o(.text)
    i.__ARM_fpclassify                       0x080049a6   Section        0  fpclassify.o(i.__ARM_fpclassify)
    i.__ieee754_rem_pio2                     0x080049d0   Section        0  rred.o(i.__ieee754_rem_pio2)
    i.__kernel_cos                           0x08004d58   Section        0  cos_i.o(i.__kernel_cos)
    i.__kernel_poly                          0x08004e54   Section        0  poly.o(i.__kernel_poly)
    i.__kernel_sin                           0x08004f00   Section        0  sin_i.o(i.__kernel_sin)
    i.__mathlib_dbl_underflow                0x08004fec   Section        0  dunder.o(i.__mathlib_dbl_underflow)
    i.__scatterload_copy                     0x08004ffc   Section       14  handlers.o(i.__scatterload_copy)
    i.__scatterload_null                     0x0800500a   Section        2  handlers.o(i.__scatterload_null)
    i.__scatterload_zeroinit                 0x0800500c   Section       14  handlers.o(i.__scatterload_zeroinit)
    i.__set_errno                            0x0800501c   Section        0  errno.o(i.__set_errno)
    i.atan                                   0x08005028   Section        0  atan.o(i.atan)
    i.cos                                    0x0800524c   Section        0  cos.o(i.cos)
    i.pow                                    0x080052f8   Section        0  pow.o(i.pow)
    i.sin                                    0x08005cd8   Section        0  sin.o(i.sin)
    i.sqrt                                   0x08005d88   Section        0  sqrt.o(i.sqrt)
    .constdata                               0x08005dd4   Section       84  lcd.o(.constdata)
    .constdata                               0x08005e28   Section      152  atan.o(.constdata)
    atanhi                                   0x08005e28   Data          32  atan.o(.constdata)
    atanlo                                   0x08005e48   Data          32  atan.o(.constdata)
    aTodd                                    0x08005e68   Data          40  atan.o(.constdata)
    aTeven                                   0x08005e90   Data          48  atan.o(.constdata)
    .constdata                               0x08005ec0   Section      136  pow.o(.constdata)
    bp                                       0x08005ec0   Data          16  pow.o(.constdata)
    dp_h                                     0x08005ed0   Data          16  pow.o(.constdata)
    dp_l                                     0x08005ee0   Data          16  pow.o(.constdata)
    L                                        0x08005ef0   Data          48  pow.o(.constdata)
    P                                        0x08005f20   Data          40  pow.o(.constdata)
    .constdata                               0x08005f48   Section       48  cos_i.o(.constdata)
    C                                        0x08005f48   Data          48  cos_i.o(.constdata)
    .constdata                               0x08005f78   Section        8  qnan.o(.constdata)
    .constdata                               0x08005f80   Section      200  rred.o(.constdata)
    pio2s                                    0x08005f80   Data          48  rred.o(.constdata)
    twooverpi                                0x08005fb0   Data         152  rred.o(.constdata)
    .constdata                               0x08006048   Section       40  sin_i.o(.constdata)
    S                                        0x08006048   Data          40  sin_i.o(.constdata)
    .data                                    0x20000000   Section        2  main.o(.data)
    .data                                    0x20000004   Section       20  system_stm32f10x.o(.data)
    .data                                    0x20000018   Section       20  stm32f10x_rcc.o(.data)
    ADCPrescTable                            0x20000018   Data           4  stm32f10x_rcc.o(.data)
    APBAHBPrescTable                         0x2000001c   Data          16  stm32f10x_rcc.o(.data)
    .data                                    0x20000030   Section       72  gyro.o(.data)
    .data                                    0x20000078   Section        1  gyro.o(.data)
    .data                                    0x2000007c   Section       16  qei.o(.data)
    .data                                    0x2000008c   Section       10  qei.o(.data)
    .data                                    0x20000098   Section        8  systick.o(.data)
    TimingDelay                              0x2000009c   Data           4  systick.o(.data)
    .data                                    0x200000a0   Section       32  usart.o(.data)
    gyro                                     0x200000a0   Data           4  usart.o(.data)
    .data                                    0x200000c0   Section       24  gps.o(.data)
    .data                                    0x200000d8   Section        1  lcd.o(.data)
    .data                                    0x200000e0   Section      144  encoder.o(.data)
    .data                                    0x20000170   Section      760  can_database.o(.data)
    .data                                    0x20000468   Section        1  can_database.o(.data)
    .data                                    0x20000469   Section        1  can_database.o(.data)
    .data                                    0x20000470   Section        8  can_database.o(.data)
    .data                                    0x20000478   Section        8  can_database.o(.data)
    .data                                    0x20000480   Section        8  can_database.o(.data)
    .data                                    0x20000488   Section        8  can_database.o(.data)
    .data                                    0x20000490   Section        8  can_database.o(.data)
    .data                                    0x20000498   Section        8  can_database.o(.data)
    .data                                    0x200004a0   Section        8  can_database.o(.data)
    .data                                    0x200004a8   Section        8  can_database.o(.data)
    .data                                    0x200004b0   Section        8  can_database.o(.data)
    .data                                    0x200004b8   Section        8  can_database.o(.data)
    .data                                    0x200004c0   Section        8  can_database.o(.data)
    .data                                    0x200004c8   Section        8  can_database.o(.data)
    .data                                    0x200004d0   Section        8  can_database.o(.data)
    .data                                    0x200004d8   Section        8  can_database.o(.data)
    .data                                    0x200004e0   Section        8  can_database.o(.data)
    .data                                    0x200004e8   Section        8  can_database.o(.data)
    .data                                    0x200004f0   Section        8  can_database.o(.data)
    .data                                    0x200004f8   Section        8  can_database.o(.data)
    .data                                    0x20000500   Section        8  can_database.o(.data)
    .data                                    0x20000508   Section        8  can_database.o(.data)
    .data                                    0x20000510   Section        8  can_database.o(.data)
    .data                                    0x20000518   Section        8  can_database.o(.data)
    .data                                    0x20000520   Section        8  can_database.o(.data)
    .data                                    0x20000528   Section        6  command.o(.data)
    s_gi                                     0x2000052b   Data           1  command.o(.data)
    s_el                                     0x2000052c   Data           1  command.o(.data)
    s_er                                     0x2000052d   Data           1  command.o(.data)
    .data                                    0x20000530   Section        8  can.o(.data)
    i                                        0x20000534   Data           4  can.o(.data)
    .data                                    0x20000538   Section       12  pwm.o(.data)
    .data                                    0x20000544   Section        4  errno.o(.data)
    _errno                                   0x20000544   Data           4  errno.o(.data)
    .bss                                     0x20000548   Section      208  gps.o(.bss)
    .bss                                     0x20000618   Section      160  lcd.o(.bss)
    .bss                                     0x200006b8   Section       64  encoder.o(.bss)
    .bss                                     0x200006f8   Section       88  flash.o(.bss)
    .bss                                     0x20000750   Section       26  pwm.o(.bss)
    STACK                                    0x20000770   Section     1024  startup_stm32f10x_hd.o(STACK)

    Global Symbols

    Symbol Name                              Value     Ov Type        Size  Object(Section)

    BuildAttributes$$THM_ISAv4$P$D$K$B$S$PE$A:L22UL41UL21$X:L11$S22US41US21$IEEE1$IW$USESV6$~STKCKD$USESV7$~SHL$OTIME$ROPI$IEEEX$EBA8$MICROLIB$REQ8$PRES8$EABIv2 0x00000000   Number         0  anon$$obj.o ABSOLUTE
    __ARM_use_no_argv                        0x00000000   Number         0  main.o ABSOLUTE
    __cpp_initialize__aeabi_                  - Undefined Weak Reference
    __cxa_finalize                            - Undefined Weak Reference
    _clock_init                               - Undefined Weak Reference
    _microlib_exit                            - Undefined Weak Reference
    __Vectors_Size                           0x00000130   Number         0  startup_stm32f10x_hd.o ABSOLUTE
    __Vectors                                0x08000000   Data           4  startup_stm32f10x_hd.o(RESET)
    __Vectors_End                            0x08000130   Data           0  startup_stm32f10x_hd.o(RESET)
    __main                                   0x08000131   Thumb Code     0  entry.o(.ARM.Collect$$$$00000000)
    _main_stk                                0x08000131   Thumb Code     0  entry2.o(.ARM.Collect$$$$00000001)
    _main_scatterload                        0x08000135   Thumb Code     0  entry5.o(.ARM.Collect$$$$00000004)
    __main_after_scatterload                 0x08000139   Thumb Code     0  entry5.o(.ARM.Collect$$$$00000004)
    _main_clock                              0x08000139   Thumb Code     0  entry7b.o(.ARM.Collect$$$$00000008)
    _main_cpp_init                           0x08000139   Thumb Code     0  entry8b.o(.ARM.Collect$$$$0000000A)
    _main_init                               0x08000139   Thumb Code     0  entry9a.o(.ARM.Collect$$$$0000000B)
    __rt_final_cpp                           0x08000141   Thumb Code     0  entry10a.o(.ARM.Collect$$$$0000000D)
    __rt_final_exit                          0x08000141   Thumb Code     0  entry11a.o(.ARM.Collect$$$$0000000F)
    main                                     0x08000145   Thumb Code   172  main.o(.text)
    NMI_Handler                              0x08000205   Thumb Code     2  stm32f10x_it.o(.text)
    HardFault_Handler                        0x08000207   Thumb Code     2  stm32f10x_it.o(.text)
    MemManage_Handler                        0x08000209   Thumb Code     2  stm32f10x_it.o(.text)
    BusFault_Handler                         0x0800020b   Thumb Code     2  stm32f10x_it.o(.text)
    UsageFault_Handler                       0x0800020d   Thumb Code     2  stm32f10x_it.o(.text)
    SVC_Handler                              0x0800020f   Thumb Code     2  stm32f10x_it.o(.text)
    DebugMon_Handler                         0x08000211   Thumb Code     2  stm32f10x_it.o(.text)
    PendSV_Handler                           0x08000213   Thumb Code     2  stm32f10x_it.o(.text)
    SystemInit                               0x080002b5   Thumb Code    64  system_stm32f10x.o(.text)
    SystemCoreClockUpdate                    0x080002f5   Thumb Code    86  system_stm32f10x.o(.text)
    GPIO_DeInit                              0x0800036d   Thumb Code   152  stm32f10x_gpio.o(.text)
    GPIO_AFIODeInit                          0x08000405   Thumb Code    22  stm32f10x_gpio.o(.text)
    GPIO_Init                                0x0800041b   Thumb Code   152  stm32f10x_gpio.o(.text)
    GPIO_StructInit                          0x080004b3   Thumb Code    16  stm32f10x_gpio.o(.text)
    GPIO_ReadInputDataBit                    0x080004c3   Thumb Code    14  stm32f10x_gpio.o(.text)
    GPIO_ReadInputData                       0x080004d1   Thumb Code     6  stm32f10x_gpio.o(.text)
    GPIO_ReadOutputDataBit                   0x080004d7   Thumb Code    14  stm32f10x_gpio.o(.text)
    GPIO_ReadOutputData                      0x080004e5   Thumb Code     6  stm32f10x_gpio.o(.text)
    GPIO_SetBits                             0x080004eb   Thumb Code     4  stm32f10x_gpio.o(.text)
    GPIO_ResetBits                           0x080004ef   Thumb Code     4  stm32f10x_gpio.o(.text)
    GPIO_WriteBit                            0x080004f3   Thumb Code    10  stm32f10x_gpio.o(.text)
    GPIO_Write                               0x080004fd   Thumb Code     4  stm32f10x_gpio.o(.text)
    GPIO_PinLockConfig                       0x08000501   Thumb Code    16  stm32f10x_gpio.o(.text)
    GPIO_EventOutputConfig                   0x08000511   Thumb Code    22  stm32f10x_gpio.o(.text)
    GPIO_EventOutputCmd                      0x08000527   Thumb Code     6  stm32f10x_gpio.o(.text)
    GPIO_PinRemapConfig                      0x0800052d   Thumb Code    82  stm32f10x_gpio.o(.text)
    GPIO_EXTILineConfig                      0x0800057f   Thumb Code    34  stm32f10x_gpio.o(.text)
    GPIO_ETH_MediaInterfaceConfig            0x080005a1   Thumb Code     8  stm32f10x_gpio.o(.text)
    RCC_DeInit                               0x080005cd   Thumb Code    50  stm32f10x_rcc.o(.text)
    RCC_HSEConfig                            0x080005ff   Thumb Code    48  stm32f10x_rcc.o(.text)
    RCC_GetFlagStatus                        0x0800062f   Thumb Code    42  stm32f10x_rcc.o(.text)
    RCC_WaitForHSEStartUp                    0x08000659   Thumb Code    44  stm32f10x_rcc.o(.text)
    RCC_AdjustHSICalibrationValue            0x08000685   Thumb Code    16  stm32f10x_rcc.o(.text)
    RCC_HSICmd                               0x08000695   Thumb Code     6  stm32f10x_rcc.o(.text)
    RCC_PLLConfig                            0x0800069b   Thumb Code    16  stm32f10x_rcc.o(.text)
    RCC_PLLCmd                               0x080006ab   Thumb Code     6  stm32f10x_rcc.o(.text)
    RCC_SYSCLKConfig                         0x080006b1   Thumb Code    14  stm32f10x_rcc.o(.text)
    RCC_GetSYSCLKSource                      0x080006bf   Thumb Code    10  stm32f10x_rcc.o(.text)
    RCC_HCLKConfig                           0x080006c9   Thumb Code    14  stm32f10x_rcc.o(.text)
    RCC_PCLK1Config                          0x080006d7   Thumb Code    14  stm32f10x_rcc.o(.text)
    RCC_PCLK2Config                          0x080006e5   Thumb Code    16  stm32f10x_rcc.o(.text)
    RCC_ITConfig                             0x080006f5   Thumb Code    18  stm32f10x_rcc.o(.text)
    RCC_USBCLKConfig                         0x08000707   Thumb Code     8  stm32f10x_rcc.o(.text)
    RCC_ADCCLKConfig                         0x0800070f   Thumb Code    14  stm32f10x_rcc.o(.text)
    RCC_LSEConfig                            0x0800071d   Thumb Code    28  stm32f10x_rcc.o(.text)
    RCC_LSICmd                               0x08000739   Thumb Code     6  stm32f10x_rcc.o(.text)
    RCC_RTCCLKConfig                         0x0800073f   Thumb Code    10  stm32f10x_rcc.o(.text)
    RCC_RTCCLKCmd                            0x08000749   Thumb Code     8  stm32f10x_rcc.o(.text)
    RCC_GetClocksFreq                        0x08000751   Thumb Code   132  stm32f10x_rcc.o(.text)
    RCC_AHBPeriphClockCmd                    0x080007d5   Thumb Code    18  stm32f10x_rcc.o(.text)
    RCC_APB2PeriphClockCmd                   0x080007e7   Thumb Code    18  stm32f10x_rcc.o(.text)
    RCC_APB1PeriphClockCmd                   0x080007f9   Thumb Code    18  stm32f10x_rcc.o(.text)
    RCC_APB2PeriphResetCmd                   0x0800080b   Thumb Code    18  stm32f10x_rcc.o(.text)
    RCC_APB1PeriphResetCmd                   0x0800081d   Thumb Code    18  stm32f10x_rcc.o(.text)
    RCC_BackupResetCmd                       0x0800082f   Thumb Code     8  stm32f10x_rcc.o(.text)
    RCC_ClockSecuritySystemCmd               0x08000837   Thumb Code     6  stm32f10x_rcc.o(.text)
    RCC_MCOConfig                            0x0800083d   Thumb Code     6  stm32f10x_rcc.o(.text)
    RCC_ClearFlag                            0x08000843   Thumb Code    12  stm32f10x_rcc.o(.text)
    RCC_GetITStatus                          0x0800084f   Thumb Code    16  stm32f10x_rcc.o(.text)
    RCC_ClearITPendingBit                    0x0800085f   Thumb Code     6  stm32f10x_rcc.o(.text)
    USART_DeInit                             0x08000885   Thumb Code    96  stm32f10x_usart.o(.text)
    USART_Init                               0x080008e5   Thumb Code   176  stm32f10x_usart.o(.text)
    USART_StructInit                         0x08000995   Thumb Code    22  stm32f10x_usart.o(.text)
    USART_ClockInit                          0x080009ab   Thumb Code    30  stm32f10x_usart.o(.text)
    USART_ClockStructInit                    0x080009c9   Thumb Code    12  stm32f10x_usart.o(.text)
    USART_Cmd                                0x080009d5   Thumb Code    20  stm32f10x_usart.o(.text)
    USART_ITConfig                           0x080009e9   Thumb Code    48  stm32f10x_usart.o(.text)
    USART_DMACmd                             0x08000a19   Thumb Code    16  stm32f10x_usart.o(.text)
    USART_SetAddress                         0x08000a29   Thumb Code    16  stm32f10x_usart.o(.text)
    USART_WakeUpConfig                       0x08000a39   Thumb Code    16  stm32f10x_usart.o(.text)
    USART_ReceiverWakeUpCmd                  0x08000a49   Thumb Code    20  stm32f10x_usart.o(.text)
    USART_LINBreakDetectLengthConfig         0x08000a5d   Thumb Code    16  stm32f10x_usart.o(.text)
    USART_LINCmd                             0x08000a6d   Thumb Code    20  stm32f10x_usart.o(.text)
    USART_SendData                           0x08000a81   Thumb Code     8  stm32f10x_usart.o(.text)
    USART_ReceiveData                        0x08000a89   Thumb Code     8  stm32f10x_usart.o(.text)
    USART_SendBreak                          0x08000a91   Thumb Code    10  stm32f10x_usart.o(.text)
    USART_SetGuardTime                       0x08000a9b   Thumb Code    16  stm32f10x_usart.o(.text)
    USART_SetPrescaler                       0x08000aab   Thumb Code    16  stm32f10x_usart.o(.text)
    USART_SmartCardCmd                       0x08000abb   Thumb Code    20  stm32f10x_usart.o(.text)
    USART_SmartCardNACKCmd                   0x08000acf   Thumb Code    20  stm32f10x_usart.o(.text)
    USART_HalfDuplexCmd                      0x08000ae3   Thumb Code    20  stm32f10x_usart.o(.text)
    USART_OverSampling8Cmd                   0x08000af7   Thumb Code    20  stm32f10x_usart.o(.text)
    USART_OneBitMethodCmd                    0x08000b0b   Thumb Code    20  stm32f10x_usart.o(.text)
    USART_IrDAConfig                         0x08000b1f   Thumb Code    16  stm32f10x_usart.o(.text)
    USART_IrDACmd                            0x08000b2f   Thumb Code    20  stm32f10x_usart.o(.text)
    USART_GetFlagStatus                      0x08000b43   Thumb Code    14  stm32f10x_usart.o(.text)
    USART_ClearFlag                          0x08000b51   Thumb Code     6  stm32f10x_usart.o(.text)
    USART_GetITStatus                        0x08000b57   Thumb Code    62  stm32f10x_usart.o(.text)
    USART_ClearITPendingBit                  0x08000b95   Thumb Code    12  stm32f10x_usart.o(.text)
    FLASH_SetLatency                         0x08000bb5   Thumb Code    14  stm32f10x_flash.o(.text)
    FLASH_HalfCycleAccessCmd                 0x08000bc3   Thumb Code    18  stm32f10x_flash.o(.text)
    FLASH_PrefetchBufferCmd                  0x08000bd5   Thumb Code    18  stm32f10x_flash.o(.text)
    FLASH_Unlock                             0x08000be7   Thumb Code    12  stm32f10x_flash.o(.text)
    FLASH_UnlockBank1                        0x08000bf3   Thumb Code    12  stm32f10x_flash.o(.text)
    FLASH_Lock                               0x08000bff   Thumb Code    12  stm32f10x_flash.o(.text)
    FLASH_LockBank1                          0x08000c0b   Thumb Code    12  stm32f10x_flash.o(.text)
    FLASH_GetBank1Status                     0x08000c17   Thumb Code    34  stm32f10x_flash.o(.text)
    FLASH_WaitForLastOperation               0x08000c39   Thumb Code    34  stm32f10x_flash.o(.text)
    FLASH_ErasePage                          0x08000c5b   Thumb Code    56  stm32f10x_flash.o(.text)
    FLASH_EraseAllPages                      0x08000c93   Thumb Code    52  stm32f10x_flash.o(.text)
    FLASH_WaitForLastBank1Operation          0x08000cc7   Thumb Code    34  stm32f10x_flash.o(.text)
    FLASH_EraseAllBank1Pages                 0x08000ce9   Thumb Code    52  stm32f10x_flash.o(.text)
    FLASH_GetReadOutProtectionStatus         0x08000d1d   Thumb Code    14  stm32f10x_flash.o(.text)
    FLASH_EraseOptionBytes                   0x08000d2b   Thumb Code   108  stm32f10x_flash.o(.text)
    FLASH_ProgramWord                        0x08000d97   Thumb Code    72  stm32f10x_flash.o(.text)
    FLASH_ProgramHalfWord                    0x08000ddf   Thumb Code    48  stm32f10x_flash.o(.text)
    FLASH_ProgramOptionByteData              0x08000e0f   Thumb Code    62  stm32f10x_flash.o(.text)
    FLASH_EnableWriteProtection              0x08000e4d   Thumb Code   158  stm32f10x_flash.o(.text)
    FLASH_ReadOutProtection                  0x08000eeb   Thumb Code   118  stm32f10x_flash.o(.text)
    FLASH_UserOptionByteConfig               0x08000f61   Thumb Code    92  stm32f10x_flash.o(.text)
    FLASH_GetUserOptionByte                  0x08000fbd   Thumb Code     8  stm32f10x_flash.o(.text)
    FLASH_GetWriteProtectionOptionByte       0x08000fc5   Thumb Code     6  stm32f10x_flash.o(.text)
    FLASH_GetPrefetchBufferStatus            0x08000fcb   Thumb Code    14  stm32f10x_flash.o(.text)
    FLASH_ITConfig                           0x08000fd9   Thumb Code    18  stm32f10x_flash.o(.text)
    FLASH_GetFlagStatus                      0x08000feb   Thumb Code    28  stm32f10x_flash.o(.text)
    FLASH_ClearFlag                          0x08001007   Thumb Code     6  stm32f10x_flash.o(.text)
    FLASH_GetStatus                          0x0800100d   Thumb Code    34  stm32f10x_flash.o(.text)
    NVIC_PriorityGroupConfig                 0x08001035   Thumb Code    10  misc.o(.text)
    NVIC_Init                                0x0800103f   Thumb Code    90  misc.o(.text)
    NVIC_SetVectorTable                      0x08001099   Thumb Code    14  misc.o(.text)
    NVIC_SystemLPConfig                      0x080010a7   Thumb Code    20  misc.o(.text)
    SysTick_CLKSourceConfig                  0x080010bb   Thumb Code    24  misc.o(.text)
    CAN_DeInit                               0x080010e5   Thumb Code    38  stm32f10x_can.o(.text)
    CAN_Init                                 0x0800110b   Thumb Code   232  stm32f10x_can.o(.text)
    CAN_FilterInit                           0x080011f3   Thumb Code   190  stm32f10x_can.o(.text)
    CAN_StructInit                           0x080012b1   Thumb Code    32  stm32f10x_can.o(.text)
    CAN_SlaveStartBank                       0x080012d1   Thumb Code    38  stm32f10x_can.o(.text)
    CAN_DBGFreeze                            0x080012f7   Thumb Code    20  stm32f10x_can.o(.text)
    CAN_TTComModeCmd                         0x0800130b   Thumb Code    90  stm32f10x_can.o(.text)
    CAN_Transmit                             0x08001365   Thumb Code   152  stm32f10x_can.o(.text)
    CAN_TransmitStatus                       0x080013fd   Thumb Code    88  stm32f10x_can.o(.text)
    CAN_CancelTransmit                       0x08001455   Thumb Code    36  stm32f10x_can.o(.text)
    CAN_Receive                              0x08001479   Thumb Code   156  stm32f10x_can.o(.text)
    CAN_FIFORelease                          0x08001515   Thumb Code    22  stm32f10x_can.o(.text)
    CAN_MessagePending                       0x0800152b   Thumb Code    22  stm32f10x_can.o(.text)
    CAN_OperatingModeRequest                 0x08001541   Thumb Code   140  stm32f10x_can.o(.text)
    CAN_Sleep                                0x080015cd   Thumb Code    30  stm32f10x_can.o(.text)
    CAN_WakeUp                               0x080015eb   Thumb Code    42  stm32f10x_can.o(.text)
    CAN_GetLastErrorCode                     0x08001615   Thumb Code    10  stm32f10x_can.o(.text)
    CAN_GetReceiveErrorCounter               0x0800161f   Thumb Code     6  stm32f10x_can.o(.text)
    CAN_GetLSBTransmitErrorCounter           0x08001625   Thumb Code     8  stm32f10x_can.o(.text)
    CAN_ITConfig                             0x0800162d   Thumb Code    16  stm32f10x_can.o(.text)
    CAN_GetFlagStatus                        0x0800163d   Thumb Code    52  stm32f10x_can.o(.text)
    CAN_ClearFlag                            0x08001671   Thumb Code    44  stm32f10x_can.o(.text)
    CAN_GetITStatus                          0x0800169d   Thumb Code   162  stm32f10x_can.o(.text)
    CAN_ClearITPendingBit                    0x0800173f   Thumb Code   116  stm32f10x_can.o(.text)
    TIM_DeInit                               0x080017c9   Thumb Code   304  stm32f10x_tim.o(.text)
    TIM_TimeBaseInit                         0x080018f9   Thumb Code   114  stm32f10x_tim.o(.text)
    TIM_OC1Init                              0x0800196b   Thumb Code   106  stm32f10x_tim.o(.text)
    TIM_OC2Init                              0x080019d5   Thumb Code   120  stm32f10x_tim.o(.text)
    TIM_OC3Init                              0x08001a4d   Thumb Code   116  stm32f10x_tim.o(.text)
    TIM_OC4Init                              0x08001ac1   Thumb Code    90  stm32f10x_tim.o(.text)
    TIM_SetIC4Prescaler                      0x08001b1b   Thumb Code    24  stm32f10x_tim.o(.text)
    TIM_SetIC3Prescaler                      0x08001b33   Thumb Code    16  stm32f10x_tim.o(.text)
    TIM_SetIC2Prescaler                      0x08001b43   Thumb Code    24  stm32f10x_tim.o(.text)
    TIM_SetIC1Prescaler                      0x08001c01   Thumb Code    16  stm32f10x_tim.o(.text)
    TIM_ICInit                               0x08001c69   Thumb Code   270  stm32f10x_tim.o(.text)
    TIM_PWMIConfig                           0x08001d77   Thumb Code   104  stm32f10x_tim.o(.text)
    TIM_BDTRConfig                           0x08001ddf   Thumb Code    34  stm32f10x_tim.o(.text)
    TIM_TimeBaseStructInit                   0x08001e01   Thumb Code    18  stm32f10x_tim.o(.text)
    TIM_OCStructInit                         0x08001e13   Thumb Code    20  stm32f10x_tim.o(.text)
    TIM_ICStructInit                         0x08001e27   Thumb Code    16  stm32f10x_tim.o(.text)
    TIM_BDTRStructInit                       0x08001e37   Thumb Code    18  stm32f10x_tim.o(.text)
    TIM_Cmd                                  0x08001e49   Thumb Code    20  stm32f10x_tim.o(.text)
    TIM_CtrlPWMOutputs                       0x08001e5d   Thumb Code    22  stm32f10x_tim.o(.text)
    TIM_ITConfig                             0x08001e73   Thumb Code    16  stm32f10x_tim.o(.text)
    TIM_GenerateEvent                        0x08001e83   Thumb Code     4  stm32f10x_tim.o(.text)
    TIM_DMAConfig                            0x08001e87   Thumb Code     8  stm32f10x_tim.o(.text)
    TIM_DMACmd                               0x08001e8f   Thumb Code    16  stm32f10x_tim.o(.text)
    TIM_InternalClockConfig                  0x08001e9f   Thumb Code    10  stm32f10x_tim.o(.text)
    TIM_SelectInputTrigger                   0x08001ea9   Thumb Code    12  stm32f10x_tim.o(.text)
    TIM_ITRxExternalClockConfig              0x08001eb5   Thumb Code    18  stm32f10x_tim.o(.text)
    TIM_TIxExternalClockConfig               0x08001ec7   Thumb Code    46  stm32f10x_tim.o(.text)
    TIM_ETRConfig                            0x08001ef5   Thumb Code    24  stm32f10x_tim.o(.text)
    TIM_ETRClockMode1Config                  0x08001f0d   Thumb Code    18  stm32f10x_tim.o(.text)
    TIM_ETRClockMode2Config                  0x08001f1f   Thumb Code    18  stm32f10x_tim.o(.text)
    TIM_PrescalerConfig                      0x08001f31   Thumb Code     6  stm32f10x_tim.o(.text)
    TIM_CounterModeConfig                    0x08001f37   Thumb Code    12  stm32f10x_tim.o(.text)
    TIM_EncoderInterfaceConfig               0x08001f43   Thumb Code    50  stm32f10x_tim.o(.text)
    TIM_ForcedOC1Config                      0x08001f75   Thumb Code    12  stm32f10x_tim.o(.text)
    TIM_ForcedOC2Config                      0x08001f81   Thumb Code    20  stm32f10x_tim.o(.text)
    TIM_ForcedOC3Config                      0x08001f95   Thumb Code    12  stm32f10x_tim.o(.text)
    TIM_ForcedOC4Config                      0x08001fa1   Thumb Code    20  stm32f10x_tim.o(.text)
    TIM_ARRPreloadConfig                     0x08001fb5   Thumb Code    20  stm32f10x_tim.o(.text)
    TIM_SelectCOM                            0x08001fc9   Thumb Code    20  stm32f10x_tim.o(.text)
    TIM_SelectCCDMA                          0x08001fdd   Thumb Code    20  stm32f10x_tim.o(.text)
    TIM_CCPreloadControl                     0x08001ff1   Thumb Code    20  stm32f10x_tim.o(.text)
    TIM_OC1PreloadConfig                     0x08002005   Thumb Code    32  stm32f10x_tim.o(.text)
    TIM_OC2PreloadConfig                     0x08002025   Thumb Code    20  stm32f10x_tim.o(.text)
    TIM_OC3PreloadConfig                     0x08002039   Thumb Code    12  stm32f10x_tim.o(.text)
    TIM_OC4PreloadConfig                     0x08002045   Thumb Code    20  stm32f10x_tim.o(.text)
    TIM_OC1FastConfig                        0x08002059   Thumb Code    12  stm32f10x_tim.o(.text)
    TIM_OC2FastConfig                        0x08002065   Thumb Code    20  stm32f10x_tim.o(.text)
    TIM_OC3FastConfig                        0x08002079   Thumb Code    12  stm32f10x_tim.o(.text)
    TIM_OC4FastConfig                        0x08002085   Thumb Code    20  stm32f10x_tim.o(.text)
    TIM_ClearOC1Ref                          0x08002099   Thumb Code    12  stm32f10x_tim.o(.text)
    TIM_ClearOC2Ref                          0x080020a5   Thumb Code    20  stm32f10x_tim.o(.text)
    TIM_ClearOC3Ref                          0x080020b9   Thumb Code    12  stm32f10x_tim.o(.text)
    TIM_ClearOC4Ref                          0x080020c5   Thumb Code    20  stm32f10x_tim.o(.text)
    TIM_OC1PolarityConfig                    0x080020d9   Thumb Code    12  stm32f10x_tim.o(.text)
    TIM_OC1NPolarityConfig                   0x080020e5   Thumb Code    12  stm32f10x_tim.o(.text)
    TIM_OC2PolarityConfig                    0x080020f1   Thumb Code    20  stm32f10x_tim.o(.text)
    TIM_OC2NPolarityConfig                   0x08002105   Thumb Code    20  stm32f10x_tim.o(.text)
    TIM_OC3PolarityConfig                    0x08002119   Thumb Code    20  stm32f10x_tim.o(.text)
    TIM_OC3NPolarityConfig                   0x0800212d   Thumb Code    20  stm32f10x_tim.o(.text)
    TIM_OC4PolarityConfig                    0x08002141   Thumb Code    20  stm32f10x_tim.o(.text)
    TIM_CCxCmd                               0x08002155   Thumb Code    22  stm32f10x_tim.o(.text)
    TIM_CCxNCmd                              0x0800216b   Thumb Code    22  stm32f10x_tim.o(.text)
    TIM_SelectOCxM                           0x08002181   Thumb Code    70  stm32f10x_tim.o(.text)
    TIM_UpdateDisableConfig                  0x080021c7   Thumb Code    20  stm32f10x_tim.o(.text)
    TIM_UpdateRequestConfig                  0x080021db   Thumb Code    20  stm32f10x_tim.o(.text)
    TIM_SelectHallSensor                     0x080021ef   Thumb Code    20  stm32f10x_tim.o(.text)
    TIM_SelectOnePulseMode                   0x08002203   Thumb Code    16  stm32f10x_tim.o(.text)
    TIM_SelectOutputTrigger                  0x08002213   Thumb Code    16  stm32f10x_tim.o(.text)
    TIM_SelectSlaveMode                      0x08002223   Thumb Code    16  stm32f10x_tim.o(.text)
    TIM_SelectMasterSlaveMode                0x08002233   Thumb Code    16  stm32f10x_tim.o(.text)
    TIM_SetCounter                           0x08002243   Thumb Code     4  stm32f10x_tim.o(.text)
    TIM_SetAutoreload                        0x08002247   Thumb Code     4  stm32f10x_tim.o(.text)
    TIM_SetCompare1                          0x0800224b   Thumb Code     4  stm32f10x_tim.o(.text)
    TIM_SetCompare2                          0x0800224f   Thumb Code     4  stm32f10x_tim.o(.text)
    TIM_SetCompare3                          0x08002253   Thumb Code     4  stm32f10x_tim.o(.text)
    TIM_SetCompare4                          0x08002257   Thumb Code     6  stm32f10x_tim.o(.text)
    TIM_SetClockDivision                     0x0800225d   Thumb Code    16  stm32f10x_tim.o(.text)
    TIM_GetCapture1                          0x0800226d   Thumb Code     4  stm32f10x_tim.o(.text)
    TIM_GetCapture2                          0x08002271   Thumb Code     4  stm32f10x_tim.o(.text)
    TIM_GetCapture3                          0x08002275   Thumb Code     4  stm32f10x_tim.o(.text)
    TIM_GetCapture4                          0x08002279   Thumb Code     6  stm32f10x_tim.o(.text)
    TIM_GetCounter                           0x0800227f   Thumb Code     4  stm32f10x_tim.o(.text)
    TIM_GetPrescaler                         0x08002283   Thumb Code     4  stm32f10x_tim.o(.text)
    TIM_GetFlagStatus                        0x08002287   Thumb Code    14  stm32f10x_tim.o(.text)
    TIM_ClearFlag                            0x08002295   Thumb Code     6  stm32f10x_tim.o(.text)
    TIM_GetITStatus                          0x0800229b   Thumb Code    24  stm32f10x_tim.o(.text)
    TIM_ClearITPendingBit                    0x080022b3   Thumb Code     6  stm32f10x_tim.o(.text)
    DMA_DeInit                               0x080022b9   Thumb Code   218  stm32f10x_dma.o(.text)
    DMA_Init                                 0x08002393   Thumb Code    58  stm32f10x_dma.o(.text)
    DMA_StructInit                           0x080023cd   Thumb Code    26  stm32f10x_dma.o(.text)
    DMA_Cmd                                  0x080023e7   Thumb Code    22  stm32f10x_dma.o(.text)
    DMA_ITConfig                             0x080023fd   Thumb Code    16  stm32f10x_dma.o(.text)
    DMA_SetCurrDataCounter                   0x0800240d   Thumb Code     4  stm32f10x_dma.o(.text)
    DMA_GetCurrDataCounter                   0x08002411   Thumb Code     6  stm32f10x_dma.o(.text)
    DMA_GetFlagStatus                        0x08002417   Thumb Code    28  stm32f10x_dma.o(.text)
    DMA_ClearFlag                            0x08002433   Thumb Code    20  stm32f10x_dma.o(.text)
    DMA_GetITStatus                          0x08002447   Thumb Code    28  stm32f10x_dma.o(.text)
    DMA_ClearITPendingBit                    0x08002463   Thumb Code    20  stm32f10x_dma.o(.text)
    Reset_Handler                            0x08002481   Thumb Code     8  startup_stm32f10x_hd.o(.text)
    ADC1_2_IRQHandler                        0x0800249b   Thumb Code     0  startup_stm32f10x_hd.o(.text)
    ADC3_IRQHandler                          0x0800249b   Thumb Code     0  startup_stm32f10x_hd.o(.text)
    CAN1_SCE_IRQHandler                      0x0800249b   Thumb Code     0  startup_stm32f10x_hd.o(.text)
    DMA1_Channel1_IRQHandler                 0x0800249b   Thumb Code     0  startup_stm32f10x_hd.o(.text)
    DMA1_Channel2_IRQHandler                 0x0800249b   Thumb Code     0  startup_stm32f10x_hd.o(.text)
    DMA1_Channel3_IRQHandler                 0x0800249b   Thumb Code     0  startup_stm32f10x_hd.o(.text)
    DMA1_Channel4_IRQHandler                 0x0800249b   Thumb Code     0  startup_stm32f10x_hd.o(.text)
    DMA1_Channel6_IRQHandler                 0x0800249b   Thumb Code     0  startup_stm32f10x_hd.o(.text)
    DMA1_Channel7_IRQHandler                 0x0800249b   Thumb Code     0  startup_stm32f10x_hd.o(.text)
    DMA2_Channel1_IRQHandler                 0x0800249b   Thumb Code     0  startup_stm32f10x_hd.o(.text)
    DMA2_Channel2_IRQHandler                 0x0800249b   Thumb Code     0  startup_stm32f10x_hd.o(.text)
    DMA2_Channel3_IRQHandler                 0x0800249b   Thumb Code     0  startup_stm32f10x_hd.o(.text)
    DMA2_Channel4_5_IRQHandler               0x0800249b   Thumb Code     0  startup_stm32f10x_hd.o(.text)
    EXTI0_IRQHandler                         0x0800249b   Thumb Code     0  startup_stm32f10x_hd.o(.text)
    EXTI15_10_IRQHandler                     0x0800249b   Thumb Code     0  startup_stm32f10x_hd.o(.text)
    EXTI1_IRQHandler                         0x0800249b   Thumb Code     0  startup_stm32f10x_hd.o(.text)
    EXTI2_IRQHandler                         0x0800249b   Thumb Code     0  startup_stm32f10x_hd.o(.text)
    EXTI3_IRQHandler                         0x0800249b   Thumb Code     0  startup_stm32f10x_hd.o(.text)
    EXTI4_IRQHandler                         0x0800249b   Thumb Code     0  startup_stm32f10x_hd.o(.text)
    EXTI9_5_IRQHandler                       0x0800249b   Thumb Code     0  startup_stm32f10x_hd.o(.text)
    FLASH_IRQHandler                         0x0800249b   Thumb Code     0  startup_stm32f10x_hd.o(.text)
    FSMC_IRQHandler                          0x0800249b   Thumb Code     0  startup_stm32f10x_hd.o(.text)
    I2C1_ER_IRQHandler                       0x0800249b   Thumb Code     0  startup_stm32f10x_hd.o(.text)
    I2C1_EV_IRQHandler                       0x0800249b   Thumb Code     0  startup_stm32f10x_hd.o(.text)
    I2C2_ER_IRQHandler                       0x0800249b   Thumb Code     0  startup_stm32f10x_hd.o(.text)
    I2C2_EV_IRQHandler                       0x0800249b   Thumb Code     0  startup_stm32f10x_hd.o(.text)
    PVD_IRQHandler                           0x0800249b   Thumb Code     0  startup_stm32f10x_hd.o(.text)
    RCC_IRQHandler                           0x0800249b   Thumb Code     0  startup_stm32f10x_hd.o(.text)
    RTCAlarm_IRQHandler                      0x0800249b   Thumb Code     0  startup_stm32f10x_hd.o(.text)
    RTC_IRQHandler                           0x0800249b   Thumb Code     0  startup_stm32f10x_hd.o(.text)
    SDIO_IRQHandler                          0x0800249b   Thumb Code     0  startup_stm32f10x_hd.o(.text)
    SPI1_IRQHandler                          0x0800249b   Thumb Code     0  startup_stm32f10x_hd.o(.text)
    SPI2_IRQHandler                          0x0800249b   Thumb Code     0  startup_stm32f10x_hd.o(.text)
    SPI3_IRQHandler                          0x0800249b   Thumb Code     0  startup_stm32f10x_hd.o(.text)
    TAMPER_IRQHandler                        0x0800249b   Thumb Code     0  startup_stm32f10x_hd.o(.text)
    TIM1_BRK_IRQHandler                      0x0800249b   Thumb Code     0  startup_stm32f10x_hd.o(.text)
    TIM1_CC_IRQHandler                       0x0800249b   Thumb Code     0  startup_stm32f10x_hd.o(.text)
    TIM1_TRG_COM_IRQHandler                  0x0800249b   Thumb Code     0  startup_stm32f10x_hd.o(.text)
    TIM1_UP_IRQHandler                       0x0800249b   Thumb Code     0  startup_stm32f10x_hd.o(.text)
    TIM5_IRQHandler                          0x0800249b   Thumb Code     0  startup_stm32f10x_hd.o(.text)
    TIM6_IRQHandler                          0x0800249b   Thumb Code     0  startup_stm32f10x_hd.o(.text)
    TIM7_IRQHandler                          0x0800249b   Thumb Code     0  startup_stm32f10x_hd.o(.text)
    TIM8_BRK_IRQHandler                      0x0800249b   Thumb Code     0  startup_stm32f10x_hd.o(.text)
    TIM8_CC_IRQHandler                       0x0800249b   Thumb Code     0  startup_stm32f10x_hd.o(.text)
    TIM8_TRG_COM_IRQHandler                  0x0800249b   Thumb Code     0  startup_stm32f10x_hd.o(.text)
    UART4_IRQHandler                         0x0800249b   Thumb Code     0  startup_stm32f10x_hd.o(.text)
    UART5_IRQHandler                         0x0800249b   Thumb Code     0  startup_stm32f10x_hd.o(.text)
    USART1_IRQHandler                        0x0800249b   Thumb Code     0  startup_stm32f10x_hd.o(.text)
    USART2_IRQHandler                        0x0800249b   Thumb Code     0  startup_stm32f10x_hd.o(.text)
    USART3_IRQHandler                        0x0800249b   Thumb Code     0  startup_stm32f10x_hd.o(.text)
    USBWakeUp_IRQHandler                     0x0800249b   Thumb Code     0  startup_stm32f10x_hd.o(.text)
    USB_HP_CAN1_TX_IRQHandler                0x0800249b   Thumb Code     0  startup_stm32f10x_hd.o(.text)
    WWDG_IRQHandler                          0x0800249b   Thumb Code     0  startup_stm32f10x_hd.o(.text)
    Gyro_Update                              0x080024a5   Thumb Code   210  gyro.o(.text)
    Gyro_Clear                               0x08002577   Thumb Code    18  gyro.o(.text)
    Gyro_CheckFloat                          0x08002589   Thumb Code   162  gyro.o(.text)
    Gyro_Init_P                              0x0800262b   Thumb Code    32  gyro.o(.text)
    Gyro_Init_N                              0x0800264b   Thumb Code    32  gyro.o(.text)
    PPoly_Eval                               0x0800266b   Thumb Code   206  gyro.o(.text)
    QEI_Init                                 0x0800277d   Thumb Code   498  qei.o(.text)
    TIM3_IRQHandler                          0x0800296f   Thumb Code    36  qei.o(.text)
    TIM2_IRQHandler                          0x08002993   Thumb Code    36  qei.o(.text)
    TIM8_UP_IRQHandler                       0x080029b7   Thumb Code    36  qei.o(.text)
    TIM4_IRQHandler                          0x080029db   Thumb Code    36  qei.o(.text)
    SysTick_init                             0x08002a1d   Thumb Code    48  systick.o(.text)
    delay                                    0x08002a4d   Thumb Code    16  systick.o(.text)
    TimingDelay_Decrement                    0x08002a5d   Thumb Code    16  systick.o(.text)
    SysTick_Handler                          0x08002a6d   Thumb Code   138  systick.o(.text)
    UART1_DMA_init                           0x08002b15   Thumb Code   304  usart.o(.text)
    DMA_check                                0x08002c45   Thumb Code    38  usart.o(.text)
    UART1_DMA_EN                             0x08002c6b   Thumb Code   182  usart.o(.text)
    UART1_SendByte                           0x08002d21   Thumb Code    28  usart.o(.text)
    DMA1_Channel5_IRQHandler                 0x08002d3d   Thumb Code   124  usart.o(.text)
    RCC_Configuration                        0x08002de9   Thumb Code    96  init.o(.text)
    GPIO_Configuration                       0x08002e49   Thumb Code    68  init.o(.text)
    led_tag                                  0x08002e8d   Thumb Code    84  init.o(.text)
    GPS_Update                               0x08002eed   Thumb Code   508  gps.o(.text)
    GPS_Init                                 0x080030e9   Thumb Code   158  gps.o(.text)
    GPS_Clear                                0x08003187   Thumb Code    40  gps.o(.text)
    LCD_PushByte                             0x080031e9   Thumb Code    24  lcd.o(.text)
    LCD_PushString                           0x08003201   Thumb Code    20  lcd.o(.text)
    LCD_SetXY                                0x08003215   Thumb Code    14  lcd.o(.text)
    LCD_WriteChar                            0x08003223   Thumb Code     2  lcd.o(.text)
    LCD_WriteString                          0x08003225   Thumb Code     2  lcd.o(.text)
    LCD_WriteInt                             0x08003227   Thumb Code    70  lcd.o(.text)
    LCD_WriteDouble                          0x0800326d   Thumb Code   154  lcd.o(.text)
    LCD_WriteNum                             0x08003307   Thumb Code   162  lcd.o(.text)
    LCD_WriteCharXY                          0x080033a9   Thumb Code    22  lcd.o(.text)
    LCD_WriteStringXY                        0x080033bf   Thumb Code    22  lcd.o(.text)
    LCD_WriteIntXY                           0x080033d5   Thumb Code    22  lcd.o(.text)
    LCD_WriteDoubleXY                        0x080033eb   Thumb Code    24  lcd.o(.text)
    LCD_WriteNumXY                           0x08003403   Thumb Code    24  lcd.o(.text)
    LCD_Clear                                0x0800341b   Thumb Code    32  lcd.o(.text)
    TaskLcdRefresh                           0x0800343b   Thumb Code    66  lcd.o(.text)
    GET_ENCODER                              0x080034a5   Thumb Code    24  encoder.o(.text)
    Encoder_Update                           0x080034bd   Thumb Code   174  encoder.o(.text)
    Encoder_Clear                            0x0800356b   Thumb Code    32  encoder.o(.text)
    Encoder_InitXY                           0x0800358b   Thumb Code    54  encoder.o(.text)
    Encoder_InitR                            0x080035c1   Thumb Code    62  encoder.o(.text)
    Encoder_Init                             0x080035ff   Thumb Code   132  encoder.o(.text)
    Hash_Table_init                          0x080036a5   Thumb Code    50  can_database.o(.text)
    Write_Database                           0x080036d7   Thumb Code    98  can_database.o(.text)
    GPS_TO_MASTER                            0x08003745   Thumb Code    56  command.o(.text)
    CHECK_FLOAT_STATE                        0x0800377d   Thumb Code    12  command.o(.text)
    S_GYRO_C2_FUNC                           0x08003789   Thumb Code    18  command.o(.text)
    S_GYRO_C1_FUNC                           0x0800379b   Thumb Code    18  command.o(.text)
    GYRO_INIT_STATE                          0x080037ad   Thumb Code    66  command.o(.text)
    ENC_L_INIT_STATE                         0x080037ef   Thumb Code    82  command.o(.text)
    ENC_R_INIT_STATE                         0x08003841   Thumb Code    70  command.o(.text)
    M_G_CMD_FUNC                             0x08003887   Thumb Code   126  command.o(.text)
    W_GPS_X_FUNC                             0x08003905   Thumb Code    28  command.o(.text)
    W_GPS_Y_FUNC                             0x08003921   Thumb Code    28  command.o(.text)
    W_GPS_ANG_FUNC                           0x0800393d   Thumb Code    22  command.o(.text)
    W_GYRO_C1_FUNC                           0x08003953   Thumb Code    16  command.o(.text)
    W_GYRO_C2_FUNC                           0x08003963   Thumb Code    16  command.o(.text)
    W_ENC_COEFF_FUNC                         0x08003973   Thumb Code    82  command.o(.text)
    S_GPS_X_FUNC                             0x080039c5   Thumb Code    18  command.o(.text)
    S_GPS_Y_FUNC                             0x080039d7   Thumb Code    18  command.o(.text)
    S_GPS_ANG_FUNC                           0x080039e9   Thumb Code    18  command.o(.text)
    S_GYRO_RAD_FUNC                          0x080039fb   Thumb Code    18  command.o(.text)
    S_ENC1_C1_FUNC                           0x08003a0d   Thumb Code    18  command.o(.text)
    S_ENC1_C2_FUNC                           0x08003a1f   Thumb Code    18  command.o(.text)
    S_ENC1_RAD_FUNC                          0x08003a31   Thumb Code    18  command.o(.text)
    S_ENC1_ANG_FUNC                          0x08003a43   Thumb Code    18  command.o(.text)
    S_ENC1_DIS_FUNC                          0x08003a55   Thumb Code    18  command.o(.text)
    S_ENC2_C1_FUNC                           0x08003a67   Thumb Code    18  command.o(.text)
    S_ENC2_C2_FUNC                           0x08003a79   Thumb Code    18  command.o(.text)
    S_ENC2_RAD_FUNC                          0x08003a8b   Thumb Code    20  command.o(.text)
    S_ENC2_ANG_FUNC                          0x08003a9f   Thumb Code    20  command.o(.text)
    S_ENC2_DIS_FUNC                          0x08003ab3   Thumb Code    18  command.o(.text)
    SEND_CONVERS                             0x08003ac5   Thumb Code   224  command.o(.text)
    W_PWM_FUNC                               0x08003ba5   Thumb Code    20  command.o(.text)
    Can_NVIC_Config                          0x08003bbd   Thumb Code    52  can.o(.text)
    Can_GPIO_Config                          0x08003bf1   Thumb Code    70  can.o(.text)
    CAN_CAN_Config                           0x08003c37   Thumb Code    86  can.o(.text)
    Can_FILTER_Config                        0x08003c8d   Thumb Code   198  can.o(.text)
    Can_IT_Config                            0x08003d53   Thumb Code    28  can.o(.text)
    Can1_Init                                0x08003d6f   Thumb Code    28  can.o(.text)
    USB_LP_CAN1_RX0_IRQHandler               0x08003d8b   Thumb Code   136  can.o(.text)
    CAN1_RX1_IRQHandler                      0x08003e13   Thumb Code   136  can.o(.text)
    Can_SendData                             0x08003e9b   Thumb Code    64  can.o(.text)
    flashread                                0x08003ef9   Thumb Code    18  flash.o(.text)
    Data_Save                                0x08003f0b   Thumb Code   250  flash.o(.text)
    Data_Load                                0x08004005   Thumb Code   178  flash.o(.text)
    PWM_Mode_Config                          0x080040d9   Thumb Code   130  pwm.o(.text)
    PWM_GPIO_Config                          0x0800415b   Thumb Code    48  pwm.o(.text)
    TIM_PWM_Init                             0x0800418b   Thumb Code    12  pwm.o(.text)
    PWM1_SetDuty                             0x08004197   Thumb Code    34  pwm.o(.text)
    PWM2_SetDuty                             0x080041b9   Thumb Code    34  pwm.o(.text)
    Int32Abs                                 0x080041f1   Thumb Code     8  mymath.o(.text)
    Int64Abs                                 0x080041f9   Thumb Code    16  mymath.o(.text)
    __aeabi_ldivmod                          0x08004209   Thumb Code    90  ldiv.o(.text)
    __aeabi_memcpy                           0x08004263   Thumb Code    36  memcpya.o(.text)
    __aeabi_memcpy4                          0x08004263   Thumb Code     0  memcpya.o(.text)
    __aeabi_memcpy8                          0x08004263   Thumb Code     0  memcpya.o(.text)
    __aeabi_dadd                             0x08004287   Thumb Code   322  dadd.o(.text)
    __aeabi_dsub                             0x080043c9   Thumb Code     6  dadd.o(.text)
    __aeabi_drsub                            0x080043cf   Thumb Code     6  dadd.o(.text)
    __aeabi_dmul                             0x080043d5   Thumb Code   228  dmul.o(.text)
    __aeabi_ddiv                             0x080044b9   Thumb Code   222  ddiv.o(.text)
    __aeabi_i2d                              0x08004597   Thumb Code    34  dflti.o(.text)
    __aeabi_ui2d                             0x080045b9   Thumb Code    26  dfltui.o(.text)
    __aeabi_l2d                              0x080045d3   Thumb Code    40  dfltl.o(.text)
    __aeabi_d2iz                             0x080045fb   Thumb Code    62  dfixi.o(.text)
    __aeabi_d2lz                             0x08004639   Thumb Code    74  dfixl.o(.text)
    __aeabi_cdcmpeq                          0x08004685   Thumb Code     0  cdcmple.o(.text)
    __aeabi_cdcmple                          0x08004685   Thumb Code    38  cdcmple.o(.text)
    __aeabi_cdrcmple                         0x080046ad   Thumb Code    38  cdrcmple.o(.text)
    __aeabi_uldivmod                         0x080046d5   Thumb Code    98  uldiv.o(.text)
    __aeabi_llsl                             0x08004737   Thumb Code    30  llshl.o(.text)
    _ll_shift_l                              0x08004737   Thumb Code     0  llshl.o(.text)
    __aeabi_llsr                             0x08004755   Thumb Code    32  llushr.o(.text)
    _ll_ushift_r                             0x08004755   Thumb Code     0  llushr.o(.text)
    __aeabi_lasr                             0x08004775   Thumb Code    36  llsshr.o(.text)
    _ll_sshift_r                             0x08004775   Thumb Code     0  llsshr.o(.text)
    __I$use$fp                               0x08004799   Thumb Code     0  iusefp.o(.text)
    _double_round                            0x08004799   Thumb Code    26  depilogue.o(.text)
    _double_epilogue                         0x080047b3   Thumb Code   164  depilogue.o(.text)
    __ARM_scalbn                             0x08004857   Thumb Code    46  dscalb.o(.text)
    scalbn                                   0x08004857   Thumb Code     0  dscalb.o(.text)
    __scatterload                            0x08004885   Thumb Code    28  init.o(.text)
    __scatterload_rt2                        0x08004885   Thumb Code     0  init.o(.text)
    _dsqrt                                   0x080048a9   Thumb Code   162  dsqrt.o(.text)
    __decompress                             0x0800494b   Thumb Code     0  __dczerorl2.o(.text)
    __decompress1                            0x0800494b   Thumb Code    92  __dczerorl2.o(.text)
    __ARM_fpclassify                         0x080049a7   Thumb Code    40  fpclassify.o(i.__ARM_fpclassify)
    __ieee754_rem_pio2                       0x080049d1   Thumb Code   832  rred.o(i.__ieee754_rem_pio2)
    __kernel_cos                             0x08004d59   Thumb Code   230  cos_i.o(i.__kernel_cos)
    __kernel_poly                            0x08004e55   Thumb Code   170  poly.o(i.__kernel_poly)
    __kernel_sin                             0x08004f01   Thumb Code   224  sin_i.o(i.__kernel_sin)
    __mathlib_dbl_underflow                  0x08004fed   Thumb Code    10  dunder.o(i.__mathlib_dbl_underflow)
    __scatterload_copy                       0x08004ffd   Thumb Code    14  handlers.o(i.__scatterload_copy)
    __scatterload_null                       0x0800500b   Thumb Code     2  handlers.o(i.__scatterload_null)
    __scatterload_zeroinit                   0x0800500d   Thumb Code    14  handlers.o(i.__scatterload_zeroinit)
    __set_errno                              0x0800501d   Thumb Code     6  errno.o(i.__set_errno)
    atan                                     0x08005029   Thumb Code   478  atan.o(i.atan)
    cos                                      0x0800524d   Thumb Code   164  cos.o(i.cos)
    pow                                      0x080052f9   Thumb Code  2510  pow.o(i.pow)
    sin                                      0x08005cd9   Thumb Code   166  sin.o(i.sin)
    sqrt                                     0x08005d89   Thumb Code    76  sqrt.o(i.sqrt)
    __mathlib_zero                           0x08005f78   Data           8  qnan.o(.constdata)
    Region$$Table$$Base                      0x08006070   Number         0  anon$$obj.o(Region$$Table)
    Region$$Table$$Limit                     0x08006090   Number         0  anon$$obj.o(Region$$Table)
    pwm1_2_Freqz                             0x20000000   Data           2  main.o(.data)
    SystemCoreClock                          0x20000004   Data           4  system_stm32f10x.o(.data)
    AHBPrescTable                            0x20000008   Data          16  system_stm32f10x.o(.data)
    Gyro_Float_Flag1                         0x20000030   Data           1  gyro.o(.data)
    Gyro_Float_Flag2                         0x20000031   Data           1  gyro.o(.data)
    Gyro_Float_Flag                          0x20000032   Data           1  gyro.o(.data)
    Float_State                              0x20000033   Data           1  gyro.o(.data)
    Gyro_Float                               0x20000034   Data           4  gyro.o(.data)
    Gyro_Convert1                            0x20000038   Data           8  gyro.o(.data)
    Gyro_Convert2                            0x20000040   Data           8  gyro.o(.data)
    Gyro_Now                                 0x20000048   Data           8  gyro.o(.data)
    Gyro_Multiplier                          0x20000050   Data           8  gyro.o(.data)
    Gyro_Total                               0x20000058   Data           8  gyro.o(.data)
    Gyro_Total_NoFloat                       0x20000060   Data           8  gyro.o(.data)
    Gyro_Radian_Total                        0x20000068   Data           8  gyro.o(.data)
    Gyro_Angle_Total                         0x20000070   Data           8  gyro.o(.data)
    Gyro_Error_Flag                          0x20000078   Data           1  gyro.o(.data)
    Tim_S                                    0x2000007c   Data          16  qei.o(.data)
    CPR                                      0x2000008c   Data           2  qei.o(.data)
    r_now                                    0x2000008e   Data           8  qei.o(.data)
    clk                                      0x20000098   Data           4  systick.o(.data)
    USART1_RxBuffer                          0x200000a4   Data           8  usart.o(.data)
    Gyro_Float_Total1                        0x200000b0   Data           8  usart.o(.data)
    Gyro_Float_Total2                        0x200000b8   Data           8  usart.o(.data)
    localx                                   0x200000c0   Data           8  gps.o(.data)
    localy                                   0x200000c8   Data           8  gps.o(.data)
    radian                                   0x200000d0   Data           8  gps.o(.data)
    LCD_Index                                0x200000d8   Data           1  lcd.o(.data)
    Encoders                                 0x200000e0   Data         144  encoder.o(.data)
    Can_Data_Num                             0x20000170   Data           1  can_database.o(.data)
    Can_Database                             0x20000174   Data         500  can_database.o(.data)
    HASH_TABLE                               0x20000368   Data         256  can_database.o(.data)
    MOSI_CMD                                 0x20000468   Data           1  can_database.o(.data)
    MISO_CMD                                 0x20000469   Data           1  can_database.o(.data)
    MOSI_GPS_X                               0x20000470   Data           8  can_database.o(.data)
    MOSI_GPS_Y                               0x20000478   Data           8  can_database.o(.data)
    MOSI_GPS_ANG                             0x20000480   Data           8  can_database.o(.data)
    MOSI_GYRO_C1                             0x20000488   Data           8  can_database.o(.data)
    MOSI_GYRO_C2                             0x20000490   Data           8  can_database.o(.data)
    MOSI_ENC_COEFF                           0x20000498   Data           8  can_database.o(.data)
    MISO_GPS_X                               0x200004a0   Data           8  can_database.o(.data)
    MISO_GPS_Y                               0x200004a8   Data           8  can_database.o(.data)
    MISO_GPS_ANG                             0x200004b0   Data           8  can_database.o(.data)
    MISO_GYRO_C1                             0x200004b8   Data           8  can_database.o(.data)
    MISO_GYRO_C2                             0x200004c0   Data           8  can_database.o(.data)
    MISO_GYRO_RAD                            0x200004c8   Data           8  can_database.o(.data)
    MISO_ENC1_C1                             0x200004d0   Data           8  can_database.o(.data)
    MISO_ENC1_C2                             0x200004d8   Data           8  can_database.o(.data)
    MISO_ENC1_RAD                            0x200004e0   Data           8  can_database.o(.data)
    MISO_ENC1_ANG                            0x200004e8   Data           8  can_database.o(.data)
    MISO_ENC1_DIS                            0x200004f0   Data           8  can_database.o(.data)
    MISO_ENC2_C1                             0x200004f8   Data           8  can_database.o(.data)
    MISO_ENC2_C2                             0x20000500   Data           8  can_database.o(.data)
    MISO_ENC2_RAD                            0x20000508   Data           8  can_database.o(.data)
    MISO_ENC2_ANG                            0x20000510   Data           8  can_database.o(.data)
    MISO_ENC2_DIS                            0x20000518   Data           8  can_database.o(.data)
    MOSI_PWM                                 0x20000520   Data           8  can_database.o(.data)
    SS_H                                     0x20000528   Data           1  command.o(.data)
    SS_CF                                    0x20000529   Data           1  command.o(.data)
    SEND_CONVER_FLAG                         0x2000052a   Data           1  command.o(.data)
    Can_State                                0x20000530   Data           1  can.o(.data)
    TIM4_PERIOD                              0x20000538   Data           2  pwm.o(.data)
    CCR_VAL1                                 0x2000053a   Data           2  pwm.o(.data)
    CCR_VAL2                                 0x2000053c   Data           2  pwm.o(.data)
    Sys_Clk                                  0x20000540   Data           4  pwm.o(.data)
    Gps_Zero                                 0x20000548   Data          16  gps.o(.bss)
    Gps_List                                 0x20000558   Data         192  gps.o(.bss)
    LCD_Table                                0x20000618   Data         160  lcd.o(.bss)
    N                                        0x200006b8   Data          64  encoder.o(.bss)
    flash_save                               0x200006f8   Data          88  flash.o(.bss)
    TIM_TimeBaseStructure                    0x20000750   Data          10  pwm.o(.bss)
    TIM_OCInitStruct                         0x2000075a   Data          16  pwm.o(.bss)
    __initial_sp                             0x20000b70   Data           0  startup_stm32f10x_hd.o(STACK)



==============================================================================

Memory Map of the image

  Image Entry point : 0x08000131

  Load Region LR_IROM1 (Base: 0x08000000, Size: 0x000065d8, Max: 0x00040000, ABSOLUTE, COMPRESSED[0x000061b0])

    Execution Region ER_IROM1 (Base: 0x08000000, Size: 0x00006090, Max: 0x00040000, ABSOLUTE)

    Base Addr    Size         Type   Attr      Idx    E Section Name        Object

    0x08000000   0x00000130   Data   RO          262    RESET               startup_stm32f10x_hd.o
    0x08000130   0x00000000   Code   RO          586  * .ARM.Collect$$$$00000000  mc_w.l(entry.o)
    0x08000130   0x00000004   Code   RO          644    .ARM.Collect$$$$00000001  mc_w.l(entry2.o)
    0x08000134   0x00000004   Code   RO          647    .ARM.Collect$$$$00000004  mc_w.l(entry5.o)
    0x08000138   0x00000000   Code   RO          649    .ARM.Collect$$$$00000008  mc_w.l(entry7b.o)
    0x08000138   0x00000000   Code   RO          651    .ARM.Collect$$$$0000000A  mc_w.l(entry8b.o)
    0x08000138   0x00000008   Code   RO          652    .ARM.Collect$$$$0000000B  mc_w.l(entry9a.o)
    0x08000140   0x00000000   Code   RO          654    .ARM.Collect$$$$0000000D  mc_w.l(entry10a.o)
    0x08000140   0x00000000   Code   RO          656    .ARM.Collect$$$$0000000F  mc_w.l(entry11a.o)
    0x08000140   0x00000004   Code   RO          645    .ARM.Collect$$$$00002712  mc_w.l(entry2.o)
    0x08000144   0x000000c0   Code   RO            1    .text               main.o
    0x08000204   0x00000010   Code   RO          116    .text               stm32f10x_it.o
    0x08000214   0x00000158   Code   RO          131    .text               system_stm32f10x.o
    0x0800036c   0x00000260   Code   RO          149    .text               stm32f10x_gpio.o
    0x080005cc   0x000002b8   Code   RO          161    .text               stm32f10x_rcc.o
    0x08000884   0x00000330   Code   RO          175    .text               stm32f10x_usart.o
    0x08000bb4   0x00000480   Code   RO          187    .text               stm32f10x_flash.o
    0x08001034   0x000000b0   Code   RO          200    .text               misc.o
    0x080010e4   0x000006e4   Code   RO          212    .text               stm32f10x_can.o
    0x080017c8   0x00000af0   Code   RO          224    .text               stm32f10x_tim.o
    0x080022b8   0x000001c8   Code   RO          237    .text               stm32f10x_dma.o
    0x08002480   0x00000024   Code   RO          263    .text               startup_stm32f10x_hd.o
    0x080024a4   0x000002d8   Code   RO          267    .text               gyro.o
    0x0800277c   0x000002a0   Code   RO          292    .text               qei.o
    0x08002a1c   0x000000f8   Code   RO          311    .text               systick.o
    0x08002b14   0x000002d4   Code   RO          331    .text               usart.o
    0x08002de8   0x00000104   Code   RO          349    .text               init.o
    0x08002eec   0x000002fc   Code   RO          361    .text               gps.o
    0x080031e8   0x000002bc   Code   RO          381    .text               lcd.o
    0x080034a4   0x00000200   Code   RO          405    .text               encoder.o
    0x080036a4   0x000000a0   Code   RO          425    .text               can_database.o
    0x08003744   0x00000478   Code   RO          468    .text               command.o
    0x08003bbc   0x0000033c   Code   RO          489    .text               can.o
    0x08003ef8   0x000001e0   Code   RO          505    .text               flash.o
    0x080040d8   0x00000118   Code   RO          521    .text               pwm.o
    0x080041f0   0x00000018   Code   RO          538    .text               mymath.o
    0x08004208   0x0000005a   Code   RO          589    .text               mc_w.l(ldiv.o)
    0x08004262   0x00000024   Code   RO          591    .text               mc_w.l(memcpya.o)
    0x08004286   0x0000014e   Code   RO          595    .text               mf_w.l(dadd.o)
    0x080043d4   0x000000e4   Code   RO          597    .text               mf_w.l(dmul.o)
    0x080044b8   0x000000de   Code   RO          599    .text               mf_w.l(ddiv.o)
    0x08004596   0x00000022   Code   RO          601    .text               mf_w.l(dflti.o)
    0x080045b8   0x0000001a   Code   RO          603    .text               mf_w.l(dfltui.o)
    0x080045d2   0x00000028   Code   RO          605    .text               mf_w.l(dfltl.o)
    0x080045fa   0x0000003e   Code   RO          607    .text               mf_w.l(dfixi.o)
    0x08004638   0x0000004a   Code   RO          609    .text               mf_w.l(dfixl.o)
    0x08004682   0x00000002   PAD
    0x08004684   0x00000028   Code   RO          611    .text               mf_w.l(cdcmple.o)
    0x080046ac   0x00000028   Code   RO          613    .text               mf_w.l(cdrcmple.o)
    0x080046d4   0x00000062   Code   RO          658    .text               mc_w.l(uldiv.o)
    0x08004736   0x0000001e   Code   RO          660    .text               mc_w.l(llshl.o)
    0x08004754   0x00000020   Code   RO          662    .text               mc_w.l(llushr.o)
    0x08004774   0x00000024   Code   RO          664    .text               mc_w.l(llsshr.o)
    0x08004798   0x00000000   Code   RO          673    .text               mc_w.l(iusefp.o)
    0x08004798   0x000000be   Code   RO          674    .text               mf_w.l(depilogue.o)
    0x08004856   0x0000002e   Code   RO          676    .text               mf_w.l(dscalb.o)
    0x08004884   0x00000024   Code   RO          678    .text               mc_w.l(init.o)
    0x080048a8   0x000000a2   Code   RO          680    .text               mf_w.l(dsqrt.o)
    0x0800494a   0x0000005c   Code   RO          690    .text               mc_w.l(__dczerorl2.o)
    0x080049a6   0x00000028   Code   RO          620    i.__ARM_fpclassify  m_ws.l(fpclassify.o)
    0x080049ce   0x00000002   PAD
    0x080049d0   0x00000388   Code   RO          625    i.__ieee754_rem_pio2  m_ws.l(rred.o)
    0x08004d58   0x000000fc   Code   RO          615    i.__kernel_cos      m_ws.l(cos_i.o)
    0x08004e54   0x000000aa   Code   RO          622    i.__kernel_poly     m_ws.l(poly.o)
    0x08004efe   0x00000002   PAD
    0x08004f00   0x000000ec   Code   RO          630    i.__kernel_sin      m_ws.l(sin_i.o)
    0x08004fec   0x00000010   Code   RO          618    i.__mathlib_dbl_underflow  m_ws.l(dunder.o)
    0x08004ffc   0x0000000e   Code   RO          684    i.__scatterload_copy  mc_w.l(handlers.o)
    0x0800500a   0x00000002   Code   RO          685    i.__scatterload_null  mc_w.l(handlers.o)
    0x0800500c   0x0000000e   Code   RO          686    i.__scatterload_zeroinit  mc_w.l(handlers.o)
    0x0800501a   0x00000002   PAD
    0x0800501c   0x0000000c   Code   RO          668    i.__set_errno       mc_w.l(errno.o)
    0x08005028   0x00000224   Code   RO          551    i.atan              m_ws.l(atan.o)
    0x0800524c   0x000000ac   Code   RO          561    i.cos               m_ws.l(cos.o)
    0x080052f8   0x000009e0   Code   RO          569    i.pow               m_ws.l(pow.o)
    0x08005cd8   0x000000b0   Code   RO          579    i.sin               m_ws.l(sin.o)
    0x08005d88   0x0000004c   Code   RO          637    i.sqrt              m_ws.l(sqrt.o)
    0x08005dd4   0x00000054   Data   RO          383    .constdata          lcd.o
    0x08005e28   0x00000098   Data   RO          552    .constdata          m_ws.l(atan.o)
    0x08005ec0   0x00000088   Data   RO          570    .constdata          m_ws.l(pow.o)
    0x08005f48   0x00000030   Data   RO          616    .constdata          m_ws.l(cos_i.o)
    0x08005f78   0x00000008   Data   RO          624    .constdata          m_ws.l(qnan.o)
    0x08005f80   0x000000c8   Data   RO          627    .constdata          m_ws.l(rred.o)
    0x08006048   0x00000028   Data   RO          631    .constdata          m_ws.l(sin_i.o)
    0x08006070   0x00000020   Data   RO          682    Region$$Table       anon$$obj.o


    Execution Region RW_IRAM1 (Base: 0x20000000, Size: 0x00000b70, Max: 0x0000c000, ABSOLUTE, COMPRESSED[0x00000120])

    Base Addr    Size         Type   Attr      Idx    E Section Name        Object

    0x20000000   0x00000002   Data   RW            2    .data               main.o
    0x20000002   0x00000002   PAD
    0x20000004   0x00000014   Data   RW          132    .data               system_stm32f10x.o
    0x20000018   0x00000014   Data   RW          162    .data               stm32f10x_rcc.o
    0x2000002c   0x00000004   PAD
    0x20000030   0x00000048   Data   RW          268    .data               gyro.o
    0x20000078   0x00000001   Data   RW          269    .data               gyro.o
    0x20000079   0x00000003   PAD
    0x2000007c   0x00000010   Data   RW          293    .data               qei.o
    0x2000008c   0x0000000a   Data   RW          294    .data               qei.o
    0x20000096   0x00000002   PAD
    0x20000098   0x00000008   Data   RW          312    .data               systick.o
    0x200000a0   0x00000020   Data   RW          332    .data               usart.o
    0x200000c0   0x00000018   Data   RW          364    .data               gps.o
    0x200000d8   0x00000001   Data   RW          384    .data               lcd.o
    0x200000d9   0x00000007   PAD
    0x200000e0   0x00000090   Data   RW          407    .data               encoder.o
    0x20000170   0x000002f8   Data   RW          426    .data               can_database.o
    0x20000468   0x00000001   Data   RW          427    .data               can_database.o
    0x20000469   0x00000001   Data   RW          428    .data               can_database.o
    0x2000046a   0x00000006   PAD
    0x20000470   0x00000008   Data   RW          429    .data               can_database.o
    0x20000478   0x00000008   Data   RW          430    .data               can_database.o
    0x20000480   0x00000008   Data   RW          431    .data               can_database.o
    0x20000488   0x00000008   Data   RW          432    .data               can_database.o
    0x20000490   0x00000008   Data   RW          433    .data               can_database.o
    0x20000498   0x00000008   Data   RW          434    .data               can_database.o
    0x200004a0   0x00000008   Data   RW          435    .data               can_database.o
    0x200004a8   0x00000008   Data   RW          436    .data               can_database.o
    0x200004b0   0x00000008   Data   RW          437    .data               can_database.o
    0x200004b8   0x00000008   Data   RW          438    .data               can_database.o
    0x200004c0   0x00000008   Data   RW          439    .data               can_database.o
    0x200004c8   0x00000008   Data   RW          440    .data               can_database.o
    0x200004d0   0x00000008   Data   RW          441    .data               can_database.o
    0x200004d8   0x00000008   Data   RW          442    .data               can_database.o
    0x200004e0   0x00000008   Data   RW          443    .data               can_database.o
    0x200004e8   0x00000008   Data   RW          444    .data               can_database.o
    0x200004f0   0x00000008   Data   RW          445    .data               can_database.o
    0x200004f8   0x00000008   Data   RW          446    .data               can_database.o
    0x20000500   0x00000008   Data   RW          447    .data               can_database.o
    0x20000508   0x00000008   Data   RW          448    .data               can_database.o
    0x20000510   0x00000008   Data   RW          449    .data               can_database.o
    0x20000518   0x00000008   Data   RW          450    .data               can_database.o
    0x20000520   0x00000008   Data   RW          451    .data               can_database.o
    0x20000528   0x00000006   Data   RW          469    .data               command.o
    0x2000052e   0x00000002   PAD
    0x20000530   0x00000008   Data   RW          490    .data               can.o
    0x20000538   0x0000000c   Data   RW          523    .data               pwm.o
    0x20000544   0x00000004   Data   RW          669    .data               mc_w.l(errno.o)
    0x20000548   0x000000d0   Zero   RW          362    .bss                gps.o
    0x20000618   0x000000a0   Zero   RW          382    .bss                lcd.o
    0x200006b8   0x00000040   Zero   RW          406    .bss                encoder.o
    0x200006f8   0x00000058   Zero   RW          506    .bss                flash.o
    0x20000750   0x0000001a   Zero   RW          522    .bss                pwm.o
    0x2000076a   0x00000006   PAD
    0x20000770   0x00000400   Zero   RW          260    STACK               startup_stm32f10x_hd.o


==============================================================================

Image component sizes


      Code (inc. data)   RO Data    RW Data    ZI Data      Debug   Object Name

       828         30          0          8          0       2837   can.o
       160         12          0        946          0       3634   can_database.o
      1144        142          0          6          0       5490   command.o
         0          0          0          0          0         32   core_cm3.o
       512         34          0        144         64       2444   encoder.o
       480         34          0          0         88       1607   flash.o
       764         58          0         24        208       2016   gps.o
       728         68          0         73          0       3060   gyro.o
       260         12          0          0          0        895   init.o
       700         40         84          1        160       3937   lcd.o
       192         20          0          2          0     280605   main.o
       176         18          0          0          0       1653   misc.o
        24          0          0          0          0        616   mymath.o
       280         22          0         12         26       1759   pwm.o
       672         30          0         26          0       1924   qei.o
        36          8        304          0       1024        828   startup_stm32f10x_hd.o
      1764         40          0          0          0       7280   stm32f10x_can.o
       456         10          0          0          0       4090   stm32f10x_dma.o
      1152         22          0          0          0       7964   stm32f10x_flash.o
       608         36          0          0          0       4921   stm32f10x_gpio.o
        16          0          0          0          0       1046   stm32f10x_it.o
       696         32          0         20          0       8008   stm32f10x_rcc.o
      2800         84          0          0          0      18150   stm32f10x_tim.o
       816         20          0          0          0       7260   stm32f10x_usart.o
       344         34          0         20          0       1723   system_stm32f10x.o
       248         30          0          8          0      16686   systick.o
       724         48          0         32          0       2342   usart.o

    ----------------------------------------------------------------------
     16580        884        420       1348       1576     392807   Object Totals
         0          0         32          0          0          0   (incl. Generated)
         0          0          0         26          6          0   (incl. Padding)

    ----------------------------------------------------------------------

      Code (inc. data)   RO Data    RW Data    ZI Data      Debug   Library Member Name

       548         70        152          0          0        124   atan.o
       172          8          0          0          0        112   cos.o
       252         22         48          0          0        124   cos_i.o
        16          6          0          0          0         68   dunder.o
        40          0          0          0          0         68   fpclassify.o
       170          0          0          0          0         96   poly.o
      2528        190        136          0          0        332   pow.o
         0          0          8          0          0          0   qnan.o
       904         72        200          0          0        140   rred.o
       176         10          0          0          0        116   sin.o
       236         12         40          0          0        128   sin_i.o
        76          0          0          0          0         84   sqrt.o
        92          0          0          0          0          0   __dczerorl2.o
         0          0          0          0          0          0   entry.o
         0          0          0          0          0          0   entry10a.o
         0          0          0          0          0          0   entry11a.o
         8          4          0          0          0          0   entry2.o
         4          0          0          0          0          0   entry5.o
         0          0          0          0          0          0   entry7b.o
         0          0          0          0          0          0   entry8b.o
         8          4          0          0          0          0   entry9a.o
        12          6          0          4          0         68   errno.o
        30          0          0          0          0          0   handlers.o
        36          8          0          0          0         68   init.o
         0          0          0          0          0          0   iusefp.o
        90          0          0          0          0         84   ldiv.o
        30          0          0          0          0         68   llshl.o
        36          0          0          0          0         68   llsshr.o
        32          0          0          0          0         68   llushr.o
        36          0          0          0          0         68   memcpya.o
        98          0          0          0          0         92   uldiv.o
        40          2          0          0          0         68   cdcmple.o
        40          2          0          0          0         68   cdrcmple.o
       334          0          0          0          0        148   dadd.o
       222          0          0          0          0        100   ddiv.o
       190          0          0          0          0        176   depilogue.o
        62          0          0          0          0         80   dfixi.o
        74          0          0          0          0         80   dfixl.o
        34          0          0          0          0         76   dflti.o
        40          0          0          0          0         80   dfltl.o
        26          0          0          0          0         76   dfltui.o
       228          0          0          0          0         96   dmul.o
        46          0          0          0          0         80   dscalb.o
       162          0          0          0          0        100   dsqrt.o

    ----------------------------------------------------------------------
      7136        416        584          4          0       3204   Library Totals
         8          0          0          0          0          0   (incl. Padding)

    ----------------------------------------------------------------------

      Code (inc. data)   RO Data    RW Data    ZI Data      Debug   Library Name

      5118        390        584          0          0       1392   m_ws.l
       512         22          0          4          0        584   mc_w.l
      1498          4          0          0          0       1228   mf_w.l

    ----------------------------------------------------------------------
      7136        416        584          4          0       3204   Library Totals

    ----------------------------------------------------------------------

==============================================================================


      Code (inc. data)   RO Data    RW Data    ZI Data      Debug   

     23716       1300       1004       1352       1576     391279   Grand Totals
     23716       1300       1004        288       1576     391279   ELF Image Totals (compressed)
     23716       1300       1004        288          0          0   ROM Totals

==============================================================================

    Total RO  Size (Code + RO Data)                24720 (  24.14kB)
    Total RW  Size (RW Data + ZI Data)              2928 (   2.86kB)
    Total ROM Size (Code + RO Data + RW Data)      25008 (  24.42kB)

==============================================================================

