<html>
<body>
<pre>
<h1>µVision Build Log</h1>
<h2>Project:</h2>
E:\robocon\program\WorkSpace0109\MainStandard2015.12.16\bsp\stm32f40x\project.uvproj
Project File Date:  01/09/2016

<h2>Output:</h2>
Load "E:\\robocon\\program\\WorkSpace0109\\MainStandard2015.12.16\\bsp\\stm32f40x\\build\\rtthread-stm32f4xx.axf" 
Set JLink Project File to "E:\robocon\program\WorkSpace0109\MainStandard2015.12.16\bsp\stm32f40x\JLinkSettings.ini"
* JLink Info: Device "STM32F407IG" selected (1024 KB flash, 128 KB RAM).
 
JLink info:
------------
DLL: V4.84a, compiled Apr  4 2014 18:02:19
Firmware: J-Link ARM-OB STM32 compiled Aug 22 2012 19:52:04
Hardware: V7.00
S/N : 20090928 
Feature(s) : RDI,FlashDL,FlashBP,JFlash,GDBFull 
 
* JLink Info: Found SWD-DP with ID 0x2BA01477
* JLink Info: Found SWD-DP with ID 0x2BA01477
* JLink Info: Found Cortex-M4 r0p1, Little endian.
* JLink Info: FPUnit: 6 code (BP) slots and 2 literal slots
* JLink Info: TPIU fitted.
* JLink Info: ETM fitted.
ROMTableAddr = 0xE00FF003
 
Target info:
------------
Device: STM32F407IG
VTarget = 3.300V
State of Pins: 
TCK: 0, TDI: 0, TDO: 1, TMS: 0, TRES: 1, TRST: 1
Hardware-Breakpoints: 6
Software-Breakpoints: 8192
Watchpoints:          4
JTAG speed: 4000 kHz
 
***JLink Error: Can not read register 0 (R0) while CPU is running
***JLink Error: Can not read register 1 (R1) while CPU is running
***JLink Error: Can not read register 2 (R2) while CPU is running
***JLink Error: Can not read register 3 (R3) while CPU is running
***JLink Error: Can not read register 4 (R4) while CPU is running
***JLink Error: Can not read register 5 (R5) while CPU is running
***JLink Error: Can not read register 6 (R6) while CPU is running
***JLink Error: Can not read register 7 (R7) while CPU is running
***JLink Error: Can not read register 8 (R8) while CPU is running
***JLink Error: Can not read register 9 (R9) while CPU is running
***JLink Error: Can not read register 10 (R10) while CPU is running
***JLink Error: Can not read register 11 (R11) while CPU is running
***JLink Error: Can not read register 12 (R12) while CPU is running
***JLink Error: Can not read register 13 (R13) while CPU is running
***JLink Error: Can not read register 14 (R14) while CPU is running
***JLink Error: Can not read register 15 (R15) while CPU is running
***JLink Error: Can not read register 16 (XPSR) while CPU is running
***JLink Error: Can not read register 17 (MSP) while CPU is running
***JLink Error: Can not read register 18 (PSP) while CPU is running
***JLink Error: Can not read register 20 (CFBP) while CPU is running
***JLink Error: Can not read register 32 (FPSCR) while CPU is running
***JLink Error: Can not read register 33 (FPS0) while CPU is running
***JLink Error: Can not read register 34 (FPS1) while CPU is running
***JLink Error: Can not read register 35 (FPS2) while CPU is running
***JLink Error: Can not read register 36 (FPS3) while CPU is running
***JLink Error: Can not read register 37 (FPS4) while CPU is running
***JLink Error: Can not read register 38 (FPS5) while CPU is running
***JLink Error: Can not read register 39 (FPS6) while CPU is running
***JLink Error: Can not read register 40 (FPS7) while CPU is running
***JLink Error: Can not read register 41 (FPS8) while CPU is running
***JLink Error: Can not read register 42 (FPS9) while CPU is running
***JLink Error: Can not read register 43 (FPS10) while CPU is running
***JLink Error: Can not read register 44 (FPS11) while CPU is running
***JLink Error: Can not read register 45 (FPS12) while CPU is running
***JLink Error: Can not read register 46 (FPS13) while CPU is running
***JLink Error: Can not read register 47 (FPS14) while CPU is running
***JLink Error: Can not read register 48 (FPS15) while CPU is running
***JLink Error: Can not read register 49 (FPS16) while CPU is running
***JLink Error: Can not read register 50 (FPS17) while CPU is running
***JLink Error: Can not read register 51 (FPS18) while CPU is running
***JLink Error: Can not read register 52 (FPS19) while CPU is running
***JLink Error: Can not read register 53 (FPS20) while CPU is running
***JLink Error: Can not read register 64 (FPS31) while CPU is running
***JLink Error: Can not read register 40 (FPS7) while CPU is running
***JLink Error: Can not read register 41 (FPS8) while CPU is running
***JLink Error: Can not read register 42 (FPS9) while CPU is running
***JLink Error: Can not read register 43 (FPS10) while CPU is running
***JLink Error: Can not read register 44 (FPS11) while CPU is running
***JLink Error: Can not read register 45 (FPS12) while CPU is running
***JLink Error: Can not read register 46 (FPS13) while CPU is running
***JLink Error: Can not read register 47 (FPS14) while CPU is running
***JLink Error: Can not read register 48 (FPS15) while CPU is running
***JLink Error: Can not read register 49 (FPS16) while CPU is running
***JLink Error: Communication timed out: Requested 4 bytes, received 0 bytes !
***JLink Error: Can not read register 15 (R15) while CPU is running
**JLink Warning: CPU could not be halted
***JLink Error: Could not read memory location 0x20000000 when trying to clear soft RAM BP
Could not start CPU core. (ErrorCode: -1)
Cannot setup Breakpoint at Address
Erase Failed!
Build target 'rt-thread_stm32f4xx'
compiling application.c...
compiling mb.c...
compiling mq.c...
compiling t_lcd_refresh.c...
compiling t_keyboard.c...
compiling t_emergency.c...
compiling t_handle.c...
Thread\t_handle.c(78): warning:  #177-D: variable "temp" was declared but never referenced
compiling t_FATfs.c...
Thread\t_FATfs.c(29): warning:  #175-D: subscript out of range
Thread\t_FATfs.c(30): warning:  #175-D: subscript out of range
Thread\t_FATfs.c(31): warning:  #175-D: subscript out of range
Thread\t_FATfs.c(31): warning:  #223-D: function "get_tim" declared implicitly
Thread\t_FATfs.c(37): warning:  #223-D: function "reset_tim" declared implicitly
Thread\t_FATfs.c(126): warning:  #223-D: function "sd_res" declared implicitly
Thread\t_FATfs.c(141): warning:  #223-D: function "sd_res" declared implicitly
Thread\t_FATfs.c(151): warning:  #223-D: function "sprintf" declared implicitly
Thread\t_FATfs.c(193): warning:  #223-D: function "sd_res" declared implicitly
compiling m_func.c...
compiling m_list.c...
compiling m_sys.c...
menuSys\m_sys.c(226): warning:  #223-D: function "fabs" declared implicitly
menuSys\m_sys.c(580): warning:  #177-D: variable "key_value" was declared but never referenced
menuSys\m_sys.c(686): warning:  #177-D: variable "delta" was declared but never referenced
compiling m_test.c...
compiling m_route.c...
compiling lcd_keyboard.c...
compiling mecanum.c...
UserDevices\mecanum.c(146): warning:  #550-D: variable "real_fl_speed" was set but never used
UserDevices\mecanum.c(147): warning:  #550-D: variable "real_fr_speed" was set but never used
UserDevices\mecanum.c(148): warning:  #550-D: variable "real_bl_speed" was set but never used
UserDevices\mecanum.c(149): warning:  #550-D: variable "real_br_speed" was set but never used
UserDevices\mecanum.c(29): warning:  #177-D: variable "robo_L" was declared but never referenced
UserDevices\mecanum.c(30): warning:  #177-D: variable "robo_W" was declared but never referenced
UserDevices\mecanum.c(31): warning:  #177-D: variable "wheel_r" was declared but never referenced
compiling gyro.c...
compiling encoder.c...
compiling gps.c...
compiling relay.c...
compiling motor.c...
compiling FanCtrl.c...
UserDevices\FanCtrl.c(23): warning:  #1035-D: single-precision operand implicitly converted to double-precision
UserDevices\FanCtrl.c(71): warning:  #223-D: function "Input_FloatValue" declared implicitly
UserDevices\FanCtrl.c(82): warning:  #1-D: last line of file ends without a newline
compiling easyline.c...
compiling goline.c...
Route\goline.c(172): warning:  #223-D: function "fflush" declared implicitly
compiling gocircle.c...
compiling keep.c...
Route\keep.c(95): warning:  #223-D: function "fflush" declared implicitly
compiling pointpath.c...
compiling goroute.c...
compiling t_auto.c...
compiling mymath.c...
compiling mystring.c...
compiling pid.c...
compiling databack.c...
compiling board.c...
drivers\board.c(113): warning:  #223-D: function "ttime_reset" declared implicitly
drivers\board.c(141): warning:  #223-D: function "tim_init" declared implicitly
compiling dma_rx_isr.c...
compiling stm32f4xx_it.c...
compiling stm324xg_eval_sdio_sd.c...
drivers\stm324xg_eval_sdio_sd.c(261): warning:  #47-D: incompatible redefinition of macro "NULL" (declared at line 6 of "drivers\can_database.h")
compiling io.c...
compiling pwm.c...
compiling can.c...
compiling can_database.c...
compiling Command.c...
compiling fan.c...
compiling sd_serve.c...
compiling sd_save.c...
drivers\sd_save.c(279): warning:  #550-D: variable "buz_delay" was set but never used
drivers\sd_save.c(280): warning:  #550-D: variable "onCnt" was set but never used
linking...
Program Size: Code=137612 RO-data=333496 RW-data=7452 ZI-data=42956  
User command #1: fromelf --bin .\build\rtthread-stm32f4xx.axf --output rtthread.bin
".\build\rtthread-stm32f4xx.axf" - 0 Error(s), 30 Warning(s).
Build target 'rt-thread_stm32f4xx'
linking...
Program Size: Code=137612 RO-data=333496 RW-data=7452 ZI-data=42956  
User command #1: fromelf --bin .\build\rtthread-stm32f4xx.axf --output rtthread.bin
".\build\rtthread-stm32f4xx.axf" - 0 Error(s), 0 Warning(s).
Load "E:\\robocon\\program\\WorkSpace0109\\MainStandard2015.12.16\\bsp\\stm32f40x\\build\\rtthread-stm32f4xx.axf" 
Set JLink Project File to "E:\robocon\program\WorkSpace0109\MainStandard2015.12.16\bsp\stm32f40x\JLinkSettings.ini"
* JLink Info: Device "STM32F407IG" selected (1024 KB flash, 128 KB RAM).
 
JLink info:
------------
DLL: V4.84a, compiled Apr  4 2014 18:02:19
Firmware: J-Link ARM-OB STM32 compiled Aug 22 2012 19:52:04
Hardware: V7.00
S/N : 20090928 
Feature(s) : RDI,FlashDL,FlashBP,JFlash,GDBFull 
 
* JLink Info: Found SWD-DP with ID 0x2BA01477
* JLink Info: Found SWD-DP with ID 0x2BA01477
* JLink Info: Found Cortex-M4 r0p1, Little endian.
* JLink Info: FPUnit: 6 code (BP) slots and 2 literal slots
* JLink Info: TPIU fitted.
* JLink Info: ETM fitted.
ROMTableAddr = 0xE00FF003
 
Target info:
------------
Device: STM32F407IG
VTarget = 3.300V
State of Pins: 
TCK: 0, TDI: 0, TDO: 1, TMS: 0, TRES: 1, TRST: 1
Hardware-Breakpoints: 6
Software-Breakpoints: 8192
Watchpoints:          4
JTAG speed: 4000 kHz
 
Erase Done.
Programming Done.
Verify OK.
Application running ...
Build target 'rt-thread_stm32f4xx'
compiling Command.c...
linking...
Program Size: Code=137612 RO-data=333496 RW-data=7452 ZI-data=42956  
User command #1: fromelf --bin .\build\rtthread-stm32f4xx.axf --output rtthread.bin
".\build\rtthread-stm32f4xx.axf" - 0 Error(s), 0 Warning(s).
Build target 'rt-thread_stm32f4xx'
compiling application.c...
compiling startup.c...
compiling mb.c...
compiling mq.c...
Project build/rebuild aborted.
Target not created
Build target 'rt-thread_stm32f4xx'
compiling application.c...
compiling startup.c...
compiling mb.c...
compiling mq.c...
compiling t_lcd_refresh.c...
compiling t_keyboard.c...
Project build/rebuild aborted.
Target not created
Build target 'rt-thread_stm32f4xx'
compiling t_emergency.c...
compiling t_handle.c...
Thread\t_handle.c(78): warning:  #177-D: variable "temp" was declared but never referenced
compiling t_FATfs.c...
Thread\t_FATfs.c(29): warning:  #175-D: subscript out of range
Thread\t_FATfs.c(30): warning:  #175-D: subscript out of range
Thread\t_FATfs.c(31): warning:  #175-D: subscript out of range
Thread\t_FATfs.c(31): warning:  #223-D: function "get_tim" declared implicitly
Thread\t_FATfs.c(37): warning:  #223-D: function "reset_tim" declared implicitly
Thread\t_FATfs.c(126): warning:  #223-D: function "sd_res" declared implicitly
Thread\t_FATfs.c(141): warning:  #223-D: function "sd_res" declared implicitly
Thread\t_FATfs.c(151): warning:  #223-D: function "sprintf" declared implicitly
Thread\t_FATfs.c(193): warning:  #223-D: function "sd_res" declared implicitly
compiling m_func.c...
compiling m_list.c...
compiling m_sys.c...
menuSys\m_sys.c(226): warning:  #223-D: function "fabs" declared implicitly
menuSys\m_sys.c(580): warning:  #177-D: variable "key_value" was declared but never referenced
menuSys\m_sys.c(686): warning:  #177-D: variable "delta" was declared but never referenced
compiling m_test.c...
compiling m_route.c...
compiling lcd_keyboard.c...
compiling mecanum.c...
UserDevices\mecanum.c(146): warning:  #550-D: variable "real_fl_speed" was set but never used
UserDevices\mecanum.c(147): warning:  #550-D: variable "real_fr_speed" was set but never used
UserDevices\mecanum.c(148): warning:  #550-D: variable "real_bl_speed" was set but never used
UserDevices\mecanum.c(149): warning:  #550-D: variable "real_br_speed" was set but never used
UserDevices\mecanum.c(29): warning:  #177-D: variable "robo_L" was declared but never referenced
UserDevices\mecanum.c(30): warning:  #177-D: variable "robo_W" was declared but never referenced
UserDevices\mecanum.c(31): warning:  #177-D: variable "wheel_r" was declared but never referenced
compiling gyro.c...
compiling encoder.c...
compiling gps.c...
compiling relay.c...
compiling motor.c...
compiling FanCtrl.c...
UserDevices\FanCtrl.c(23): warning:  #1035-D: single-precision operand implicitly converted to double-precision
UserDevices\FanCtrl.c(71): warning:  #223-D: function "Input_FloatValue" declared implicitly
UserDevices\FanCtrl.c(82): warning:  #1-D: last line of file ends without a newline
compiling easyline.c...
compiling goline.c...
Route\goline.c(172): warning:  #223-D: function "fflush" declared implicitly
compiling gocircle.c...
compiling keep.c...
Route\keep.c(95): warning:  #223-D: function "fflush" declared implicitly
compiling pointpath.c...
compiling PointRoute.c...
compiling goroute.c...
compiling t_auto.c...
compiling mymath.c...
compiling mystring.c...
compiling pid.c...
compiling databack.c...
compiling board.c...
drivers\board.c(113): warning:  #223-D: function "ttime_reset" declared implicitly
drivers\board.c(141): warning:  #223-D: function "tim_init" declared implicitly
compiling dma_rx_isr.c...
compiling stm32f4xx_it.c...
compiling stm324xg_eval_sdio_sd.c...
drivers\stm324xg_eval_sdio_sd.c(261): warning:  #47-D: incompatible redefinition of macro "NULL" (declared at line 6 of "drivers\can_database.h")
compiling io.c...
compiling pwm.c...
compiling can.c...
compiling can_database.c...
compiling Command.c...
compiling fan.c...
compiling sd_serve.c...
compiling sd_save.c...
drivers\sd_save.c(279): warning:  #550-D: variable "buz_delay" was set but never used
drivers\sd_save.c(280): warning:  #550-D: variable "onCnt" was set but never used
linking...
Program Size: Code=137620 RO-data=333496 RW-data=7476 ZI-data=42956  
User command #1: fromelf --bin .\build\rtthread-stm32f4xx.axf --output rtthread.bin
".\build\rtthread-stm32f4xx.axf" - 0 Error(s), 30 Warning(s).
Load "E:\\robocon\\program\\WorkSpace0109\\MainStandard2015.12.16\\bsp\\stm32f40x\\build\\rtthread-stm32f4xx.axf" 
Set JLink Project File to "E:\robocon\program\WorkSpace0109\MainStandard2015.12.16\bsp\stm32f40x\JLinkSettings.ini"
* JLink Info: Device "STM32F407IG" selected (1024 KB flash, 128 KB RAM).
 
JLink info:
------------
DLL: V4.84a, compiled Apr  4 2014 18:02:19
Firmware: J-Link ARM-OB STM32 compiled Aug 22 2012 19:52:04
Hardware: V7.00
S/N : 20090928 
Feature(s) : RDI,FlashDL,FlashBP,JFlash,GDBFull 
 
* JLink Info: Found SWD-DP with ID 0x1BA01477
* JLink Info: Found SWD-DP with ID 0x1BA01477
* JLink Info: Found Cortex-M3 r1p1, Little endian.
**JLink Warning: Identified core does not match configuration. (Found: Cortex-M3, Configured: Cortex-M4)
* JLink Info: FPUnit: 6 code (BP) slots and 2 literal slots
* JLink Info: TPIU fitted.
* JLink Info: ETM fitted.
ROMTableAddr = 0xE00FF003
 
Target info:
------------
Device: STM32F407IG
VTarget = 3.300V
State of Pins: 
TCK: 0, TDI: 0, TDO: 1, TMS: 0, TRES: 1, TRST: 1
Hardware-Breakpoints: 6
Software-Breakpoints: 8192
Watchpoints:          4
JTAG speed: 4000 kHz
 
Erase Failed!
Build target 'rt-thread_stm32f4xx'
linking...
Program Size: Code=137620 RO-data=333496 RW-data=7476 ZI-data=42956  
User command #1: fromelf --bin .\build\rtthread-stm32f4xx.axf --output rtthread.bin
".\build\rtthread-stm32f4xx.axf" - 0 Error(s), 0 Warning(s).
Load "E:\\robocon\\program\\WorkSpace0109\\MainStandard2015.12.16\\bsp\\stm32f40x\\build\\rtthread-stm32f4xx.axf" 
Set JLink Project File to "E:\robocon\program\WorkSpace0109\MainStandard2015.12.16\bsp\stm32f40x\JLinkSettings.ini"
* JLink Info: Device "STM32F407IG" selected (1024 KB flash, 128 KB RAM).
 
JLink info:
------------
DLL: V4.84a, compiled Apr  4 2014 18:02:19
Firmware: J-Link ARM-OB STM32 compiled Aug 22 2012 19:52:04
Hardware: V7.00
S/N : 20090928 
Feature(s) : RDI,FlashDL,FlashBP,JFlash,GDBFull 
 
* JLink Info: Found SWD-DP with ID 0x1BA01477
* JLink Info: Found SWD-DP with ID 0x1BA01477
* JLink Info: Found Cortex-M3 r1p1, Little endian.
**JLink Warning: Identified core does not match configuration. (Found: Cortex-M3, Configured: Cortex-M4)
* JLink Info: FPUnit: 6 code (BP) slots and 2 literal slots
* JLink Info: TPIU fitted.
* JLink Info: ETM fitted.
ROMTableAddr = 0xE00FF003
 
Target info:
------------
Device: STM32F407IG
VTarget = 3.300V
State of Pins: 
TCK: 0, TDI: 0, TDO: 1, TMS: 0, TRES: 1, TRST: 1
Hardware-Breakpoints: 6
Software-Breakpoints: 8192
Watchpoints:          4
JTAG speed: 4000 kHz
 
Erase Failed!
Load "E:\\robocon\\program\\WorkSpace0109\\MainStandard2015.12.16\\bsp\\stm32f40x\\build\\rtthread-stm32f4xx.axf" 
Set JLink Project File to "E:\robocon\program\WorkSpace0109\MainStandard2015.12.16\bsp\stm32f40x\JLinkSettings.ini"
* JLink Info: Device "STM32F407IG" selected (1024 KB flash, 128 KB RAM).
 
JLink info:
------------
DLL: V4.84a, compiled Apr  4 2014 18:02:19
Firmware: J-Link ARM-OB STM32 compiled Aug 22 2012 19:52:04
Hardware: V7.00
S/N : 20090928 
Feature(s) : RDI,FlashDL,FlashBP,JFlash,GDBFull 
 
* JLink Info: Found SWD-DP with ID 0x2BA01477
* JLink Info: Found SWD-DP with ID 0x2BA01477
* JLink Info: Found Cortex-M4 r0p1, Little endian.
* JLink Info: FPUnit: 6 code (BP) slots and 2 literal slots
* JLink Info: TPIU fitted.
* JLink Info: ETM fitted.
ROMTableAddr = 0xE00FF003
 
Target info:
------------
Device: STM32F407IG
VTarget = 3.300V
State of Pins: 
TCK: 0, TDI: 0, TDO: 1, TMS: 0, TRES: 1, TRST: 1
Hardware-Breakpoints: 6
Software-Breakpoints: 8192
Watchpoints:          4
JTAG speed: 4000 kHz
 
Erase Done.
Programming Done.
Verify OK.
Application running ...
Build target 'rt-thread_stm32f4xx'
compiling FanCtrl.c...
UserDevices\FanCtrl.c(23): warning:  #1035-D: single-precision operand implicitly converted to double-precision
UserDevices\FanCtrl.c(77): warning:  #223-D: function "Input_FloatValue" declared implicitly
UserDevices\FanCtrl.c(88): warning:  #1-D: last line of file ends without a newline
linking...
Program Size: Code=137676 RO-data=333496 RW-data=7476 ZI-data=42956  
User command #1: fromelf --bin .\build\rtthread-stm32f4xx.axf --output rtthread.bin
".\build\rtthread-stm32f4xx.axf" - 0 Error(s), 3 Warning(s).
Load "E:\\robocon\\program\\WorkSpace0109\\MainStandard2015.12.16\\bsp\\stm32f40x\\build\\rtthread-stm32f4xx.axf" 
Set JLink Project File to "E:\robocon\program\WorkSpace0109\MainStandard2015.12.16\bsp\stm32f40x\JLinkSettings.ini"
* JLink Info: Device "STM32F407IG" selected (1024 KB flash, 128 KB RAM).
 
JLink info:
------------
DLL: V4.84a, compiled Apr  4 2014 18:02:19
Firmware: J-Link ARM-OB STM32 compiled Aug 22 2012 19:52:04
Hardware: V7.00
S/N : 20090928 
Feature(s) : RDI,FlashDL,FlashBP,JFlash,GDBFull 
 
* JLink Info: Found SWD-DP with ID 0x2BA01477
* JLink Info: Found SWD-DP with ID 0x2BA01477
* JLink Info: Found Cortex-M4 r0p1, Little endian.
* JLink Info: FPUnit: 6 code (BP) slots and 2 literal slots
* JLink Info: TPIU fitted.
* JLink Info: ETM fitted.
ROMTableAddr = 0xE00FF003
 
Target info:
------------
Device: STM32F407IG
VTarget = 3.300V
State of Pins: 
TCK: 0, TDI: 0, TDO: 1, TMS: 0, TRES: 1, TRST: 1
Hardware-Breakpoints: 6
Software-Breakpoints: 8192
Watchpoints:          4
JTAG speed: 4000 kHz
 
Erase Done.
Programming Done.
Verify OK.
Application running ...
Build target 'rt-thread_stm32f4xx'
compiling FanCtrl.c...
UserDevices\FanCtrl.c(23): warning:  #1035-D: single-precision operand implicitly converted to double-precision
UserDevices\FanCtrl.c(77): warning:  #223-D: function "Input_FloatValue" declared implicitly
UserDevices\FanCtrl.c(88): warning:  #1-D: last line of file ends without a newline
linking...
Program Size: Code=137676 RO-data=333496 RW-data=7476 ZI-data=42956  
User command #1: fromelf --bin .\build\rtthread-stm32f4xx.axf --output rtthread.bin
".\build\rtthread-stm32f4xx.axf" - 0 Error(s), 3 Warning(s).
Load "E:\\robocon\\program\\WorkSpace0109\\MainStandard2015.12.16\\bsp\\stm32f40x\\build\\rtthread-stm32f4xx.axf" 
Set JLink Project File to "E:\robocon\program\WorkSpace0109\MainStandard2015.12.16\bsp\stm32f40x\JLinkSettings.ini"
* JLink Info: Device "STM32F407IG" selected (1024 KB flash, 128 KB RAM).
 
JLink info:
------------
DLL: V4.84a, compiled Apr  4 2014 18:02:19
Firmware: J-Link ARM-OB STM32 compiled Aug 22 2012 19:52:04
Hardware: V7.00
S/N : 20090928 
Feature(s) : RDI,FlashDL,FlashBP,JFlash,GDBFull 
 
* JLink Info: Found SWD-DP with ID 0x2BA01477
* JLink Info: Found SWD-DP with ID 0x2BA01477
* JLink Info: Found Cortex-M4 r0p1, Little endian.
* JLink Info: FPUnit: 6 code (BP) slots and 2 literal slots
* JLink Info: TPIU fitted.
* JLink Info: ETM fitted.
ROMTableAddr = 0xE00FF003
 
Target info:
------------
Device: STM32F407IG
VTarget = 3.300V
State of Pins: 
TCK: 0, TDI: 0, TDO: 1, TMS: 0, TRES: 1, TRST: 1
Hardware-Breakpoints: 6
Software-Breakpoints: 8192
Watchpoints:          4
JTAG speed: 4000 kHz
 
Erase Done.
Programming Done.
Verify OK.
Application running ...
Build target 'rt-thread_stm32f4xx'
compiling FanCtrl.c...
UserDevices\FanCtrl.c(24): warning:  #1035-D: single-precision operand implicitly converted to double-precision
UserDevices\FanCtrl.c(78): warning:  #223-D: function "Input_FloatValue" declared implicitly
UserDevices\FanCtrl.c(89): warning:  #1-D: last line of file ends without a newline
linking...
Program Size: Code=137676 RO-data=333496 RW-data=7476 ZI-data=42956  
User command #1: fromelf --bin .\build\rtthread-stm32f4xx.axf --output rtthread.bin
".\build\rtthread-stm32f4xx.axf" - 0 Error(s), 3 Warning(s).
Build target 'rt-thread_stm32f4xx'
compiling FanCtrl.c...
UserDevices\FanCtrl.c(24): warning:  #1035-D: single-precision operand implicitly converted to double-precision
UserDevices\FanCtrl.c(78): warning:  #223-D: function "Input_FloatValue" declared implicitly
UserDevices\FanCtrl.c(89): warning:  #1-D: last line of file ends without a newline
linking...
Program Size: Code=137676 RO-data=333496 RW-data=7476 ZI-data=42956  
User command #1: fromelf --bin .\build\rtthread-stm32f4xx.axf --output rtthread.bin
".\build\rtthread-stm32f4xx.axf" - 0 Error(s), 3 Warning(s).
Load "E:\\robocon\\program\\WorkSpace0109\\MainStandard2015.12.16\\bsp\\stm32f40x\\build\\rtthread-stm32f4xx.axf" 
Set JLink Project File to "E:\robocon\program\WorkSpace0109\MainStandard2015.12.16\bsp\stm32f40x\JLinkSettings.ini"
* JLink Info: Device "STM32F407IG" selected (1024 KB flash, 128 KB RAM).
 
JLink info:
------------
DLL: V4.84a, compiled Apr  4 2014 18:02:19
Firmware: J-Link ARM-OB STM32 compiled Aug 22 2012 19:52:04
Hardware: V7.00
S/N : 20090928 
Feature(s) : RDI,FlashDL,FlashBP,JFlash,GDBFull 
 
* JLink Info: Found SWD-DP with ID 0x2BA01477
* JLink Info: Found SWD-DP with ID 0x2BA01477
* JLink Info: Found Cortex-M4 r0p1, Little endian.
* JLink Info: FPUnit: 6 code (BP) slots and 2 literal slots
* JLink Info: TPIU fitted.
* JLink Info: ETM fitted.
ROMTableAddr = 0xE00FF003
 
Target info:
------------
Device: STM32F407IG
VTarget = 3.300V
State of Pins: 
TCK: 0, TDI: 0, TDO: 1, TMS: 0, TRES: 1, TRST: 1
Hardware-Breakpoints: 6
Software-Breakpoints: 8192
Watchpoints:          4
JTAG speed: 4000 kHz
 
Erase Done.
Programming Done.
Verify OK.
Application running ...
Build target 'rt-thread_stm32f4xx'
linking...
Program Size: Code=137676 RO-data=333496 RW-data=7476 ZI-data=42956  
User command #1: fromelf --bin .\build\rtthread-stm32f4xx.axf --output rtthread.bin
".\build\rtthread-stm32f4xx.axf" - 0 Error(s), 0 Warning(s).
Build target 'rt-thread_stm32f4xx'
compiling FanCtrl.c...
UserDevices\FanCtrl.c(25): warning:  #1035-D: single-precision operand implicitly converted to double-precision
UserDevices\FanCtrl.c(79): warning:  #223-D: function "Input_FloatValue" declared implicitly
UserDevices\FanCtrl.c(90): warning:  #1-D: last line of file ends without a newline
linking...
Program Size: Code=137684 RO-data=333496 RW-data=7476 ZI-data=42956  
User command #1: fromelf --bin .\build\rtthread-stm32f4xx.axf --output rtthread.bin
".\build\rtthread-stm32f4xx.axf" - 0 Error(s), 3 Warning(s).
Load "E:\\robocon\\program\\WorkSpace0109\\MainStandard2015.12.16\\bsp\\stm32f40x\\build\\rtthread-stm32f4xx.axf" 
Set JLink Project File to "E:\robocon\program\WorkSpace0109\MainStandard2015.12.16\bsp\stm32f40x\JLinkSettings.ini"
* JLink Info: Device "STM32F407IG" selected (1024 KB flash, 128 KB RAM).
 
JLink info:
------------
DLL: V4.84a, compiled Apr  4 2014 18:02:19
Firmware: J-Link ARM-OB STM32 compiled Aug 22 2012 19:52:04
Hardware: V7.00
S/N : 20090928 
Feature(s) : RDI,FlashDL,FlashBP,JFlash,GDBFull 
 
* JLink Info: Found SWD-DP with ID 0x2BA01477
* JLink Info: Found SWD-DP with ID 0x2BA01477
* JLink Info: Found Cortex-M4 r0p1, Little endian.
* JLink Info: FPUnit: 6 code (BP) slots and 2 literal slots
* JLink Info: TPIU fitted.
* JLink Info: ETM fitted.
ROMTableAddr = 0xE00FF003
 
Target info:
------------
Device: STM32F407IG
VTarget = 3.300V
State of Pins: 
TCK: 0, TDI: 0, TDO: 1, TMS: 0, TRES: 1, TRST: 1
Hardware-Breakpoints: 6
Software-Breakpoints: 8192
Watchpoints:          4
JTAG speed: 4000 kHz
 
Erase Done.
Programming Done.
Verify OK.
Application running ...
Load "E:\\robocon\\program\\WorkSpace0109\\MainStandard2015.12.16\\bsp\\stm32f40x\\build\\rtthread-stm32f4xx.axf" 
Set JLink Project File to "E:\robocon\program\WorkSpace0109\MainStandard2015.12.16\bsp\stm32f40x\JLinkSettings.ini"
* JLink Info: Device "STM32F407IG" selected (1024 KB flash, 128 KB RAM).
 
JLink info:
------------
DLL: V4.84a, compiled Apr  4 2014 18:02:19
Firmware: J-Link ARM-OB STM32 compiled Aug 22 2012 19:52:04
Hardware: V7.00
S/N : 20090928 
Feature(s) : RDI,FlashDL,FlashBP,JFlash,GDBFull 
 
* JLink Info: Found SWD-DP with ID 0x2BA01477
* JLink Info: Found SWD-DP with ID 0x2BA01477
* JLink Info: Found Cortex-M4 r0p1, Little endian.
* JLink Info: FPUnit: 6 code (BP) slots and 2 literal slots
* JLink Info: TPIU fitted.
* JLink Info: ETM fitted.
ROMTableAddr = 0xE00FF003
 
Target info:
------------
Device: STM32F407IG
VTarget = 3.300V
State of Pins: 
TCK: 0, TDI: 0, TDO: 1, TMS: 0, TRES: 1, TRST: 1
Hardware-Breakpoints: 6
Software-Breakpoints: 8192
Watchpoints:          4
JTAG speed: 4000 kHz
 
Erase Done.
Programming Done.
Verify OK.
Application running ...
Build target 'rt-thread_stm32f4xx'
compiling FanCtrl.c...
UserDevices\FanCtrl.c(25): warning:  #1035-D: single-precision operand implicitly converted to double-precision
UserDevices\FanCtrl.c(79): warning:  #223-D: function "Input_FloatValue" declared implicitly
UserDevices\FanCtrl.c(90): warning:  #1-D: last line of file ends without a newline
linking...
Program Size: Code=137684 RO-data=333496 RW-data=7476 ZI-data=42956  
User command #1: fromelf --bin .\build\rtthread-stm32f4xx.axf --output rtthread.bin
".\build\rtthread-stm32f4xx.axf" - 0 Error(s), 3 Warning(s).
Build target 'rt-thread_stm32f4xx'
compiling FanCtrl.c...
UserDevices\FanCtrl.c(25): warning:  #1035-D: single-precision operand implicitly converted to double-precision
UserDevices\FanCtrl.c(79): warning:  #223-D: function "Input_FloatValue" declared implicitly
UserDevices\FanCtrl.c(90): warning:  #1-D: last line of file ends without a newline
linking...
Program Size: Code=137684 RO-data=333496 RW-data=7476 ZI-data=42956  
User command #1: fromelf --bin .\build\rtthread-stm32f4xx.axf --output rtthread.bin
".\build\rtthread-stm32f4xx.axf" - 0 Error(s), 3 Warning(s).
Load "E:\\robocon\\program\\WorkSpace0109\\MainStandard2015.12.16\\bsp\\stm32f40x\\build\\rtthread-stm32f4xx.axf" 
Set JLink Project File to "E:\robocon\program\WorkSpace0109\MainStandard2015.12.16\bsp\stm32f40x\JLinkSettings.ini"
* JLink Info: Device "STM32F407IG" selected (1024 KB flash, 128 KB RAM).
 
JLink info:
------------
DLL: V4.84a, compiled Apr  4 2014 18:02:19
Firmware: J-Link ARM-OB STM32 compiled Aug 22 2012 19:52:04
Hardware: V7.00
S/N : 20090928 
Feature(s) : RDI,FlashDL,FlashBP,JFlash,GDBFull 
 
* JLink Info: Found SWD-DP with ID 0x2BA01477
* JLink Info: Found SWD-DP with ID 0x2BA01477
* JLink Info: Found Cortex-M4 r0p1, Little endian.
* JLink Info: FPUnit: 6 code (BP) slots and 2 literal slots
* JLink Info: TPIU fitted.
* JLink Info: ETM fitted.
ROMTableAddr = 0xE00FF003
 
Target info:
------------
Device: STM32F407IG
VTarget = 3.300V
State of Pins: 
TCK: 0, TDI: 0, TDO: 1, TMS: 0, TRES: 1, TRST: 1
Hardware-Breakpoints: 6
Software-Breakpoints: 8192
Watchpoints:          4
JTAG speed: 4000 kHz
 
Erase Done.
Programming Done.
Verify OK.
Application running ...
Build target 'rt-thread_stm32f4xx'
compiling FanCtrl.c...
UserDevices\FanCtrl.c(25): warning:  #1035-D: single-precision operand implicitly converted to double-precision
UserDevices\FanCtrl.c(79): warning:  #223-D: function "Input_FloatValue" declared implicitly
UserDevices\FanCtrl.c(90): warning:  #1-D: last line of file ends without a newline
linking...
Program Size: Code=137684 RO-data=333496 RW-data=7476 ZI-data=42956  
User command #1: fromelf --bin .\build\rtthread-stm32f4xx.axf --output rtthread.bin
".\build\rtthread-stm32f4xx.axf" - 0 Error(s), 3 Warning(s).
Load "E:\\robocon\\program\\WorkSpace0109\\MainStandard2015.12.16\\bsp\\stm32f40x\\build\\rtthread-stm32f4xx.axf" 
Set JLink Project File to "E:\robocon\program\WorkSpace0109\MainStandard2015.12.16\bsp\stm32f40x\JLinkSettings.ini"
* JLink Info: Device "STM32F407IG" selected (1024 KB flash, 128 KB RAM).
 
JLink info:
------------
DLL: V4.84a, compiled Apr  4 2014 18:02:19
Firmware: J-Link ARM-OB STM32 compiled Aug 22 2012 19:52:04
Hardware: V7.00
S/N : 20090928 
Feature(s) : RDI,FlashDL,FlashBP,JFlash,GDBFull 
 
* JLink Info: Found SWD-DP with ID 0x2BA01477
* JLink Info: Found SWD-DP with ID 0x2BA01477
* JLink Info: Found Cortex-M4 r0p1, Little endian.
* JLink Info: FPUnit: 6 code (BP) slots and 2 literal slots
* JLink Info: TPIU fitted.
* JLink Info: ETM fitted.
ROMTableAddr = 0xE00FF003
 
Target info:
------------
Device: STM32F407IG
VTarget = 3.300V
State of Pins: 
TCK: 0, TDI: 0, TDO: 1, TMS: 0, TRES: 1, TRST: 1
Hardware-Breakpoints: 6
Software-Breakpoints: 8192
Watchpoints:          4
JTAG speed: 4000 kHz
 
Erase Done.
Programming Done.
Verify OK.
Application running ...
Build target 'rt-thread_stm32f4xx'
compiling FanCtrl.c...
UserDevices\FanCtrl.c(25): warning:  #1035-D: single-precision operand implicitly converted to double-precision
UserDevices\FanCtrl.c(79): warning:  #223-D: function "Input_FloatValue" declared implicitly
UserDevices\FanCtrl.c(90): warning:  #1-D: last line of file ends without a newline
linking...
Program Size: Code=137684 RO-data=333496 RW-data=7476 ZI-data=42956  
User command #1: fromelf --bin .\build\rtthread-stm32f4xx.axf --output rtthread.bin
".\build\rtthread-stm32f4xx.axf" - 0 Error(s), 3 Warning(s).
Load "E:\\robocon\\program\\WorkSpace0109\\MainStandard2015.12.16\\bsp\\stm32f40x\\build\\rtthread-stm32f4xx.axf" 
Set JLink Project File to "E:\robocon\program\WorkSpace0109\MainStandard2015.12.16\bsp\stm32f40x\JLinkSettings.ini"
* JLink Info: Device "STM32F407IG" selected (1024 KB flash, 128 KB RAM).
 
JLink info:
------------
DLL: V4.84a, compiled Apr  4 2014 18:02:19
Firmware: J-Link ARM-OB STM32 compiled Aug 22 2012 19:52:04
Hardware: V7.00
S/N : 20090928 
Feature(s) : RDI,FlashDL,FlashBP,JFlash,GDBFull 
 
* JLink Info: Found SWD-DP with ID 0x2BA01477
* JLink Info: Found SWD-DP with ID 0x2BA01477
* JLink Info: Found Cortex-M4 r0p1, Little endian.
* JLink Info: FPUnit: 6 code (BP) slots and 2 literal slots
* JLink Info: TPIU fitted.
* JLink Info: ETM fitted.
ROMTableAddr = 0xE00FF003
 
Target info:
------------
Device: STM32F407IG
VTarget = 3.300V
State of Pins: 
TCK: 0, TDI: 0, TDO: 1, TMS: 0, TRES: 1, TRST: 1
Hardware-Breakpoints: 6
Software-Breakpoints: 8192
Watchpoints:          4
JTAG speed: 4000 kHz
 
Erase Done.
Programming Done.
Verify OK.
Application running ...
Build target 'rt-thread_stm32f4xx'
compiling FanCtrl.c...
UserDevices\FanCtrl.c(25): warning:  #1035-D: single-precision operand implicitly converted to double-precision
UserDevices\FanCtrl.c(79): warning:  #223-D: function "Input_FloatValue" declared implicitly
UserDevices\FanCtrl.c(90): warning:  #1-D: last line of file ends without a newline
linking...
Program Size: Code=137684 RO-data=333496 RW-data=7476 ZI-data=42956  
User command #1: fromelf --bin .\build\rtthread-stm32f4xx.axf --output rtthread.bin
".\build\rtthread-stm32f4xx.axf" - 0 Error(s), 3 Warning(s).
Load "E:\\robocon\\program\\WorkSpace0109\\MainStandard2015.12.16\\bsp\\stm32f40x\\build\\rtthread-stm32f4xx.axf" 
Set JLink Project File to "E:\robocon\program\WorkSpace0109\MainStandard2015.12.16\bsp\stm32f40x\JLinkSettings.ini"
* JLink Info: Device "STM32F407IG" selected (1024 KB flash, 128 KB RAM).
 
JLink info:
------------
DLL: V4.84a, compiled Apr  4 2014 18:02:19
Firmware: J-Link ARM-OB STM32 compiled Aug 22 2012 19:52:04
Hardware: V7.00
S/N : 20090928 
Feature(s) : RDI,FlashDL,FlashBP,JFlash,GDBFull 
 
* JLink Info: Found SWD-DP with ID 0x2BA01477
* JLink Info: Found SWD-DP with ID 0x2BA01477
* JLink Info: Found Cortex-M4 r0p1, Little endian.
* JLink Info: FPUnit: 6 code (BP) slots and 2 literal slots
* JLink Info: TPIU fitted.
* JLink Info: ETM fitted.
ROMTableAddr = 0xE00FF003
 
Target info:
------------
Device: STM32F407IG
VTarget = 3.300V
State of Pins: 
TCK: 0, TDI: 0, TDO: 1, TMS: 0, TRES: 1, TRST: 1
Hardware-Breakpoints: 6
Software-Breakpoints: 8192
Watchpoints:          4
JTAG speed: 4000 kHz
 
Erase Done.
Programming Done.
Verify OK.
Application running ...
