<!doctype html public "-//w3c//dtd html 4.0 transitional//en">
<html><head>
<title>Static Call Graph - [.\build\rtthread-stm32f4xx.axf]</title></head>
<body><HR>
<H1>Static Call Graph for image .\build\rtthread-stm32f4xx.axf</H1><HR>
<BR><P>#&#060CALLGRAPH&#062# ARM Linker, 5.03 [Build 69]: Last Updated: Mon Jan 11 22:20:59 2016
<BR><P>
<H3>Maximum Stack Usage =        952 bytes + Unknown(Cycles, Untraceable Function Pointers)</H3><H3>
Call chain for Maximum Stack Depth:</H3>
KeepTest &rArr; GPS_Clear &rArr; GPS_Init &rArr; Write_Database &rArr; Can_SendData &rArr; _can_senddata &rArr; SD_Printf2 &rArr; f_write &rArr; create_chain &rArr; put_fat &rArr; move_window &rArr; sync_window &rArr; disk_write &rArr; SD_WriteMultiBlocks &rArr; SD_LowLevel_DMA_TxConfig &rArr; DMA_FlowControllerConfig &rArr; assert_failed &rArr; rt_kprintf &rArr; rt_vsnprintf &rArr; print_number
<P>
<H3>
Mutually Recursive functions
</H3> <LI><a href="#[58]">ADC_IRQHandler</a>&nbsp;&nbsp;&nbsp;&rArr;&nbsp;&nbsp;&nbsp;<a href="#[58]">ADC_IRQHandler</a><BR>
</UL>
<P>
<H3>
Function Pointers
</H3><UL>
 <LI><a href="#[58]">ADC_IRQHandler</a> from startup_stm32f4xx.o(.text) referenced from startup_stm32f4xx.o(RESET)
 <LI><a href="#[40]">BusFault_Handler</a> from stm32f4xx_it.o(.text) referenced from startup_stm32f4xx.o(RESET)
 <LI><a href="#[5a]">CAN1_RX0_IRQHandler</a> from stm32f4xx_it.o(.text) referenced from startup_stm32f4xx.o(RESET)
 <LI><a href="#[5b]">CAN1_RX1_IRQHandler</a> from stm32f4xx_it.o(.text) referenced from startup_stm32f4xx.o(RESET)
 <LI><a href="#[5c]">CAN1_SCE_IRQHandler</a> from startup_stm32f4xx.o(.text) referenced from startup_stm32f4xx.o(RESET)
 <LI><a href="#[59]">CAN1_TX_IRQHandler</a> from startup_stm32f4xx.o(.text) referenced from startup_stm32f4xx.o(RESET)
 <LI><a href="#[86]">CAN2_RX0_IRQHandler</a> from stm32f4xx_it.o(.text) referenced from startup_stm32f4xx.o(RESET)
 <LI><a href="#[87]">CAN2_RX1_IRQHandler</a> from stm32f4xx_it.o(.text) referenced from startup_stm32f4xx.o(RESET)
 <LI><a href="#[88]">CAN2_SCE_IRQHandler</a> from startup_stm32f4xx.o(.text) referenced from startup_stm32f4xx.o(RESET)
 <LI><a href="#[85]">CAN2_TX_IRQHandler</a> from startup_stm32f4xx.o(.text) referenced from startup_stm32f4xx.o(RESET)
 <LI><a href="#[95]">CRYP_IRQHandler</a> from startup_stm32f4xx.o(.text) referenced from startup_stm32f4xx.o(RESET)
 <LI><a href="#[94]">DCMI_IRQHandler</a> from startup_stm32f4xx.o(.text) referenced from startup_stm32f4xx.o(RESET)
 <LI><a href="#[51]">DMA1_Stream0_IRQHandler</a> from startup_stm32f4xx.o(.text) referenced from startup_stm32f4xx.o(RESET)
 <LI><a href="#[52]">DMA1_Stream1_IRQHandler</a> from dma.o(.text) referenced from startup_stm32f4xx.o(RESET)
 <LI><a href="#[53]">DMA1_Stream2_IRQHandler</a> from dma.o(.text) referenced from startup_stm32f4xx.o(RESET)
 <LI><a href="#[54]">DMA1_Stream3_IRQHandler</a> from dma.o(.text) referenced from startup_stm32f4xx.o(RESET)
 <LI><a href="#[55]">DMA1_Stream4_IRQHandler</a> from dma.o(.text) referenced from startup_stm32f4xx.o(RESET)
 <LI><a href="#[56]">DMA1_Stream5_IRQHandler</a> from dma.o(.text) referenced from startup_stm32f4xx.o(RESET)
 <LI><a href="#[57]">DMA1_Stream6_IRQHandler</a> from dma.o(.text) referenced from startup_stm32f4xx.o(RESET)
 <LI><a href="#[75]">DMA1_Stream7_IRQHandler</a> from startup_stm32f4xx.o(.text) referenced from startup_stm32f4xx.o(RESET)
 <LI><a href="#[7e]">DMA2_Stream0_IRQHandler</a> from startup_stm32f4xx.o(.text) referenced from startup_stm32f4xx.o(RESET)
 <LI><a href="#[7f]">DMA2_Stream1_IRQHandler</a> from startup_stm32f4xx.o(.text) referenced from startup_stm32f4xx.o(RESET)
 <LI><a href="#[80]">DMA2_Stream2_IRQHandler</a> from dma.o(.text) referenced from startup_stm32f4xx.o(RESET)
 <LI><a href="#[81]">DMA2_Stream3_IRQHandler</a> from stm32f4xx_it.o(.text) referenced from startup_stm32f4xx.o(RESET)
 <LI><a href="#[82]">DMA2_Stream4_IRQHandler</a> from startup_stm32f4xx.o(.text) referenced from startup_stm32f4xx.o(RESET)
 <LI><a href="#[8a]">DMA2_Stream5_IRQHandler</a> from dma.o(.text) referenced from startup_stm32f4xx.o(RESET)
 <LI><a href="#[8b]">DMA2_Stream6_IRQHandler</a> from dma.o(.text) referenced from startup_stm32f4xx.o(RESET)
 <LI><a href="#[8c]">DMA2_Stream7_IRQHandler</a> from dma.o(.text) referenced from startup_stm32f4xx.o(RESET)
 <LI><a href="#[9]">DataBackTest</a> from m_test.o(.text) referenced 2 times from m_list.o(.data)
 <LI><a href="#[43]">DebugMon_Handler</a> from stm32f4xx_it.o(.text) referenced from startup_stm32f4xx.o(RESET)
 <LI><a href="#[83]">ETH_IRQHandler</a> from startup_stm32f4xx.o(.text) referenced from startup_stm32f4xx.o(RESET)
 <LI><a href="#[84]">ETH_WKUP_IRQHandler</a> from startup_stm32f4xx.o(.text) referenced from startup_stm32f4xx.o(RESET)
 <LI><a href="#[4c]">EXTI0_IRQHandler</a> from startup_stm32f4xx.o(.text) referenced from startup_stm32f4xx.o(RESET)
 <LI><a href="#[6e]">EXTI15_10_IRQHandler</a> from startup_stm32f4xx.o(.text) referenced from startup_stm32f4xx.o(RESET)
 <LI><a href="#[4d]">EXTI1_IRQHandler</a> from startup_stm32f4xx.o(.text) referenced from startup_stm32f4xx.o(RESET)
 <LI><a href="#[4e]">EXTI2_IRQHandler</a> from startup_stm32f4xx.o(.text) referenced from startup_stm32f4xx.o(RESET)
 <LI><a href="#[4f]">EXTI3_IRQHandler</a> from startup_stm32f4xx.o(.text) referenced from startup_stm32f4xx.o(RESET)
 <LI><a href="#[50]">EXTI4_IRQHandler</a> from startup_stm32f4xx.o(.text) referenced from startup_stm32f4xx.o(RESET)
 <LI><a href="#[5d]">EXTI9_5_IRQHandler</a> from startup_stm32f4xx.o(.text) referenced from startup_stm32f4xx.o(RESET)
 <LI><a href="#[4a]">FLASH_IRQHandler</a> from startup_stm32f4xx.o(.text) referenced from startup_stm32f4xx.o(RESET)
 <LI><a href="#[97]">FPU_IRQHandler</a> from startup_stm32f4xx.o(.text) referenced from startup_stm32f4xx.o(RESET)
 <LI><a href="#[76]">FSMC_IRQHandler</a> from startup_stm32f4xx.o(.text) referenced from startup_stm32f4xx.o(RESET)
 <LI><a href="#[15]">G_M_CMD_FUNC</a> from command.o(.text) referenced 2 times from can_database.o(.data)
 <LI><a href="#[b]">GoCircleTest</a> from m_route.o(.text) referenced 4 times from m_list.o(.data)
 <LI><a href="#[c]">GoLeanTest</a> from m_route.o(.text) referenced 4 times from m_list.o(.data)
 <LI><a href="#[a]">GoLineTest</a> from m_route.o(.text) referenced 4 times from m_list.o(.data)
 <LI><a href="#[96]">HASH_RNG_IRQHandler</a> from startup_stm32f4xx.o(.text) referenced from startup_stm32f4xx.o(RESET)
 <LI><a href="#[3e]">HardFault_Handler</a> from context_rvds.o(.text) referenced from startup_stm32f4xx.o(RESET)
 <LI><a href="#[66]">I2C1_ER_IRQHandler</a> from startup_stm32f4xx.o(.text) referenced from startup_stm32f4xx.o(RESET)
 <LI><a href="#[65]">I2C1_EV_IRQHandler</a> from startup_stm32f4xx.o(.text) referenced from startup_stm32f4xx.o(RESET)
 <LI><a href="#[68]">I2C2_ER_IRQHandler</a> from startup_stm32f4xx.o(.text) referenced from startup_stm32f4xx.o(RESET)
 <LI><a href="#[67]">I2C2_EV_IRQHandler</a> from startup_stm32f4xx.o(.text) referenced from startup_stm32f4xx.o(RESET)
 <LI><a href="#[8f]">I2C3_ER_IRQHandler</a> from startup_stm32f4xx.o(.text) referenced from startup_stm32f4xx.o(RESET)
 <LI><a href="#[8e]">I2C3_EV_IRQHandler</a> from startup_stm32f4xx.o(.text) referenced from startup_stm32f4xx.o(RESET)
 <LI><a href="#[f]">KeepTest</a> from m_route.o(.text) referenced 2 times from m_list.o(.data)
 <LI><a href="#[3f]">MemManage_Handler</a> from stm32f4xx_it.o(.text) referenced from startup_stm32f4xx.o(RESET)
 <LI><a href="#[3d]">NMI_Handler</a> from stm32f4xx_it.o(.text) referenced from startup_stm32f4xx.o(RESET)
 <LI><a href="#[89]">OTG_FS_IRQHandler</a> from startup_stm32f4xx.o(.text) referenced from startup_stm32f4xx.o(RESET)
 <LI><a href="#[70]">OTG_FS_WKUP_IRQHandler</a> from startup_stm32f4xx.o(.text) referenced from startup_stm32f4xx.o(RESET)
 <LI><a href="#[91]">OTG_HS_EP1_IN_IRQHandler</a> from startup_stm32f4xx.o(.text) referenced from startup_stm32f4xx.o(RESET)
 <LI><a href="#[90]">OTG_HS_EP1_OUT_IRQHandler</a> from startup_stm32f4xx.o(.text) referenced from startup_stm32f4xx.o(RESET)
 <LI><a href="#[93]">OTG_HS_IRQHandler</a> from startup_stm32f4xx.o(.text) referenced from startup_stm32f4xx.o(RESET)
 <LI><a href="#[92]">OTG_HS_WKUP_IRQHandler</a> from startup_stm32f4xx.o(.text) referenced from startup_stm32f4xx.o(RESET)
 <LI><a href="#[47]">PVD_IRQHandler</a> from startup_stm32f4xx.o(.text) referenced from startup_stm32f4xx.o(RESET)
 <LI><a href="#[44]">PendSV_Handler</a> from context_rvds.o(.text) referenced from startup_stm32f4xx.o(RESET)
 <LI><a href="#[4b]">RCC_IRQHandler</a> from startup_stm32f4xx.o(.text) referenced from startup_stm32f4xx.o(RESET)
 <LI><a href="#[6f]">RTC_Alarm_IRQHandler</a> from startup_stm32f4xx.o(.text) referenced from startup_stm32f4xx.o(RESET)
 <LI><a href="#[49]">RTC_WKUP_IRQHandler</a> from startup_stm32f4xx.o(.text) referenced from startup_stm32f4xx.o(RESET)
 <LI><a href="#[3c]">Reset_Handler</a> from startup_stm32f4xx.o(.text) referenced from startup_stm32f4xx.o(RESET)
 <LI><a href="#[10]">RouteTest</a> from m_route.o(.text) referenced 2 times from m_list.o(.data)
 <LI><a href="#[77]">SDIO_IRQHandler</a> from stm32f4xx_it.o(.text) referenced from startup_stm32f4xx.o(RESET)
 <LI><a href="#[13]">SD_ReInit</a> from t_fatfs.o(.text) referenced 2 times from m_list.o(.data)
 <LI><a href="#[14]">SD_Walkground</a> from t_fatfs.o(.text) referenced 2 times from m_list.o(.data)
 <LI><a href="#[69]">SPI1_IRQHandler</a> from startup_stm32f4xx.o(.text) referenced from startup_stm32f4xx.o(RESET)
 <LI><a href="#[6a]">SPI2_IRQHandler</a> from startup_stm32f4xx.o(.text) referenced from startup_stm32f4xx.o(RESET)
 <LI><a href="#[79]">SPI3_IRQHandler</a> from startup_stm32f4xx.o(.text) referenced from startup_stm32f4xx.o(RESET)
 <LI><a href="#[d]">STAR</a> from m_route.o(.text) referenced 2 times from m_list.o(.data)
 <LI><a href="#[42]">SVC_Handler</a> from stm32f4xx_it.o(.text) referenced from startup_stm32f4xx.o(RESET)
 <LI><a href="#[37]">S_CAM1_TRANS_FUNC</a> from command.o(.text) referenced 2 times from can_database.o(.data)
 <LI><a href="#[38]">S_CAM2_TRANS_FUNC</a> from command.o(.text) referenced 2 times from can_database.o(.data)
 <LI><a href="#[39]">S_CAM3_TRANS_FUNC</a> from command.o(.text) referenced 2 times from can_database.o(.data)
 <LI><a href="#[3a]">S_CAM4_TRANS_FUNC</a> from command.o(.text) referenced 2 times from can_database.o(.data)
 <LI><a href="#[3b]">S_CAM5_TRANS_FUNC</a> from command.o(.text) referenced 2 times from can_database.o(.data)
 <LI><a href="#[32]">S_CAMERA1_FUNC</a> from command.o(.text) referenced 2 times from can_database.o(.data)
 <LI><a href="#[33]">S_CAMERA2_FUNC</a> from command.o(.text) referenced 2 times from can_database.o(.data)
 <LI><a href="#[34]">S_CAMERA3_FUNC</a> from command.o(.text) referenced 2 times from can_database.o(.data)
 <LI><a href="#[35]">S_CAMERA4_FUNC</a> from command.o(.text) referenced 2 times from can_database.o(.data)
 <LI><a href="#[36]">S_CAMERA5_FUNC</a> from command.o(.text) referenced 2 times from can_database.o(.data)
 <LI><a href="#[1f]">S_ENC1_ANG_FUNC</a> from command.o(.text) referenced 2 times from can_database.o(.data)
 <LI><a href="#[1c]">S_ENC1_C1_FUNC</a> from command.o(.text) referenced 2 times from can_database.o(.data)
 <LI><a href="#[1d]">S_ENC1_C2_FUNC</a> from command.o(.text) referenced 2 times from can_database.o(.data)
 <LI><a href="#[20]">S_ENC1_DIS_FUNC</a> from command.o(.text) referenced 2 times from can_database.o(.data)
 <LI><a href="#[1e]">S_ENC1_RAD_FUNC</a> from command.o(.text) referenced 2 times from can_database.o(.data)
 <LI><a href="#[24]">S_ENC2_ANG_FUNC</a> from command.o(.text) referenced 2 times from can_database.o(.data)
 <LI><a href="#[21]">S_ENC2_C1_FUNC</a> from command.o(.text) referenced 2 times from can_database.o(.data)
 <LI><a href="#[22]">S_ENC2_C2_FUNC</a> from command.o(.text) referenced 2 times from can_database.o(.data)
 <LI><a href="#[25]">S_ENC2_DIS_FUNC</a> from command.o(.text) referenced 2 times from can_database.o(.data)
 <LI><a href="#[23]">S_ENC2_RAD_FUNC</a> from command.o(.text) referenced 2 times from can_database.o(.data)
 <LI><a href="#[26]">S_FACTOR_FUNC</a> from command.o(.text) referenced 2 times from can_database.o(.data)
 <LI><a href="#[18]">S_GPS_ANG_FUNC</a> from command.o(.text) referenced 2 times from can_database.o(.data)
 <LI><a href="#[16]">S_GPS_X_FUNC</a> from command.o(.text) referenced 2 times from can_database.o(.data)
 <LI><a href="#[17]">S_GPS_Y_FUNC</a> from command.o(.text) referenced 2 times from can_database.o(.data)
 <LI><a href="#[19]">S_GYRO_C1_FUNC</a> from command.o(.text) referenced 2 times from can_database.o(.data)
 <LI><a href="#[1a]">S_GYRO_C2_FUNC</a> from command.o(.text) referenced 2 times from can_database.o(.data)
 <LI><a href="#[1b]">S_GYRO_RAD_FUNC</a> from command.o(.text) referenced 2 times from can_database.o(.data)
 <LI><a href="#[2a]">S_MOTOR1_ENC_FUNC</a> from command.o(.text) referenced 2 times from can_database.o(.data)
 <LI><a href="#[2b]">S_MOTOR2_ENC_FUNC</a> from command.o(.text) referenced 2 times from can_database.o(.data)
 <LI><a href="#[2c]">S_MOTOR3_ENC_FUNC</a> from command.o(.text) referenced 2 times from can_database.o(.data)
 <LI><a href="#[2d]">S_MOTOR4_ENC_FUNC</a> from command.o(.text) referenced 2 times from can_database.o(.data)
 <LI><a href="#[2e]">S_MOTOR5_ENC_FUNC</a> from command.o(.text) referenced 2 times from can_database.o(.data)
 <LI><a href="#[2f]">S_MOTOR6_ENC_FUNC</a> from command.o(.text) referenced 2 times from can_database.o(.data)
 <LI><a href="#[30]">S_MOTOR7_ENC_FUNC</a> from command.o(.text) referenced 2 times from can_database.o(.data)
 <LI><a href="#[31]">S_MOTOR8_ENC_FUNC</a> from command.o(.text) referenced 2 times from can_database.o(.data)
 <LI><a href="#[28]">S_SONIC1_FUNC</a> from command.o(.text) referenced 2 times from can_database.o(.data)
 <LI><a href="#[29]">S_SONIC2_FUNC</a> from command.o(.text) referenced 2 times from can_database.o(.data)
 <LI><a href="#[27]">S_STATUS_FUNC</a> from command.o(.text) referenced 2 times from can_database.o(.data)
 <LI><a href="#[45]">SysTick_Handler</a> from board.o(.text) referenced from startup_stm32f4xx.o(RESET)
 <LI><a href="#[a6]">SystemInit</a> from system_stm32f4xx.o(.text) referenced from startup_stm32f4xx.o(.text)
 <LI><a href="#[48]">TAMP_STAMP_IRQHandler</a> from startup_stm32f4xx.o(.text) referenced from startup_stm32f4xx.o(RESET)
 <LI><a href="#[5e]">TIM1_BRK_TIM9_IRQHandler</a> from startup_stm32f4xx.o(.text) referenced from startup_stm32f4xx.o(RESET)
 <LI><a href="#[61]">TIM1_CC_IRQHandler</a> from startup_stm32f4xx.o(.text) referenced from startup_stm32f4xx.o(RESET)
 <LI><a href="#[60]">TIM1_TRG_COM_TIM11_IRQHandler</a> from startup_stm32f4xx.o(.text) referenced from startup_stm32f4xx.o(RESET)
 <LI><a href="#[5f]">TIM1_UP_TIM10_IRQHandler</a> from tim.o(.text) referenced from startup_stm32f4xx.o(RESET)
 <LI><a href="#[62]">TIM2_IRQHandler</a> from tim.o(.text) referenced from startup_stm32f4xx.o(RESET)
 <LI><a href="#[63]">TIM3_IRQHandler</a> from startup_stm32f4xx.o(.text) referenced from startup_stm32f4xx.o(RESET)
 <LI><a href="#[64]">TIM4_IRQHandler</a> from tim.o(.text) referenced from startup_stm32f4xx.o(RESET)
 <LI><a href="#[78]">TIM5_IRQHandler</a> from tim.o(.text) referenced from startup_stm32f4xx.o(RESET)
 <LI><a href="#[7c]">TIM6_DAC_IRQHandler</a> from tim.o(.text) referenced from startup_stm32f4xx.o(RESET)
 <LI><a href="#[7d]">TIM7_IRQHandler</a> from tim.o(.text) referenced from startup_stm32f4xx.o(RESET)
 <LI><a href="#[71]">TIM8_BRK_TIM12_IRQHandler</a> from startup_stm32f4xx.o(.text) referenced from startup_stm32f4xx.o(RESET)
 <LI><a href="#[74]">TIM8_CC_IRQHandler</a> from startup_stm32f4xx.o(.text) referenced from startup_stm32f4xx.o(RESET)
 <LI><a href="#[73]">TIM8_TRG_COM_TIM14_IRQHandler</a> from startup_stm32f4xx.o(.text) referenced from startup_stm32f4xx.o(RESET)
 <LI><a href="#[72]">TIM8_UP_TIM13_IRQHandler</a> from tim.o(.text) referenced from startup_stm32f4xx.o(RESET)
 <LI><a href="#[7a]">UART4_IRQHandler</a> from startup_stm32f4xx.o(.text) referenced from startup_stm32f4xx.o(RESET)
 <LI><a href="#[7b]">UART5_IRQHandler</a> from stm32f4xx_it.o(.text) referenced from startup_stm32f4xx.o(RESET)
 <LI><a href="#[6b]">USART1_IRQHandler</a> from stm32f4xx_it.o(.text) referenced from startup_stm32f4xx.o(RESET)
 <LI><a href="#[6c]">USART2_IRQHandler</a> from stm32f4xx_it.o(.text) referenced from startup_stm32f4xx.o(RESET)
 <LI><a href="#[6d]">USART3_IRQHandler</a> from stm32f4xx_it.o(.text) referenced from startup_stm32f4xx.o(RESET)
 <LI><a href="#[8d]">USART6_IRQHandler</a> from stm32f4xx_it.o(.text) referenced from startup_stm32f4xx.o(RESET)
 <LI><a href="#[41]">UsageFault_Handler</a> from stm32f4xx_it.o(.text) referenced from startup_stm32f4xx.o(RESET)
 <LI><a href="#[46]">WWDG_IRQHandler</a> from startup_stm32f4xx.o(.text) referenced from startup_stm32f4xx.o(RESET)
 <LI><a href="#[a7]">__main</a> from entry.o(.ARM.Collect$$$$00000000) referenced from startup_stm32f4xx.o(.text)
 <LI><a href="#[aa]">_sputc</a> from printf6.o(i._sputc) referenced from printf6.o(i.__0sprintf$6)
 <LI><a href="#[ab]">_sputc</a> from printfa.o(i._sputc) referenced from printfa.o(i.__0vsprintf)
 <LI><a href="#[98]">main</a> from startup.o(.text) referenced from entry9a.o(.ARM.Collect$$$$0000000B)
 <LI><a href="#[e]">pid_set_A</a> from m_sys.o(.text) referenced 2 times from m_list.o(.data)
 <LI><a href="#[ae]">rt_init_thread_entry</a> from application.o(.text) referenced from application.o(.text)
 <LI><a href="#[a2]">rt_serial_close</a> from serial.o(.text) referenced from serial.o(.text)
 <LI><a href="#[a5]">rt_serial_control</a> from serial.o(.text) referenced from serial.o(.text)
 <LI><a href="#[a0]">rt_serial_init</a> from serial.o(.text) referenced from serial.o(.text)
 <LI><a href="#[a1]">rt_serial_open</a> from serial.o(.text) referenced from serial.o(.text)
 <LI><a href="#[a3]">rt_serial_read</a> from serial.o(.text) referenced from serial.o(.text)
 <LI><a href="#[a4]">rt_serial_write</a> from serial.o(.text) referenced from serial.o(.text)
 <LI><a href="#[9e]">rt_thread_entry_FATfs</a> from t_fatfs.o(.text) referenced from t_fatfs.o(.text)
 <LI><a href="#[9f]">rt_thread_entry_auto</a> from t_auto.o(.text) referenced from t_auto.o(.text)
 <LI><a href="#[9c]">rt_thread_entry_emergency</a> from t_emergency.o(.text) referenced from t_emergency.o(.text)
 <LI><a href="#[9d]">rt_thread_entry_handle</a> from t_handle.o(.text) referenced from t_handle.o(.text)
 <LI><a href="#[9b]">rt_thread_entry_keyboard</a> from t_keyboard.o(.text) referenced from t_keyboard.o(.text)
 <LI><a href="#[9a]">rt_thread_entry_lcd_refresh</a> from t_lcd_refresh.o(.text) referenced from t_lcd_refresh.o(.text)
 <LI><a href="#[a9]">rt_thread_exit</a> from thread.o(.text) referenced from thread.o(.text)
 <LI><a href="#[a8]">rt_thread_idle_entry</a> from idle.o(.text) referenced from idle.o(.text)
 <LI><a href="#[355]">rt_thread_timeout</a> from thread.o(.text) referenced from thread.o(.text)
 <LI><a href="#[2ff]">rt_thread_userhook</a> from idle.o(.text) referenced from idle.o(.text)
 <LI><a href="#[12]">stepper_fan</a> from fanctrl.o(.text) referenced 2 times from m_list.o(.data)
 <LI><a href="#[7]">sys_CAN</a> from m_sys.o(.text) referenced 2 times from m_list.o(.data)
 <LI><a href="#[3]">sys_Encoder</a> from m_sys.o(.text) referenced 2 times from m_list.o(.data)
 <LI><a href="#[4]">sys_GPS</a> from m_sys.o(.text) referenced 2 times from m_list.o(.data)
 <LI><a href="#[2]">sys_Gyro</a> from m_sys.o(.text) referenced 2 times from m_list.o(.data)
 <LI><a href="#[8]">sys_Handle</a> from m_sys.o(.text) referenced 2 times from m_list.o(.data)
 <LI><a href="#[5]">sys_Mecanum</a> from m_sys.o(.text) referenced 2 times from m_list.o(.data)
 <LI><a href="#[6]">sys_SA_ST</a> from m_sys.o(.text) referenced 2 times from m_list.o(.data)
 <LI><a href="#[11]">test_elevator</a> from fanctrl.o(.text) referenced 2 times from m_list.o(.data)
 <LI><a href="#[99]">ttime_hook</a> from t_fatfs.o(.text) referenced from application.o(.text)
</UL>
<P>
<H3>
Global Symbols
</H3>
<P><STRONG><a name="[a7]"></a>__main</STRONG> (Thumb, 0 bytes, Stack size unknown bytes, entry.o(.ARM.Collect$$$$00000000))
<BR>[Address Reference Count : 1]<UL><LI> startup_stm32f4xx.o(.text)
</UL>
<P><STRONG><a name="[3be]"></a>_main_stk</STRONG> (Thumb, 0 bytes, Stack size unknown bytes, entry2.o(.ARM.Collect$$$$00000001))

<P><STRONG><a name="[ac]"></a>_main_scatterload</STRONG> (Thumb, 0 bytes, Stack size unknown bytes, entry5.o(.ARM.Collect$$$$00000004))
<BR><BR>[Calls]<UL><LI><a href="#[ad]">&gt;&gt;</a>&nbsp;&nbsp;&nbsp;__scatterload
</UL>

<P><STRONG><a name="[3ac]"></a>__main_after_scatterload</STRONG> (Thumb, 0 bytes, Stack size unknown bytes, entry5.o(.ARM.Collect$$$$00000004))
<BR><BR>[Called By]<UL><LI><a href="#[ad]">&gt;&gt;</a>&nbsp;&nbsp;&nbsp;__scatterload
</UL>

<P><STRONG><a name="[3bf]"></a>_main_clock</STRONG> (Thumb, 0 bytes, Stack size unknown bytes, entry7b.o(.ARM.Collect$$$$00000008))

<P><STRONG><a name="[3c0]"></a>_main_cpp_init</STRONG> (Thumb, 0 bytes, Stack size unknown bytes, entry8b.o(.ARM.Collect$$$$0000000A))

<P><STRONG><a name="[3c1]"></a>_main_init</STRONG> (Thumb, 0 bytes, Stack size unknown bytes, entry9a.o(.ARM.Collect$$$$0000000B))

<P><STRONG><a name="[3c2]"></a>__rt_final_cpp</STRONG> (Thumb, 0 bytes, Stack size unknown bytes, entry10a.o(.ARM.Collect$$$$0000000D))

<P><STRONG><a name="[3c3]"></a>__rt_final_exit</STRONG> (Thumb, 0 bytes, Stack size unknown bytes, entry11a.o(.ARM.Collect$$$$0000000F))

<P><STRONG><a name="[ae]"></a>rt_init_thread_entry</STRONG> (Thumb, 2 bytes, Stack size 0 bytes, application.o(.text))
<BR>[Address Reference Count : 1]<UL><LI> application.o(.text)
</UL>
<P><STRONG><a name="[af]"></a>rt_application_init</STRONG> (Thumb, 84 bytes, Stack size 16 bytes, application.o(.text))
<BR><BR>[Stack]<UL><LI>Max Depth = 360<LI>Call Chain = rt_application_init &rArr; rt_thread_create &rArr; rt_object_allocate &rArr; rt_malloc &rArr; rt_sem_take &rArr; rt_schedule &rArr; _rt_scheduler_stack_check &rArr; rt_kprintf &rArr; rt_vsnprintf &rArr; print_number
</UL>
<BR>[Calls]<UL><LI><a href="#[b1]">&gt;&gt;</a>&nbsp;&nbsp;&nbsp;rt_thread_startup
<LI><a href="#[b3]">&gt;&gt;</a>&nbsp;&nbsp;&nbsp;rt_thread_lcd_refresh_init
<LI><a href="#[b5]">&gt;&gt;</a>&nbsp;&nbsp;&nbsp;rt_thread_handle_init
<LI><a href="#[b4]">&gt;&gt;</a>&nbsp;&nbsp;&nbsp;rt_thread_emergency_init
<LI><a href="#[b0]">&gt;&gt;</a>&nbsp;&nbsp;&nbsp;rt_thread_create
<LI><a href="#[b6]">&gt;&gt;</a>&nbsp;&nbsp;&nbsp;rt_thread_auto_init
<LI><a href="#[b7]">&gt;&gt;</a>&nbsp;&nbsp;&nbsp;rt_thread_FATfs_init
<LI><a href="#[bc]">&gt;&gt;</a>&nbsp;&nbsp;&nbsp;rt_scheduler_sethook
<LI><a href="#[b2]">&gt;&gt;</a>&nbsp;&nbsp;&nbsp;rt_keyboard_init
<LI><a href="#[bb]">&gt;&gt;</a>&nbsp;&nbsp;&nbsp;Mq_Sd_Init
<LI><a href="#[b8]">&gt;&gt;</a>&nbsp;&nbsp;&nbsp;Mb_Key_Init
<LI><a href="#[b9]">&gt;&gt;</a>&nbsp;&nbsp;&nbsp;Mb_Emergency_Init
<LI><a href="#[ba]">&gt;&gt;</a>&nbsp;&nbsp;&nbsp;Mb_Auto_Init
</UL>
<BR>[Called By]<UL><LI><a href="#[c6]">&gt;&gt;</a>&nbsp;&nbsp;&nbsp;rtthread_startup
</UL>

<P><STRONG><a name="[bd]"></a>Creat_NewFloder</STRONG> (Thumb, 12 bytes, Stack size 8 bytes, application.o(.text), UNUSED)
<BR><BR>[Calls]<UL><LI><a href="#[be]">&gt;&gt;</a>&nbsp;&nbsp;&nbsp;f_mkdir
</UL>

<P><STRONG><a name="[bf]"></a>assert_failed</STRONG> (Thumb, 30 bytes, Stack size 0 bytes, startup.o(.text))
<BR><BR>[Stack]<UL><LI>Max Depth = 176<LI>Call Chain = assert_failed &rArr; rt_kprintf &rArr; rt_vsnprintf &rArr; print_number
</UL>
<BR>[Calls]<UL><LI><a href="#[c0]">&gt;&gt;</a>&nbsp;&nbsp;&nbsp;rt_kprintf
</UL>
<BR>[Called By]<UL><LI><a href="#[dc]">&gt;&gt;</a>&nbsp;&nbsp;&nbsp;TIM_TimeBaseInit
<LI><a href="#[dd]">&gt;&gt;</a>&nbsp;&nbsp;&nbsp;TIM_Cmd
<LI><a href="#[db]">&gt;&gt;</a>&nbsp;&nbsp;&nbsp;RCC_APB1PeriphClockCmd
<LI><a href="#[d7]">&gt;&gt;</a>&nbsp;&nbsp;&nbsp;Com_SendByte
<LI><a href="#[18c]">&gt;&gt;</a>&nbsp;&nbsp;&nbsp;_uart_gpio_init
<LI><a href="#[18b]">&gt;&gt;</a>&nbsp;&nbsp;&nbsp;_uart_rcc_init
<LI><a href="#[17c]">&gt;&gt;</a>&nbsp;&nbsp;&nbsp;SysTick_CLKSourceConfig
<LI><a href="#[178]">&gt;&gt;</a>&nbsp;&nbsp;&nbsp;NVIC_SetVectorTable
<LI><a href="#[179]">&gt;&gt;</a>&nbsp;&nbsp;&nbsp;NVIC_PriorityGroupConfig
<LI><a href="#[138]">&gt;&gt;</a>&nbsp;&nbsp;&nbsp;PWM_SetDuty
<LI><a href="#[232]">&gt;&gt;</a>&nbsp;&nbsp;&nbsp;TIM_ITConfig
<LI><a href="#[233]">&gt;&gt;</a>&nbsp;&nbsp;&nbsp;TIM_GetITStatus
<LI><a href="#[234]">&gt;&gt;</a>&nbsp;&nbsp;&nbsp;TIM_ClearITPendingBit
<LI><a href="#[230]">&gt;&gt;</a>&nbsp;&nbsp;&nbsp;TIM_ARRPreloadConfig
<LI><a href="#[220]">&gt;&gt;</a>&nbsp;&nbsp;&nbsp;Fan_Duty
<LI><a href="#[212]">&gt;&gt;</a>&nbsp;&nbsp;&nbsp;CAN_Transmit
<LI><a href="#[20c]">&gt;&gt;</a>&nbsp;&nbsp;&nbsp;CAN_SlaveStartBank
<LI><a href="#[20a]">&gt;&gt;</a>&nbsp;&nbsp;&nbsp;CAN_Init
<LI><a href="#[20f]">&gt;&gt;</a>&nbsp;&nbsp;&nbsp;CAN_ITConfig
<LI><a href="#[20d]">&gt;&gt;</a>&nbsp;&nbsp;&nbsp;CAN_FilterInit
<LI><a href="#[209]">&gt;&gt;</a>&nbsp;&nbsp;&nbsp;CAN_DeInit
<LI><a href="#[203]">&gt;&gt;</a>&nbsp;&nbsp;&nbsp;TIM_OC4PreloadConfig
<LI><a href="#[202]">&gt;&gt;</a>&nbsp;&nbsp;&nbsp;TIM_OC4Init
<LI><a href="#[201]">&gt;&gt;</a>&nbsp;&nbsp;&nbsp;TIM_OC3PreloadConfig
<LI><a href="#[200]">&gt;&gt;</a>&nbsp;&nbsp;&nbsp;TIM_OC3Init
<LI><a href="#[1ff]">&gt;&gt;</a>&nbsp;&nbsp;&nbsp;TIM_OC2PreloadConfig
<LI><a href="#[1fe]">&gt;&gt;</a>&nbsp;&nbsp;&nbsp;TIM_OC2Init
<LI><a href="#[1fd]">&gt;&gt;</a>&nbsp;&nbsp;&nbsp;TIM_OC1PreloadConfig
<LI><a href="#[1fc]">&gt;&gt;</a>&nbsp;&nbsp;&nbsp;TIM_OC1Init
<LI><a href="#[205]">&gt;&gt;</a>&nbsp;&nbsp;&nbsp;PWM_GetDuty
<LI><a href="#[204]">&gt;&gt;</a>&nbsp;&nbsp;&nbsp;Get_Cycle
<LI><a href="#[1ed]">&gt;&gt;</a>&nbsp;&nbsp;&nbsp;GPIO_SetBits
<LI><a href="#[1eb]">&gt;&gt;</a>&nbsp;&nbsp;&nbsp;GPIO_ResetBits
<LI><a href="#[1b4]">&gt;&gt;</a>&nbsp;&nbsp;&nbsp;SDIO_SetPowerState
<LI><a href="#[1c3]">&gt;&gt;</a>&nbsp;&nbsp;&nbsp;SDIO_SendCommand
<LI><a href="#[1c9]">&gt;&gt;</a>&nbsp;&nbsp;&nbsp;SDIO_Init
<LI><a href="#[1dc]">&gt;&gt;</a>&nbsp;&nbsp;&nbsp;SDIO_ITConfig
<LI><a href="#[1c1]">&gt;&gt;</a>&nbsp;&nbsp;&nbsp;SDIO_GetResponse
<LI><a href="#[1e7]">&gt;&gt;</a>&nbsp;&nbsp;&nbsp;SDIO_GetITStatus
<LI><a href="#[1c5]">&gt;&gt;</a>&nbsp;&nbsp;&nbsp;SDIO_GetFlagStatus
<LI><a href="#[1c4]">&gt;&gt;</a>&nbsp;&nbsp;&nbsp;SDIO_DataConfig
<LI><a href="#[1dd]">&gt;&gt;</a>&nbsp;&nbsp;&nbsp;SDIO_DMACmd
<LI><a href="#[1b3]">&gt;&gt;</a>&nbsp;&nbsp;&nbsp;SDIO_ClockCmd
<LI><a href="#[1e8]">&gt;&gt;</a>&nbsp;&nbsp;&nbsp;SDIO_ClearITPendingBit
<LI><a href="#[1bf]">&gt;&gt;</a>&nbsp;&nbsp;&nbsp;SDIO_ClearFlag
<LI><a href="#[1b6]">&gt;&gt;</a>&nbsp;&nbsp;&nbsp;RCC_APB2PeriphClockCmd
<LI><a href="#[1bb]">&gt;&gt;</a>&nbsp;&nbsp;&nbsp;DMA_FlowControllerConfig
<LI><a href="#[1ba]">&gt;&gt;</a>&nbsp;&nbsp;&nbsp;DMA_DeInit
<LI><a href="#[1b9]">&gt;&gt;</a>&nbsp;&nbsp;&nbsp;DMA_ClearFlag
<LI><a href="#[1ad]">&gt;&gt;</a>&nbsp;&nbsp;&nbsp;USART_ReceiveData
<LI><a href="#[1ac]">&gt;&gt;</a>&nbsp;&nbsp;&nbsp;USART_GetITStatus
<LI><a href="#[1af]">&gt;&gt;</a>&nbsp;&nbsp;&nbsp;USART_ClearITPendingBit
<LI><a href="#[1aa]">&gt;&gt;</a>&nbsp;&nbsp;&nbsp;CAN_Receive
<LI><a href="#[1a9]">&gt;&gt;</a>&nbsp;&nbsp;&nbsp;laser_dma_rx_isr
<LI><a href="#[1a5]">&gt;&gt;</a>&nbsp;&nbsp;&nbsp;rt_hw_serial_dma_rx_isr
<LI><a href="#[19d]">&gt;&gt;</a>&nbsp;&nbsp;&nbsp;DMA_Init
<LI><a href="#[19f]">&gt;&gt;</a>&nbsp;&nbsp;&nbsp;DMA_ITConfig
<LI><a href="#[1a1]">&gt;&gt;</a>&nbsp;&nbsp;&nbsp;DMA_GetITStatus
<LI><a href="#[19e]">&gt;&gt;</a>&nbsp;&nbsp;&nbsp;DMA_Cmd
<LI><a href="#[1a3]">&gt;&gt;</a>&nbsp;&nbsp;&nbsp;DMA_ClearITPendingBit
<LI><a href="#[199]">&gt;&gt;</a>&nbsp;&nbsp;&nbsp;USART_SendData
<LI><a href="#[193]">&gt;&gt;</a>&nbsp;&nbsp;&nbsp;USART_Init
<LI><a href="#[198]">&gt;&gt;</a>&nbsp;&nbsp;&nbsp;USART_ITConfig
<LI><a href="#[19a]">&gt;&gt;</a>&nbsp;&nbsp;&nbsp;USART_GetFlagStatus
<LI><a href="#[197]">&gt;&gt;</a>&nbsp;&nbsp;&nbsp;USART_DMACmd
<LI><a href="#[194]">&gt;&gt;</a>&nbsp;&nbsp;&nbsp;USART_Cmd
<LI><a href="#[18d]">&gt;&gt;</a>&nbsp;&nbsp;&nbsp;RCC_AHB1PeriphClockCmd
<LI><a href="#[191]">&gt;&gt;</a>&nbsp;&nbsp;&nbsp;NVIC_Init
<LI><a href="#[18f]">&gt;&gt;</a>&nbsp;&nbsp;&nbsp;GPIO_PinAFConfig
<LI><a href="#[18e]">&gt;&gt;</a>&nbsp;&nbsp;&nbsp;GPIO_Init
<LI><a href="#[19b]">&gt;&gt;</a>&nbsp;&nbsp;&nbsp;Com_Puts
<LI><a href="#[28e]">&gt;&gt;</a>&nbsp;&nbsp;&nbsp;SDIO_SendCEATACmd
<LI><a href="#[28d]">&gt;&gt;</a>&nbsp;&nbsp;&nbsp;SDIO_CEATAITCmd
<LI><a href="#[28c]">&gt;&gt;</a>&nbsp;&nbsp;&nbsp;SDIO_CommandCompletionCmd
<LI><a href="#[28b]">&gt;&gt;</a>&nbsp;&nbsp;&nbsp;SDIO_SendSDIOSuspendCmd
<LI><a href="#[28a]">&gt;&gt;</a>&nbsp;&nbsp;&nbsp;SDIO_SetSDIOOperation
<LI><a href="#[289]">&gt;&gt;</a>&nbsp;&nbsp;&nbsp;SDIO_SetSDIOReadWaitMode
<LI><a href="#[288]">&gt;&gt;</a>&nbsp;&nbsp;&nbsp;SDIO_StopSDIOReadWait
<LI><a href="#[287]">&gt;&gt;</a>&nbsp;&nbsp;&nbsp;SDIO_StartSDIOReadWait
<LI><a href="#[286]">&gt;&gt;</a>&nbsp;&nbsp;&nbsp;RCC_ClearITPendingBit
<LI><a href="#[285]">&gt;&gt;</a>&nbsp;&nbsp;&nbsp;RCC_GetITStatus
<LI><a href="#[284]">&gt;&gt;</a>&nbsp;&nbsp;&nbsp;RCC_ITConfig
<LI><a href="#[283]">&gt;&gt;</a>&nbsp;&nbsp;&nbsp;RCC_APB2PeriphClockLPModeCmd
<LI><a href="#[282]">&gt;&gt;</a>&nbsp;&nbsp;&nbsp;RCC_APB1PeriphClockLPModeCmd
<LI><a href="#[281]">&gt;&gt;</a>&nbsp;&nbsp;&nbsp;RCC_AHB3PeriphClockLPModeCmd
<LI><a href="#[280]">&gt;&gt;</a>&nbsp;&nbsp;&nbsp;RCC_AHB2PeriphClockLPModeCmd
<LI><a href="#[27f]">&gt;&gt;</a>&nbsp;&nbsp;&nbsp;RCC_AHB1PeriphClockLPModeCmd
<LI><a href="#[27d]">&gt;&gt;</a>&nbsp;&nbsp;&nbsp;RCC_AHB3PeriphResetCmd
<LI><a href="#[27b]">&gt;&gt;</a>&nbsp;&nbsp;&nbsp;RCC_AHB3PeriphClockCmd
<LI><a href="#[27a]">&gt;&gt;</a>&nbsp;&nbsp;&nbsp;RCC_AHB2PeriphClockCmd
<LI><a href="#[279]">&gt;&gt;</a>&nbsp;&nbsp;&nbsp;RCC_I2SCLKConfig
<LI><a href="#[278]">&gt;&gt;</a>&nbsp;&nbsp;&nbsp;RCC_BackupResetCmd
<LI><a href="#[277]">&gt;&gt;</a>&nbsp;&nbsp;&nbsp;RCC_RTCCLKCmd
<LI><a href="#[276]">&gt;&gt;</a>&nbsp;&nbsp;&nbsp;RCC_RTCCLKConfig
<LI><a href="#[275]">&gt;&gt;</a>&nbsp;&nbsp;&nbsp;RCC_PCLK2Config
<LI><a href="#[274]">&gt;&gt;</a>&nbsp;&nbsp;&nbsp;RCC_PCLK1Config
<LI><a href="#[273]">&gt;&gt;</a>&nbsp;&nbsp;&nbsp;RCC_HCLKConfig
<LI><a href="#[272]">&gt;&gt;</a>&nbsp;&nbsp;&nbsp;RCC_SYSCLKConfig
<LI><a href="#[271]">&gt;&gt;</a>&nbsp;&nbsp;&nbsp;RCC_MCO2Config
<LI><a href="#[270]">&gt;&gt;</a>&nbsp;&nbsp;&nbsp;RCC_MCO1Config
<LI><a href="#[26f]">&gt;&gt;</a>&nbsp;&nbsp;&nbsp;RCC_ClockSecuritySystemCmd
<LI><a href="#[26e]">&gt;&gt;</a>&nbsp;&nbsp;&nbsp;RCC_PLLI2SCmd
<LI><a href="#[26d]">&gt;&gt;</a>&nbsp;&nbsp;&nbsp;RCC_PLLI2SConfig
<LI><a href="#[26c]">&gt;&gt;</a>&nbsp;&nbsp;&nbsp;RCC_PLLCmd
<LI><a href="#[26b]">&gt;&gt;</a>&nbsp;&nbsp;&nbsp;RCC_PLLConfig
<LI><a href="#[26a]">&gt;&gt;</a>&nbsp;&nbsp;&nbsp;RCC_LSICmd
<LI><a href="#[269]">&gt;&gt;</a>&nbsp;&nbsp;&nbsp;RCC_LSEConfig
<LI><a href="#[268]">&gt;&gt;</a>&nbsp;&nbsp;&nbsp;RCC_HSICmd
<LI><a href="#[267]">&gt;&gt;</a>&nbsp;&nbsp;&nbsp;RCC_AdjustHSICalibrationValue
<LI><a href="#[265]">&gt;&gt;</a>&nbsp;&nbsp;&nbsp;RCC_GetFlagStatus
<LI><a href="#[264]">&gt;&gt;</a>&nbsp;&nbsp;&nbsp;RCC_HSEConfig
<LI><a href="#[25b]">&gt;&gt;</a>&nbsp;&nbsp;&nbsp;RCC_AHB1PeriphResetCmd
<LI><a href="#[263]">&gt;&gt;</a>&nbsp;&nbsp;&nbsp;GPIO_ToggleBits
<LI><a href="#[262]">&gt;&gt;</a>&nbsp;&nbsp;&nbsp;GPIO_Write
<LI><a href="#[261]">&gt;&gt;</a>&nbsp;&nbsp;&nbsp;GPIO_WriteBit
<LI><a href="#[260]">&gt;&gt;</a>&nbsp;&nbsp;&nbsp;GPIO_ReadOutputData
<LI><a href="#[25f]">&gt;&gt;</a>&nbsp;&nbsp;&nbsp;GPIO_ReadOutputDataBit
<LI><a href="#[25e]">&gt;&gt;</a>&nbsp;&nbsp;&nbsp;GPIO_ReadInputData
<LI><a href="#[25d]">&gt;&gt;</a>&nbsp;&nbsp;&nbsp;GPIO_ReadInputDataBit
<LI><a href="#[25c]">&gt;&gt;</a>&nbsp;&nbsp;&nbsp;GPIO_PinLockConfig
<LI><a href="#[25a]">&gt;&gt;</a>&nbsp;&nbsp;&nbsp;GPIO_DeInit
<LI><a href="#[259]">&gt;&gt;</a>&nbsp;&nbsp;&nbsp;DMA_GetFlagStatus
<LI><a href="#[258]">&gt;&gt;</a>&nbsp;&nbsp;&nbsp;DMA_GetFIFOStatus
<LI><a href="#[257]">&gt;&gt;</a>&nbsp;&nbsp;&nbsp;DMA_GetCmdStatus
<LI><a href="#[256]">&gt;&gt;</a>&nbsp;&nbsp;&nbsp;DMA_GetCurrentMemoryTarget
<LI><a href="#[255]">&gt;&gt;</a>&nbsp;&nbsp;&nbsp;DMA_MemoryTargetConfig
<LI><a href="#[254]">&gt;&gt;</a>&nbsp;&nbsp;&nbsp;DMA_DoubleBufferModeCmd
<LI><a href="#[253]">&gt;&gt;</a>&nbsp;&nbsp;&nbsp;DMA_DoubleBufferModeConfig
<LI><a href="#[252]">&gt;&gt;</a>&nbsp;&nbsp;&nbsp;DMA_GetCurrDataCounter
<LI><a href="#[251]">&gt;&gt;</a>&nbsp;&nbsp;&nbsp;DMA_SetCurrDataCounter
<LI><a href="#[250]">&gt;&gt;</a>&nbsp;&nbsp;&nbsp;DMA_PeriphIncOffsetSizeConfig
<LI><a href="#[27c]">&gt;&gt;</a>&nbsp;&nbsp;&nbsp;RCC_AHB2PeriphResetCmd
<LI><a href="#[23e]">&gt;&gt;</a>&nbsp;&nbsp;&nbsp;RCC_APB1PeriphResetCmd
<LI><a href="#[24f]">&gt;&gt;</a>&nbsp;&nbsp;&nbsp;CAN_ClearITPendingBit
<LI><a href="#[24d]">&gt;&gt;</a>&nbsp;&nbsp;&nbsp;CAN_GetITStatus
<LI><a href="#[24c]">&gt;&gt;</a>&nbsp;&nbsp;&nbsp;CAN_ClearFlag
<LI><a href="#[24b]">&gt;&gt;</a>&nbsp;&nbsp;&nbsp;CAN_GetFlagStatus
<LI><a href="#[24a]">&gt;&gt;</a>&nbsp;&nbsp;&nbsp;CAN_GetLSBTransmitErrorCounter
<LI><a href="#[249]">&gt;&gt;</a>&nbsp;&nbsp;&nbsp;CAN_GetReceiveErrorCounter
<LI><a href="#[248]">&gt;&gt;</a>&nbsp;&nbsp;&nbsp;CAN_GetLastErrorCode
<LI><a href="#[247]">&gt;&gt;</a>&nbsp;&nbsp;&nbsp;CAN_WakeUp
<LI><a href="#[246]">&gt;&gt;</a>&nbsp;&nbsp;&nbsp;CAN_Sleep
<LI><a href="#[245]">&gt;&gt;</a>&nbsp;&nbsp;&nbsp;CAN_OperatingModeRequest
<LI><a href="#[244]">&gt;&gt;</a>&nbsp;&nbsp;&nbsp;CAN_MessagePending
<LI><a href="#[243]">&gt;&gt;</a>&nbsp;&nbsp;&nbsp;CAN_FIFORelease
<LI><a href="#[242]">&gt;&gt;</a>&nbsp;&nbsp;&nbsp;CAN_CancelTransmit
<LI><a href="#[241]">&gt;&gt;</a>&nbsp;&nbsp;&nbsp;CAN_TransmitStatus
<LI><a href="#[240]">&gt;&gt;</a>&nbsp;&nbsp;&nbsp;CAN_TTComModeCmd
<LI><a href="#[23f]">&gt;&gt;</a>&nbsp;&nbsp;&nbsp;CAN_DBGFreeze
<LI><a href="#[27e]">&gt;&gt;</a>&nbsp;&nbsp;&nbsp;RCC_APB2PeriphResetCmd
<LI><a href="#[23d]">&gt;&gt;</a>&nbsp;&nbsp;&nbsp;NVIC_SystemLPConfig
<LI><a href="#[2ea]">&gt;&gt;</a>&nbsp;&nbsp;&nbsp;USART_ClearFlag
<LI><a href="#[2e9]">&gt;&gt;</a>&nbsp;&nbsp;&nbsp;USART_IrDACmd
<LI><a href="#[2e8]">&gt;&gt;</a>&nbsp;&nbsp;&nbsp;USART_IrDAConfig
<LI><a href="#[2e7]">&gt;&gt;</a>&nbsp;&nbsp;&nbsp;USART_SmartCardNACKCmd
<LI><a href="#[2e6]">&gt;&gt;</a>&nbsp;&nbsp;&nbsp;USART_SmartCardCmd
<LI><a href="#[2e5]">&gt;&gt;</a>&nbsp;&nbsp;&nbsp;USART_SetGuardTime
<LI><a href="#[2e4]">&gt;&gt;</a>&nbsp;&nbsp;&nbsp;USART_HalfDuplexCmd
<LI><a href="#[2e3]">&gt;&gt;</a>&nbsp;&nbsp;&nbsp;USART_SendBreak
<LI><a href="#[2e2]">&gt;&gt;</a>&nbsp;&nbsp;&nbsp;USART_LINCmd
<LI><a href="#[2e1]">&gt;&gt;</a>&nbsp;&nbsp;&nbsp;USART_LINBreakDetectLengthConfig
<LI><a href="#[2e0]">&gt;&gt;</a>&nbsp;&nbsp;&nbsp;USART_WakeUpConfig
<LI><a href="#[2df]">&gt;&gt;</a>&nbsp;&nbsp;&nbsp;USART_ReceiverWakeUpCmd
<LI><a href="#[2de]">&gt;&gt;</a>&nbsp;&nbsp;&nbsp;USART_SetAddress
<LI><a href="#[2dd]">&gt;&gt;</a>&nbsp;&nbsp;&nbsp;USART_OneBitMethodCmd
<LI><a href="#[2dc]">&gt;&gt;</a>&nbsp;&nbsp;&nbsp;USART_OverSampling8Cmd
<LI><a href="#[2db]">&gt;&gt;</a>&nbsp;&nbsp;&nbsp;USART_SetPrescaler
<LI><a href="#[2da]">&gt;&gt;</a>&nbsp;&nbsp;&nbsp;USART_ClockInit
<LI><a href="#[2d9]">&gt;&gt;</a>&nbsp;&nbsp;&nbsp;USART_DeInit
<LI><a href="#[2d8]">&gt;&gt;</a>&nbsp;&nbsp;&nbsp;TIM_RemapConfig
<LI><a href="#[2d7]">&gt;&gt;</a>&nbsp;&nbsp;&nbsp;TIM_SelectHallSensor
<LI><a href="#[2d6]">&gt;&gt;</a>&nbsp;&nbsp;&nbsp;TIM_EncoderInterfaceConfig
<LI><a href="#[2d5]">&gt;&gt;</a>&nbsp;&nbsp;&nbsp;TIM_SelectMasterSlaveMode
<LI><a href="#[2d4]">&gt;&gt;</a>&nbsp;&nbsp;&nbsp;TIM_SelectSlaveMode
<LI><a href="#[2d3]">&gt;&gt;</a>&nbsp;&nbsp;&nbsp;TIM_SelectOutputTrigger
<LI><a href="#[2d2]">&gt;&gt;</a>&nbsp;&nbsp;&nbsp;TIM_ETRClockMode2Config
<LI><a href="#[2d1]">&gt;&gt;</a>&nbsp;&nbsp;&nbsp;TIM_ETRClockMode1Config
<LI><a href="#[2d0]">&gt;&gt;</a>&nbsp;&nbsp;&nbsp;TIM_ETRConfig
<LI><a href="#[2cf]">&gt;&gt;</a>&nbsp;&nbsp;&nbsp;TIM_TIxExternalClockConfig
<LI><a href="#[2ce]">&gt;&gt;</a>&nbsp;&nbsp;&nbsp;TIM_ITRxExternalClockConfig
<LI><a href="#[2cd]">&gt;&gt;</a>&nbsp;&nbsp;&nbsp;TIM_SelectInputTrigger
<LI><a href="#[2cc]">&gt;&gt;</a>&nbsp;&nbsp;&nbsp;TIM_InternalClockConfig
<LI><a href="#[2cb]">&gt;&gt;</a>&nbsp;&nbsp;&nbsp;TIM_SelectCCDMA
<LI><a href="#[2ca]">&gt;&gt;</a>&nbsp;&nbsp;&nbsp;TIM_DMACmd
<LI><a href="#[2c9]">&gt;&gt;</a>&nbsp;&nbsp;&nbsp;TIM_DMAConfig
<LI><a href="#[2c8]">&gt;&gt;</a>&nbsp;&nbsp;&nbsp;TIM_ClearFlag
<LI><a href="#[2c7]">&gt;&gt;</a>&nbsp;&nbsp;&nbsp;TIM_GetFlagStatus
<LI><a href="#[2c6]">&gt;&gt;</a>&nbsp;&nbsp;&nbsp;TIM_GenerateEvent
<LI><a href="#[2c5]">&gt;&gt;</a>&nbsp;&nbsp;&nbsp;TIM_CCPreloadControl
<LI><a href="#[2c4]">&gt;&gt;</a>&nbsp;&nbsp;&nbsp;TIM_SelectCOM
<LI><a href="#[2c3]">&gt;&gt;</a>&nbsp;&nbsp;&nbsp;TIM_CtrlPWMOutputs
<LI><a href="#[2c2]">&gt;&gt;</a>&nbsp;&nbsp;&nbsp;TIM_BDTRConfig
<LI><a href="#[2c1]">&gt;&gt;</a>&nbsp;&nbsp;&nbsp;TIM_GetCapture4
<LI><a href="#[2c0]">&gt;&gt;</a>&nbsp;&nbsp;&nbsp;TIM_GetCapture3
<LI><a href="#[2bf]">&gt;&gt;</a>&nbsp;&nbsp;&nbsp;TIM_GetCapture2
<LI><a href="#[2be]">&gt;&gt;</a>&nbsp;&nbsp;&nbsp;TIM_GetCapture1
<LI><a href="#[2bd]">&gt;&gt;</a>&nbsp;&nbsp;&nbsp;TIM_PWMIConfig
<LI><a href="#[2b8]">&gt;&gt;</a>&nbsp;&nbsp;&nbsp;TIM_ICInit
<LI><a href="#[2b7]">&gt;&gt;</a>&nbsp;&nbsp;&nbsp;TIM_SetIC1Prescaler
<LI><a href="#[2b6]">&gt;&gt;</a>&nbsp;&nbsp;&nbsp;TIM_SetIC2Prescaler
<LI><a href="#[2b5]">&gt;&gt;</a>&nbsp;&nbsp;&nbsp;TIM_SetIC3Prescaler
<LI><a href="#[2b4]">&gt;&gt;</a>&nbsp;&nbsp;&nbsp;TIM_SetIC4Prescaler
<LI><a href="#[2b3]">&gt;&gt;</a>&nbsp;&nbsp;&nbsp;TIM_CCxNCmd
<LI><a href="#[2b2]">&gt;&gt;</a>&nbsp;&nbsp;&nbsp;TIM_CCxCmd
<LI><a href="#[2b1]">&gt;&gt;</a>&nbsp;&nbsp;&nbsp;TIM_OC4PolarityConfig
<LI><a href="#[2b0]">&gt;&gt;</a>&nbsp;&nbsp;&nbsp;TIM_OC3NPolarityConfig
<LI><a href="#[2af]">&gt;&gt;</a>&nbsp;&nbsp;&nbsp;TIM_OC3PolarityConfig
<LI><a href="#[2ae]">&gt;&gt;</a>&nbsp;&nbsp;&nbsp;TIM_OC2NPolarityConfig
<LI><a href="#[2ad]">&gt;&gt;</a>&nbsp;&nbsp;&nbsp;TIM_OC2PolarityConfig
<LI><a href="#[2ac]">&gt;&gt;</a>&nbsp;&nbsp;&nbsp;TIM_OC1NPolarityConfig
<LI><a href="#[2ab]">&gt;&gt;</a>&nbsp;&nbsp;&nbsp;TIM_OC1PolarityConfig
<LI><a href="#[2aa]">&gt;&gt;</a>&nbsp;&nbsp;&nbsp;TIM_ClearOC4Ref
<LI><a href="#[2a9]">&gt;&gt;</a>&nbsp;&nbsp;&nbsp;TIM_ClearOC3Ref
<LI><a href="#[2a8]">&gt;&gt;</a>&nbsp;&nbsp;&nbsp;TIM_ClearOC2Ref
<LI><a href="#[2a7]">&gt;&gt;</a>&nbsp;&nbsp;&nbsp;TIM_ClearOC1Ref
<LI><a href="#[2a6]">&gt;&gt;</a>&nbsp;&nbsp;&nbsp;TIM_OC4FastConfig
<LI><a href="#[2a5]">&gt;&gt;</a>&nbsp;&nbsp;&nbsp;TIM_OC3FastConfig
<LI><a href="#[2a4]">&gt;&gt;</a>&nbsp;&nbsp;&nbsp;TIM_OC2FastConfig
<LI><a href="#[2a3]">&gt;&gt;</a>&nbsp;&nbsp;&nbsp;TIM_OC1FastConfig
<LI><a href="#[2a2]">&gt;&gt;</a>&nbsp;&nbsp;&nbsp;TIM_ForcedOC4Config
<LI><a href="#[2a1]">&gt;&gt;</a>&nbsp;&nbsp;&nbsp;TIM_ForcedOC3Config
<LI><a href="#[2a0]">&gt;&gt;</a>&nbsp;&nbsp;&nbsp;TIM_ForcedOC2Config
<LI><a href="#[29f]">&gt;&gt;</a>&nbsp;&nbsp;&nbsp;TIM_ForcedOC1Config
<LI><a href="#[29e]">&gt;&gt;</a>&nbsp;&nbsp;&nbsp;TIM_SetCompare4
<LI><a href="#[29d]">&gt;&gt;</a>&nbsp;&nbsp;&nbsp;TIM_SetCompare3
<LI><a href="#[29c]">&gt;&gt;</a>&nbsp;&nbsp;&nbsp;TIM_SetCompare2
<LI><a href="#[29b]">&gt;&gt;</a>&nbsp;&nbsp;&nbsp;TIM_SetCompare1
<LI><a href="#[29a]">&gt;&gt;</a>&nbsp;&nbsp;&nbsp;TIM_SelectOCxM
<LI><a href="#[299]">&gt;&gt;</a>&nbsp;&nbsp;&nbsp;TIM_SetClockDivision
<LI><a href="#[298]">&gt;&gt;</a>&nbsp;&nbsp;&nbsp;TIM_SelectOnePulseMode
<LI><a href="#[297]">&gt;&gt;</a>&nbsp;&nbsp;&nbsp;TIM_UpdateRequestConfig
<LI><a href="#[296]">&gt;&gt;</a>&nbsp;&nbsp;&nbsp;TIM_UpdateDisableConfig
<LI><a href="#[295]">&gt;&gt;</a>&nbsp;&nbsp;&nbsp;TIM_GetPrescaler
<LI><a href="#[294]">&gt;&gt;</a>&nbsp;&nbsp;&nbsp;TIM_GetCounter
<LI><a href="#[293]">&gt;&gt;</a>&nbsp;&nbsp;&nbsp;TIM_SetAutoreload
<LI><a href="#[292]">&gt;&gt;</a>&nbsp;&nbsp;&nbsp;TIM_SetCounter
<LI><a href="#[291]">&gt;&gt;</a>&nbsp;&nbsp;&nbsp;TIM_CounterModeConfig
<LI><a href="#[290]">&gt;&gt;</a>&nbsp;&nbsp;&nbsp;TIM_PrescalerConfig
<LI><a href="#[28f]">&gt;&gt;</a>&nbsp;&nbsp;&nbsp;TIM_DeInit
</UL>

<P><STRONG><a name="[c1]"></a>LCD_Assert_Fail</STRONG> (Thumb, 52 bytes, Stack size 16 bytes, startup.o(.text), UNUSED)
<BR><BR>[Calls]<UL><LI><a href="#[c3]">&gt;&gt;</a>&nbsp;&nbsp;&nbsp;LCD_SetXY
<LI><a href="#[c4]">&gt;&gt;</a>&nbsp;&nbsp;&nbsp;LCD_Printf
<LI><a href="#[c2]">&gt;&gt;</a>&nbsp;&nbsp;&nbsp;LCD_Clear
<LI><a href="#[c5]">&gt;&gt;</a>&nbsp;&nbsp;&nbsp;Delay_ms
</UL>
<BR>[Called By]<UL><LI><a href="#[22a]">&gt;&gt;</a>&nbsp;&nbsp;&nbsp;Save_Img
</UL>

<P><STRONG><a name="[c6]"></a>rtthread_startup</STRONG> (Thumb, 56 bytes, Stack size 8 bytes, startup.o(.text))
<BR><BR>[Stack]<UL><LI>Max Depth = 712<LI>Call Chain = rtthread_startup &rArr; rt_hw_board_init &rArr; CANx_Init &rArr; Can_FILTER_Config &rArr; CAN_FilterInit &rArr; assert_failed &rArr; rt_kprintf &rArr; rt_vsnprintf &rArr; print_number
</UL>
<BR>[Calls]<UL><LI><a href="#[d0]">&gt;&gt;</a>&nbsp;&nbsp;&nbsp;rt_thread_idle_init
<LI><a href="#[cf]">&gt;&gt;</a>&nbsp;&nbsp;&nbsp;rt_system_timer_thread_init
<LI><a href="#[cb]">&gt;&gt;</a>&nbsp;&nbsp;&nbsp;rt_system_timer_init
<LI><a href="#[c9]">&gt;&gt;</a>&nbsp;&nbsp;&nbsp;rt_system_tick_init
<LI><a href="#[d1]">&gt;&gt;</a>&nbsp;&nbsp;&nbsp;rt_system_scheduler_start
<LI><a href="#[cd]">&gt;&gt;</a>&nbsp;&nbsp;&nbsp;rt_system_scheduler_init
<LI><a href="#[ca]">&gt;&gt;</a>&nbsp;&nbsp;&nbsp;rt_system_object_init
<LI><a href="#[cc]">&gt;&gt;</a>&nbsp;&nbsp;&nbsp;rt_system_heap_init
<LI><a href="#[c8]">&gt;&gt;</a>&nbsp;&nbsp;&nbsp;rt_show_version
<LI><a href="#[c7]">&gt;&gt;</a>&nbsp;&nbsp;&nbsp;rt_hw_board_init
<LI><a href="#[ce]">&gt;&gt;</a>&nbsp;&nbsp;&nbsp;rt_device_init_all
<LI><a href="#[af]">&gt;&gt;</a>&nbsp;&nbsp;&nbsp;rt_application_init
</UL>
<BR>[Called By]<UL><LI><a href="#[98]">&gt;&gt;</a>&nbsp;&nbsp;&nbsp;main
</UL>

<P><STRONG><a name="[98]"></a>main</STRONG> (Thumb, 14 bytes, Stack size 8 bytes, startup.o(.text))
<BR><BR>[Stack]<UL><LI>Max Depth = 720<LI>Call Chain = main &rArr; rtthread_startup &rArr; rt_hw_board_init &rArr; CANx_Init &rArr; Can_FILTER_Config &rArr; CAN_FilterInit &rArr; assert_failed &rArr; rt_kprintf &rArr; rt_vsnprintf &rArr; print_number
</UL>
<BR>[Calls]<UL><LI><a href="#[d2]">&gt;&gt;</a>&nbsp;&nbsp;&nbsp;rt_hw_interrupt_disable
<LI><a href="#[c6]">&gt;&gt;</a>&nbsp;&nbsp;&nbsp;rtthread_startup
</UL>
<BR>[Address Reference Count : 1]<UL><LI> entry9a.o(.ARM.Collect$$$$0000000B)
</UL>
<P><STRONG><a name="[b8]"></a>Mb_Key_Init</STRONG> (Thumb, 36 bytes, Stack size 16 bytes, mb.o(.text))
<BR><BR>[Stack]<UL><LI>Max Depth = 192<LI>Call Chain = Mb_Key_Init &rArr; rt_kprintf &rArr; rt_vsnprintf &rArr; print_number
</UL>
<BR>[Calls]<UL><LI><a href="#[d3]">&gt;&gt;</a>&nbsp;&nbsp;&nbsp;rt_mb_init
<LI><a href="#[c0]">&gt;&gt;</a>&nbsp;&nbsp;&nbsp;rt_kprintf
</UL>
<BR>[Called By]<UL><LI><a href="#[af]">&gt;&gt;</a>&nbsp;&nbsp;&nbsp;rt_application_init
</UL>

<P><STRONG><a name="[b9]"></a>Mb_Emergency_Init</STRONG> (Thumb, 36 bytes, Stack size 16 bytes, mb.o(.text))
<BR><BR>[Stack]<UL><LI>Max Depth = 192<LI>Call Chain = Mb_Emergency_Init &rArr; rt_kprintf &rArr; rt_vsnprintf &rArr; print_number
</UL>
<BR>[Calls]<UL><LI><a href="#[d3]">&gt;&gt;</a>&nbsp;&nbsp;&nbsp;rt_mb_init
<LI><a href="#[c0]">&gt;&gt;</a>&nbsp;&nbsp;&nbsp;rt_kprintf
</UL>
<BR>[Called By]<UL><LI><a href="#[af]">&gt;&gt;</a>&nbsp;&nbsp;&nbsp;rt_application_init
</UL>

<P><STRONG><a name="[ba]"></a>Mb_Auto_Init</STRONG> (Thumb, 36 bytes, Stack size 16 bytes, mb.o(.text))
<BR><BR>[Stack]<UL><LI>Max Depth = 192<LI>Call Chain = Mb_Auto_Init &rArr; rt_kprintf &rArr; rt_vsnprintf &rArr; print_number
</UL>
<BR>[Calls]<UL><LI><a href="#[d3]">&gt;&gt;</a>&nbsp;&nbsp;&nbsp;rt_mb_init
<LI><a href="#[c0]">&gt;&gt;</a>&nbsp;&nbsp;&nbsp;rt_kprintf
</UL>
<BR>[Called By]<UL><LI><a href="#[9c]">&gt;&gt;</a>&nbsp;&nbsp;&nbsp;rt_thread_entry_emergency
<LI><a href="#[af]">&gt;&gt;</a>&nbsp;&nbsp;&nbsp;rt_application_init
</UL>

<P><STRONG><a name="[d4]"></a>Mb_SensorStart_Init</STRONG> (Thumb, 36 bytes, Stack size 16 bytes, mb.o(.text), UNUSED)
<BR><BR>[Calls]<UL><LI><a href="#[d3]">&gt;&gt;</a>&nbsp;&nbsp;&nbsp;rt_mb_init
<LI><a href="#[c0]">&gt;&gt;</a>&nbsp;&nbsp;&nbsp;rt_kprintf
</UL>

<P><STRONG><a name="[d5]"></a>Mb_SensorEnd_Init</STRONG> (Thumb, 36 bytes, Stack size 16 bytes, mb.o(.text), UNUSED)
<BR><BR>[Calls]<UL><LI><a href="#[d3]">&gt;&gt;</a>&nbsp;&nbsp;&nbsp;rt_mb_init
<LI><a href="#[c0]">&gt;&gt;</a>&nbsp;&nbsp;&nbsp;rt_kprintf
</UL>

<P><STRONG><a name="[bb]"></a>Mq_Sd_Init</STRONG> (Thumb, 40 bytes, Stack size 16 bytes, mq.o(.text))
<BR><BR>[Stack]<UL><LI>Max Depth = 192<LI>Call Chain = Mq_Sd_Init &rArr; rt_kprintf &rArr; rt_vsnprintf &rArr; print_number
</UL>
<BR>[Calls]<UL><LI><a href="#[d6]">&gt;&gt;</a>&nbsp;&nbsp;&nbsp;rt_mq_init
<LI><a href="#[c0]">&gt;&gt;</a>&nbsp;&nbsp;&nbsp;rt_kprintf
</UL>
<BR>[Called By]<UL><LI><a href="#[af]">&gt;&gt;</a>&nbsp;&nbsp;&nbsp;rt_application_init
</UL>

<P><STRONG><a name="[b3]"></a>rt_thread_lcd_refresh_init</STRONG> (Thumb, 54 bytes, Stack size 24 bytes, t_lcd_refresh.o(.text))
<BR><BR>[Stack]<UL><LI>Max Depth = 248<LI>Call Chain = rt_thread_lcd_refresh_init &rArr; rt_thread_startup &rArr; rt_schedule &rArr; _rt_scheduler_stack_check &rArr; rt_kprintf &rArr; rt_vsnprintf &rArr; print_number
</UL>
<BR>[Calls]<UL><LI><a href="#[d9]">&gt;&gt;</a>&nbsp;&nbsp;&nbsp;rt_thread_init
<LI><a href="#[b1]">&gt;&gt;</a>&nbsp;&nbsp;&nbsp;rt_thread_startup
</UL>
<BR>[Called By]<UL><LI><a href="#[af]">&gt;&gt;</a>&nbsp;&nbsp;&nbsp;rt_application_init
</UL>

<P><STRONG><a name="[da]"></a>TIM2_Init</STRONG> (Thumb, 52 bytes, Stack size 24 bytes, t_keyboard.o(.text))
<BR><BR>[Stack]<UL><LI>Max Depth = 216<LI>Call Chain = TIM2_Init &rArr; TIM_TimeBaseInit &rArr; assert_failed &rArr; rt_kprintf &rArr; rt_vsnprintf &rArr; print_number
</UL>
<BR>[Calls]<UL><LI><a href="#[dc]">&gt;&gt;</a>&nbsp;&nbsp;&nbsp;TIM_TimeBaseInit
<LI><a href="#[dd]">&gt;&gt;</a>&nbsp;&nbsp;&nbsp;TIM_Cmd
<LI><a href="#[db]">&gt;&gt;</a>&nbsp;&nbsp;&nbsp;RCC_APB1PeriphClockCmd
</UL>
<BR>[Called By]<UL><LI><a href="#[de]">&gt;&gt;</a>&nbsp;&nbsp;&nbsp;UserDevices_Init
</UL>

<P><STRONG><a name="[de]"></a>UserDevices_Init</STRONG> (Thumb, 16 bytes, Stack size 8 bytes, t_keyboard.o(.text))
<BR><BR>[Stack]<UL><LI>Max Depth = 808<LI>Call Chain = UserDevices_Init &rArr; Fan_Set_Min &rArr; W_PWM_FUNC &rArr; Write_Database &rArr; Can_SendData &rArr; _can_senddata &rArr; SD_Printf2 &rArr; f_write &rArr; create_chain &rArr; put_fat &rArr; move_window &rArr; sync_window &rArr; disk_write &rArr; SD_WriteMultiBlocks &rArr; SD_LowLevel_DMA_TxConfig &rArr; DMA_FlowControllerConfig &rArr; assert_failed &rArr; rt_kprintf &rArr; rt_vsnprintf &rArr; print_number
</UL>
<BR>[Calls]<UL><LI><a href="#[e0]">&gt;&gt;</a>&nbsp;&nbsp;&nbsp;Gyro_CheckFloat
<LI><a href="#[df]">&gt;&gt;</a>&nbsp;&nbsp;&nbsp;Fan_Set_Min
<LI><a href="#[da]">&gt;&gt;</a>&nbsp;&nbsp;&nbsp;TIM2_Init
</UL>
<BR>[Called By]<UL><LI><a href="#[9b]">&gt;&gt;</a>&nbsp;&nbsp;&nbsp;rt_thread_entry_keyboard
</UL>

<P><STRONG><a name="[b2]"></a>rt_keyboard_init</STRONG> (Thumb, 38 bytes, Stack size 24 bytes, t_keyboard.o(.text))
<BR><BR>[Stack]<UL><LI>Max Depth = 248<LI>Call Chain = rt_keyboard_init &rArr; rt_thread_startup &rArr; rt_schedule &rArr; _rt_scheduler_stack_check &rArr; rt_kprintf &rArr; rt_vsnprintf &rArr; print_number
</UL>
<BR>[Calls]<UL><LI><a href="#[d9]">&gt;&gt;</a>&nbsp;&nbsp;&nbsp;rt_thread_init
<LI><a href="#[b1]">&gt;&gt;</a>&nbsp;&nbsp;&nbsp;rt_thread_startup
</UL>
<BR>[Called By]<UL><LI><a href="#[9c]">&gt;&gt;</a>&nbsp;&nbsp;&nbsp;rt_thread_entry_emergency
<LI><a href="#[af]">&gt;&gt;</a>&nbsp;&nbsp;&nbsp;rt_application_init
</UL>

<P><STRONG><a name="[b4]"></a>rt_thread_emergency_init</STRONG> (Thumb, 52 bytes, Stack size 24 bytes, t_emergency.o(.text))
<BR><BR>[Stack]<UL><LI>Max Depth = 248<LI>Call Chain = rt_thread_emergency_init &rArr; rt_thread_startup &rArr; rt_schedule &rArr; _rt_scheduler_stack_check &rArr; rt_kprintf &rArr; rt_vsnprintf &rArr; print_number
</UL>
<BR>[Calls]<UL><LI><a href="#[d9]">&gt;&gt;</a>&nbsp;&nbsp;&nbsp;rt_thread_init
<LI><a href="#[b1]">&gt;&gt;</a>&nbsp;&nbsp;&nbsp;rt_thread_startup
</UL>
<BR>[Called By]<UL><LI><a href="#[af]">&gt;&gt;</a>&nbsp;&nbsp;&nbsp;rt_application_init
</UL>

<P><STRONG><a name="[b5]"></a>rt_thread_handle_init</STRONG> (Thumb, 54 bytes, Stack size 24 bytes, t_handle.o(.text))
<BR><BR>[Stack]<UL><LI>Max Depth = 248<LI>Call Chain = rt_thread_handle_init &rArr; rt_thread_startup &rArr; rt_schedule &rArr; _rt_scheduler_stack_check &rArr; rt_kprintf &rArr; rt_vsnprintf &rArr; print_number
</UL>
<BR>[Calls]<UL><LI><a href="#[d9]">&gt;&gt;</a>&nbsp;&nbsp;&nbsp;rt_thread_init
<LI><a href="#[b1]">&gt;&gt;</a>&nbsp;&nbsp;&nbsp;rt_thread_startup
</UL>
<BR>[Called By]<UL><LI><a href="#[9c]">&gt;&gt;</a>&nbsp;&nbsp;&nbsp;rt_thread_entry_emergency
<LI><a href="#[af]">&gt;&gt;</a>&nbsp;&nbsp;&nbsp;rt_application_init
</UL>

<P><STRONG><a name="[99]"></a>ttime_hook</STRONG> (Thumb, 50 bytes, Stack size 16 bytes, t_fatfs.o(.text))
<BR><BR>[Stack]<UL><LI>Max Depth = 16<LI>Call Chain = ttime_hook
</UL>
<BR>[Calls]<UL><LI><a href="#[ee]">&gt;&gt;</a>&nbsp;&nbsp;&nbsp;get_tim
</UL>
<BR>[Address Reference Count : 1]<UL><LI> application.o(.text)
</UL>
<P><STRONG><a name="[ef]"></a>ttime_reset</STRONG> (Thumb, 16 bytes, Stack size 8 bytes, t_fatfs.o(.text))
<BR><BR>[Stack]<UL><LI>Max Depth = 8<LI>Call Chain = ttime_reset
</UL>
<BR>[Calls]<UL><LI><a href="#[f0]">&gt;&gt;</a>&nbsp;&nbsp;&nbsp;reset_tim
</UL>
<BR>[Called By]<UL><LI><a href="#[45]">&gt;&gt;</a>&nbsp;&nbsp;&nbsp;SysTick_Handler
</UL>

<P><STRONG><a name="[3c4]"></a>ttime_prt</STRONG> (Thumb, 2 bytes, Stack size 0 bytes, t_fatfs.o(.text), UNUSED)

<P><STRONG><a name="[f1]"></a>sys_ttime</STRONG> (Thumb, 100 bytes, Stack size 8 bytes, t_fatfs.o(.text), UNUSED)
<BR><BR>[Calls]<UL><LI><a href="#[e2]">&gt;&gt;</a>&nbsp;&nbsp;&nbsp;rt_mb_recv
<LI><a href="#[c3]">&gt;&gt;</a>&nbsp;&nbsp;&nbsp;LCD_SetXY
<LI><a href="#[c4]">&gt;&gt;</a>&nbsp;&nbsp;&nbsp;LCD_Printf
<LI><a href="#[c2]">&gt;&gt;</a>&nbsp;&nbsp;&nbsp;LCD_Clear
<LI><a href="#[c5]">&gt;&gt;</a>&nbsp;&nbsp;&nbsp;Delay_ms
</UL>

<P><STRONG><a name="[f9]"></a>f_nameDeal</STRONG> (Thumb, 50 bytes, Stack size 0 bytes, t_fatfs.o(.text))
<BR><BR>[Called By]<UL><LI><a href="#[f7]">&gt;&gt;</a>&nbsp;&nbsp;&nbsp;set_dir
</UL>

<P><STRONG><a name="[b7]"></a>rt_thread_FATfs_init</STRONG> (Thumb, 54 bytes, Stack size 24 bytes, t_fatfs.o(.text))
<BR><BR>[Stack]<UL><LI>Max Depth = 248<LI>Call Chain = rt_thread_FATfs_init &rArr; rt_thread_startup &rArr; rt_schedule &rArr; _rt_scheduler_stack_check &rArr; rt_kprintf &rArr; rt_vsnprintf &rArr; print_number
</UL>
<BR>[Calls]<UL><LI><a href="#[d9]">&gt;&gt;</a>&nbsp;&nbsp;&nbsp;rt_thread_init
<LI><a href="#[b1]">&gt;&gt;</a>&nbsp;&nbsp;&nbsp;rt_thread_startup
</UL>
<BR>[Called By]<UL><LI><a href="#[13]">&gt;&gt;</a>&nbsp;&nbsp;&nbsp;SD_ReInit
<LI><a href="#[af]">&gt;&gt;</a>&nbsp;&nbsp;&nbsp;rt_application_init
</UL>

<P><STRONG><a name="[13]"></a>SD_ReInit</STRONG> (Thumb, 14 bytes, Stack size 8 bytes, t_fatfs.o(.text))
<BR><BR>[Stack]<UL><LI>Max Depth = 256<LI>Call Chain = SD_ReInit &rArr; rt_thread_FATfs_init &rArr; rt_thread_startup &rArr; rt_schedule &rArr; _rt_scheduler_stack_check &rArr; rt_kprintf &rArr; rt_vsnprintf &rArr; print_number
</UL>
<BR>[Calls]<UL><LI><a href="#[e5]">&gt;&gt;</a>&nbsp;&nbsp;&nbsp;rt_thread_detach
<LI><a href="#[b7]">&gt;&gt;</a>&nbsp;&nbsp;&nbsp;rt_thread_FATfs_init
</UL>
<BR>[Address Reference Count : 1]<UL><LI> m_list.o(.data)
</UL>
<P><STRONG><a name="[14]"></a>SD_Walkground</STRONG> (Thumb, 28 bytes, Stack size 8 bytes, t_fatfs.o(.text))
<BR><BR>[Stack]<UL><LI>Max Depth = 264<LI>Call Chain = SD_Walkground &rArr; Delay_ms &rArr; rt_thread_delay &rArr; rt_thread_sleep &rArr; rt_schedule &rArr; _rt_scheduler_stack_check &rArr; rt_kprintf &rArr; rt_vsnprintf &rArr; print_number
</UL>
<BR>[Calls]<UL><LI><a href="#[c3]">&gt;&gt;</a>&nbsp;&nbsp;&nbsp;LCD_SetXY
<LI><a href="#[c4]">&gt;&gt;</a>&nbsp;&nbsp;&nbsp;LCD_Printf
<LI><a href="#[c2]">&gt;&gt;</a>&nbsp;&nbsp;&nbsp;LCD_Clear
<LI><a href="#[c5]">&gt;&gt;</a>&nbsp;&nbsp;&nbsp;Delay_ms
</UL>
<BR>[Address Reference Count : 1]<UL><LI> m_list.o(.data)
</UL>
<P><STRONG><a name="[106]"></a>sd_reInit</STRONG> (Thumb, 92 bytes, Stack size 16 bytes, t_fatfs.o(.text), UNUSED)
<BR><BR>[Calls]<UL><LI><a href="#[f3]">&gt;&gt;</a>&nbsp;&nbsp;&nbsp;f_open
<LI><a href="#[ff]">&gt;&gt;</a>&nbsp;&nbsp;&nbsp;f_mount
<LI><a href="#[fe]">&gt;&gt;</a>&nbsp;&nbsp;&nbsp;SD_Init
<LI><a href="#[105]">&gt;&gt;</a>&nbsp;&nbsp;&nbsp;Mortor_filcrt
<LI><a href="#[f7]">&gt;&gt;</a>&nbsp;&nbsp;&nbsp;set_dir
<LI><a href="#[f2]">&gt;&gt;</a>&nbsp;&nbsp;&nbsp;route_filcrt
<LI><a href="#[c0]">&gt;&gt;</a>&nbsp;&nbsp;&nbsp;rt_kprintf
<LI><a href="#[c5]">&gt;&gt;</a>&nbsp;&nbsp;&nbsp;Delay_ms
</UL>

<P><STRONG><a name="[e1]"></a>ShowMenuList</STRONG> (Thumb, 74 bytes, Stack size 24 bytes, m_func.o(.text))
<BR><BR>[Stack]<UL><LI>Max Depth = 28<LI>Call Chain = ShowMenuList &rArr; LCD_WriteString
</UL>
<BR>[Calls]<UL><LI><a href="#[107]">&gt;&gt;</a>&nbsp;&nbsp;&nbsp;LCD_WriteString
<LI><a href="#[c3]">&gt;&gt;</a>&nbsp;&nbsp;&nbsp;LCD_SetXY
<LI><a href="#[c2]">&gt;&gt;</a>&nbsp;&nbsp;&nbsp;LCD_Clear
</UL>
<BR>[Called By]<UL><LI><a href="#[9c]">&gt;&gt;</a>&nbsp;&nbsp;&nbsp;rt_thread_entry_emergency
<LI><a href="#[e3]">&gt;&gt;</a>&nbsp;&nbsp;&nbsp;KeyNumOperate
<LI><a href="#[9b]">&gt;&gt;</a>&nbsp;&nbsp;&nbsp;rt_thread_entry_keyboard
</UL>

<P><STRONG><a name="[108]"></a>GoKeyNum</STRONG> (Thumb, 50 bytes, Stack size 16 bytes, m_func.o(.text))
<BR><BR>[Stack]<UL><LI>Max Depth = 16<LI>Call Chain = GoKeyNum
</UL>
<BR>[Called By]<UL><LI><a href="#[e3]">&gt;&gt;</a>&nbsp;&nbsp;&nbsp;KeyNumOperate
</UL>

<P><STRONG><a name="[e3]"></a>KeyNumOperate</STRONG> (Thumb, 130 bytes, Stack size 8 bytes, m_func.o(.text))
<BR><BR>[Stack]<UL><LI>Max Depth = 36<LI>Call Chain = KeyNumOperate &rArr; ShowMenuList &rArr; LCD_WriteString
</UL>
<BR>[Calls]<UL><LI><a href="#[108]">&gt;&gt;</a>&nbsp;&nbsp;&nbsp;GoKeyNum
<LI><a href="#[e1]">&gt;&gt;</a>&nbsp;&nbsp;&nbsp;ShowMenuList
</UL>
<BR>[Called By]<UL><LI><a href="#[9b]">&gt;&gt;</a>&nbsp;&nbsp;&nbsp;rt_thread_entry_keyboard
</UL>

<P><STRONG><a name="[109]"></a>MY_Input_List</STRONG> (Thumb, 1652 bytes, Stack size 88 bytes, m_sys.o(.text))
<BR><BR>[Stack]<UL><LI>Max Depth = 544<LI>Call Chain = MY_Input_List &rArr; SetSpeed &rArr; PWM_SetDuty &rArr; Get_Cycle &rArr; assert_failed &rArr; rt_kprintf &rArr; rt_vsnprintf &rArr; print_number
</UL>
<BR>[Calls]<UL><LI><a href="#[10d]">&gt;&gt;</a>&nbsp;&nbsp;&nbsp;__aeabi_ul2d
<LI><a href="#[10b]">&gt;&gt;</a>&nbsp;&nbsp;&nbsp;__aeabi_ui2d
<LI><a href="#[10c]">&gt;&gt;</a>&nbsp;&nbsp;&nbsp;__aeabi_l2d
<LI><a href="#[10e]">&gt;&gt;</a>&nbsp;&nbsp;&nbsp;__aeabi_f2d
<LI><a href="#[117]">&gt;&gt;</a>&nbsp;&nbsp;&nbsp;__aeabi_dmul
<LI><a href="#[113]">&gt;&gt;</a>&nbsp;&nbsp;&nbsp;__aeabi_d2ulz
<LI><a href="#[111]">&gt;&gt;</a>&nbsp;&nbsp;&nbsp;__aeabi_d2uiz
<LI><a href="#[112]">&gt;&gt;</a>&nbsp;&nbsp;&nbsp;__aeabi_d2lz
<LI><a href="#[110]">&gt;&gt;</a>&nbsp;&nbsp;&nbsp;__aeabi_d2iz
<LI><a href="#[114]">&gt;&gt;</a>&nbsp;&nbsp;&nbsp;__aeabi_d2f
<LI><a href="#[10a]">&gt;&gt;</a>&nbsp;&nbsp;&nbsp;LCD_WriteNum
<LI><a href="#[118]">&gt;&gt;</a>&nbsp;&nbsp;&nbsp;LCD_WriteDouble
<LI><a href="#[10f]">&gt;&gt;</a>&nbsp;&nbsp;&nbsp;Input_DoubleValue
<LI><a href="#[116]">&gt;&gt;</a>&nbsp;&nbsp;&nbsp;AnglePID
<LI><a href="#[107]">&gt;&gt;</a>&nbsp;&nbsp;&nbsp;LCD_WriteString
<LI><a href="#[e7]">&gt;&gt;</a>&nbsp;&nbsp;&nbsp;__aeabi_i2d
<LI><a href="#[eb]">&gt;&gt;</a>&nbsp;&nbsp;&nbsp;__aeabi_dsub
<LI><a href="#[ec]">&gt;&gt;</a>&nbsp;&nbsp;&nbsp;__aeabi_dadd
<LI><a href="#[e9]">&gt;&gt;</a>&nbsp;&nbsp;&nbsp;__aeabi_cdrcmple
<LI><a href="#[ea]">&gt;&gt;</a>&nbsp;&nbsp;&nbsp;__aeabi_cdcmple
<LI><a href="#[ed]">&gt;&gt;</a>&nbsp;&nbsp;&nbsp;SetSpeed
<LI><a href="#[e2]">&gt;&gt;</a>&nbsp;&nbsp;&nbsp;rt_mb_recv
<LI><a href="#[c3]">&gt;&gt;</a>&nbsp;&nbsp;&nbsp;LCD_SetXY
<LI><a href="#[c4]">&gt;&gt;</a>&nbsp;&nbsp;&nbsp;LCD_Printf
<LI><a href="#[c2]">&gt;&gt;</a>&nbsp;&nbsp;&nbsp;LCD_Clear
<LI><a href="#[c5]">&gt;&gt;</a>&nbsp;&nbsp;&nbsp;Delay_ms
<LI><a href="#[119]">&gt;&gt;</a>&nbsp;&nbsp;&nbsp;fabs
<LI><a href="#[115]">&gt;&gt;</a>&nbsp;&nbsp;&nbsp;__aeabi_memcpy4
</UL>
<BR>[Called By]<UL><LI><a href="#[e]">&gt;&gt;</a>&nbsp;&nbsp;&nbsp;pid_set_A
</UL>

<P><STRONG><a name="[e]"></a>pid_set_A</STRONG> (Thumb, 36 bytes, Stack size 8 bytes, m_sys.o(.text))
<BR><BR>[Stack]<UL><LI>Max Depth = 808<LI>Call Chain = pid_set_A &rArr; GPS_Clear &rArr; GPS_Init &rArr; Write_Database &rArr; Can_SendData &rArr; _can_senddata &rArr; SD_Printf2 &rArr; f_write &rArr; create_chain &rArr; put_fat &rArr; move_window &rArr; sync_window &rArr; disk_write &rArr; SD_WriteMultiBlocks &rArr; SD_LowLevel_DMA_TxConfig &rArr; DMA_FlowControllerConfig &rArr; assert_failed &rArr; rt_kprintf &rArr; rt_vsnprintf &rArr; print_number
</UL>
<BR>[Calls]<UL><LI><a href="#[11b]">&gt;&gt;</a>&nbsp;&nbsp;&nbsp;PID_Clear
<LI><a href="#[11a]">&gt;&gt;</a>&nbsp;&nbsp;&nbsp;GPS_Clear
<LI><a href="#[109]">&gt;&gt;</a>&nbsp;&nbsp;&nbsp;MY_Input_List
<LI><a href="#[e2]">&gt;&gt;</a>&nbsp;&nbsp;&nbsp;rt_mb_recv
<LI><a href="#[c2]">&gt;&gt;</a>&nbsp;&nbsp;&nbsp;LCD_Clear
</UL>
<BR>[Address Reference Count : 1]<UL><LI> m_list.o(.data)
</UL>
<P><STRONG><a name="[2]"></a>sys_Gyro</STRONG> (Thumb, 194 bytes, Stack size 8 bytes, m_sys.o(.text))
<BR><BR>[Stack]<UL><LI>Max Depth = 768<LI>Call Chain = sys_Gyro &rArr; Gyro_CheckFloat &rArr; CheckFloat &rArr; Write_Database &rArr; Can_SendData &rArr; _can_senddata &rArr; SD_Printf2 &rArr; f_write &rArr; create_chain &rArr; put_fat &rArr; move_window &rArr; sync_window &rArr; disk_write &rArr; SD_WriteMultiBlocks &rArr; SD_LowLevel_DMA_TxConfig &rArr; DMA_FlowControllerConfig &rArr; assert_failed &rArr; rt_kprintf &rArr; rt_vsnprintf &rArr; print_number
</UL>
<BR>[Calls]<UL><LI><a href="#[118]">&gt;&gt;</a>&nbsp;&nbsp;&nbsp;LCD_WriteDouble
<LI><a href="#[11d]">&gt;&gt;</a>&nbsp;&nbsp;&nbsp;Gyro_Set
<LI><a href="#[11c]">&gt;&gt;</a>&nbsp;&nbsp;&nbsp;Gyro_Init
<LI><a href="#[107]">&gt;&gt;</a>&nbsp;&nbsp;&nbsp;LCD_WriteString
<LI><a href="#[e2]">&gt;&gt;</a>&nbsp;&nbsp;&nbsp;rt_mb_recv
<LI><a href="#[e0]">&gt;&gt;</a>&nbsp;&nbsp;&nbsp;Gyro_CheckFloat
<LI><a href="#[c3]">&gt;&gt;</a>&nbsp;&nbsp;&nbsp;LCD_SetXY
<LI><a href="#[c2]">&gt;&gt;</a>&nbsp;&nbsp;&nbsp;LCD_Clear
<LI><a href="#[c5]">&gt;&gt;</a>&nbsp;&nbsp;&nbsp;Delay_ms
</UL>
<BR>[Address Reference Count : 1]<UL><LI> m_list.o(.data)
</UL>
<P><STRONG><a name="[3]"></a>sys_Encoder</STRONG> (Thumb, 618 bytes, Stack size 16 bytes, m_sys.o(.text))
<BR><BR>[Stack]<UL><LI>Max Depth = 768<LI>Call Chain = sys_Encoder &rArr; Encoder_Set &rArr; Write_Database &rArr; Can_SendData &rArr; _can_senddata &rArr; SD_Printf2 &rArr; f_write &rArr; create_chain &rArr; put_fat &rArr; move_window &rArr; sync_window &rArr; disk_write &rArr; SD_WriteMultiBlocks &rArr; SD_LowLevel_DMA_TxConfig &rArr; DMA_FlowControllerConfig &rArr; assert_failed &rArr; rt_kprintf &rArr; rt_vsnprintf &rArr; print_number
</UL>
<BR>[Calls]<UL><LI><a href="#[110]">&gt;&gt;</a>&nbsp;&nbsp;&nbsp;__aeabi_d2iz
<LI><a href="#[11e]">&gt;&gt;</a>&nbsp;&nbsp;&nbsp;LCD_WriteInt
<LI><a href="#[118]">&gt;&gt;</a>&nbsp;&nbsp;&nbsp;LCD_WriteDouble
<LI><a href="#[121]">&gt;&gt;</a>&nbsp;&nbsp;&nbsp;Encoder_View
<LI><a href="#[122]">&gt;&gt;</a>&nbsp;&nbsp;&nbsp;Encoder_Set
<LI><a href="#[120]">&gt;&gt;</a>&nbsp;&nbsp;&nbsp;Encoder_Init_R
<LI><a href="#[11f]">&gt;&gt;</a>&nbsp;&nbsp;&nbsp;Encoder_Init_Con
<LI><a href="#[107]">&gt;&gt;</a>&nbsp;&nbsp;&nbsp;LCD_WriteString
<LI><a href="#[e7]">&gt;&gt;</a>&nbsp;&nbsp;&nbsp;__aeabi_i2d
<LI><a href="#[e2]">&gt;&gt;</a>&nbsp;&nbsp;&nbsp;rt_mb_recv
<LI><a href="#[c3]">&gt;&gt;</a>&nbsp;&nbsp;&nbsp;LCD_SetXY
<LI><a href="#[c2]">&gt;&gt;</a>&nbsp;&nbsp;&nbsp;LCD_Clear
<LI><a href="#[c5]">&gt;&gt;</a>&nbsp;&nbsp;&nbsp;Delay_ms
</UL>
<BR>[Address Reference Count : 1]<UL><LI> m_list.o(.data)
</UL>
<P><STRONG><a name="[4]"></a>sys_GPS</STRONG> (Thumb, 566 bytes, Stack size 24 bytes, m_sys.o(.text))
<BR><BR>[Stack]<UL><LI>Max Depth = 824<LI>Call Chain = sys_GPS &rArr; GPS_Clear &rArr; GPS_Init &rArr; Write_Database &rArr; Can_SendData &rArr; _can_senddata &rArr; SD_Printf2 &rArr; f_write &rArr; create_chain &rArr; put_fat &rArr; move_window &rArr; sync_window &rArr; disk_write &rArr; SD_WriteMultiBlocks &rArr; SD_LowLevel_DMA_TxConfig &rArr; DMA_FlowControllerConfig &rArr; assert_failed &rArr; rt_kprintf &rArr; rt_vsnprintf &rArr; print_number
</UL>
<BR>[Calls]<UL><LI><a href="#[117]">&gt;&gt;</a>&nbsp;&nbsp;&nbsp;__aeabi_dmul
<LI><a href="#[123]">&gt;&gt;</a>&nbsp;&nbsp;&nbsp;Write_Database
<LI><a href="#[118]">&gt;&gt;</a>&nbsp;&nbsp;&nbsp;LCD_WriteDouble
<LI><a href="#[10f]">&gt;&gt;</a>&nbsp;&nbsp;&nbsp;Input_DoubleValue
<LI><a href="#[11a]">&gt;&gt;</a>&nbsp;&nbsp;&nbsp;GPS_Clear
<LI><a href="#[107]">&gt;&gt;</a>&nbsp;&nbsp;&nbsp;LCD_WriteString
<LI><a href="#[e8]">&gt;&gt;</a>&nbsp;&nbsp;&nbsp;__aeabi_ddiv
<LI><a href="#[e2]">&gt;&gt;</a>&nbsp;&nbsp;&nbsp;rt_mb_recv
<LI><a href="#[c3]">&gt;&gt;</a>&nbsp;&nbsp;&nbsp;LCD_SetXY
<LI><a href="#[c4]">&gt;&gt;</a>&nbsp;&nbsp;&nbsp;LCD_Printf
<LI><a href="#[c2]">&gt;&gt;</a>&nbsp;&nbsp;&nbsp;LCD_Clear
<LI><a href="#[c5]">&gt;&gt;</a>&nbsp;&nbsp;&nbsp;Delay_ms
</UL>
<BR>[Address Reference Count : 1]<UL><LI> m_list.o(.data)
</UL>
<P><STRONG><a name="[5]"></a>sys_Mecanum</STRONG> (Thumb, 182 bytes, Stack size 8 bytes, m_sys.o(.text))
<BR><BR>[Stack]<UL><LI>Max Depth = 344<LI>Call Chain = sys_Mecanum &rArr; Mecanum_test &rArr; Input_DoubleValue &rArr; rt_mb_recv &rArr; rt_schedule &rArr; _rt_scheduler_stack_check &rArr; rt_kprintf &rArr; rt_vsnprintf &rArr; print_number
</UL>
<BR>[Calls]<UL><LI><a href="#[124]">&gt;&gt;</a>&nbsp;&nbsp;&nbsp;Mecanum_test
<LI><a href="#[11e]">&gt;&gt;</a>&nbsp;&nbsp;&nbsp;LCD_WriteInt
<LI><a href="#[107]">&gt;&gt;</a>&nbsp;&nbsp;&nbsp;LCD_WriteString
<LI><a href="#[e2]">&gt;&gt;</a>&nbsp;&nbsp;&nbsp;rt_mb_recv
<LI><a href="#[c3]">&gt;&gt;</a>&nbsp;&nbsp;&nbsp;LCD_SetXY
<LI><a href="#[c2]">&gt;&gt;</a>&nbsp;&nbsp;&nbsp;LCD_Clear
<LI><a href="#[c5]">&gt;&gt;</a>&nbsp;&nbsp;&nbsp;Delay_ms
</UL>
<BR>[Address Reference Count : 1]<UL><LI> m_list.o(.data)
</UL>
<P><STRONG><a name="[6]"></a>sys_SA_ST</STRONG> (Thumb, 170 bytes, Stack size 32 bytes, m_sys.o(.text))
<BR><BR>[Stack]<UL><LI>Max Depth = 288<LI>Call Chain = sys_SA_ST &rArr; rt_mb_recv &rArr; rt_schedule &rArr; _rt_scheduler_stack_check &rArr; rt_kprintf &rArr; rt_vsnprintf &rArr; print_number
</UL>
<BR>[Calls]<UL><LI><a href="#[107]">&gt;&gt;</a>&nbsp;&nbsp;&nbsp;LCD_WriteString
<LI><a href="#[e2]">&gt;&gt;</a>&nbsp;&nbsp;&nbsp;rt_mb_recv
<LI><a href="#[c3]">&gt;&gt;</a>&nbsp;&nbsp;&nbsp;LCD_SetXY
<LI><a href="#[c2]">&gt;&gt;</a>&nbsp;&nbsp;&nbsp;LCD_Clear
<LI><a href="#[c5]">&gt;&gt;</a>&nbsp;&nbsp;&nbsp;Delay_ms
</UL>
<BR>[Address Reference Count : 1]<UL><LI> m_list.o(.data)
</UL>
<P><STRONG><a name="[7]"></a>sys_CAN</STRONG> (Thumb, 402 bytes, Stack size 8 bytes, m_sys.o(.text))
<BR><BR>[Stack]<UL><LI>Max Depth = 848<LI>Call Chain = sys_CAN &rArr; Motor_View &rArr; Motor_Test &rArr; Moto_Set_GSpeed &rArr; W_MOTOR_OLD_FUNC &rArr; Write_Database &rArr; Can_SendData &rArr; _can_senddata &rArr; SD_Printf2 &rArr; f_write &rArr; create_chain &rArr; put_fat &rArr; move_window &rArr; sync_window &rArr; disk_write &rArr; SD_WriteMultiBlocks &rArr; SD_LowLevel_DMA_TxConfig &rArr; DMA_FlowControllerConfig &rArr; assert_failed &rArr; rt_kprintf &rArr; rt_vsnprintf &rArr; print_number
</UL>
<BR>[Calls]<UL><LI><a href="#[125]">&gt;&gt;</a>&nbsp;&nbsp;&nbsp;Relay_View
<LI><a href="#[126]">&gt;&gt;</a>&nbsp;&nbsp;&nbsp;Motor_View
<LI><a href="#[107]">&gt;&gt;</a>&nbsp;&nbsp;&nbsp;LCD_WriteString
<LI><a href="#[e2]">&gt;&gt;</a>&nbsp;&nbsp;&nbsp;rt_mb_recv
<LI><a href="#[c3]">&gt;&gt;</a>&nbsp;&nbsp;&nbsp;LCD_SetXY
<LI><a href="#[c2]">&gt;&gt;</a>&nbsp;&nbsp;&nbsp;LCD_Clear
<LI><a href="#[c5]">&gt;&gt;</a>&nbsp;&nbsp;&nbsp;Delay_ms
</UL>
<BR>[Address Reference Count : 1]<UL><LI> m_list.o(.data)
</UL>
<P><STRONG><a name="[8]"></a>sys_Handle</STRONG> (Thumb, 740 bytes, Stack size 0 bytes, m_sys.o(.text))
<BR><BR>[Stack]<UL><LI>Max Depth = 256<LI>Call Chain = sys_Handle &rArr; Delay_ms &rArr; rt_thread_delay &rArr; rt_thread_sleep &rArr; rt_schedule &rArr; _rt_scheduler_stack_check &rArr; rt_kprintf &rArr; rt_vsnprintf &rArr; print_number
</UL>
<BR>[Calls]<UL><LI><a href="#[110]">&gt;&gt;</a>&nbsp;&nbsp;&nbsp;__aeabi_d2iz
<LI><a href="#[11e]">&gt;&gt;</a>&nbsp;&nbsp;&nbsp;LCD_WriteInt
<LI><a href="#[107]">&gt;&gt;</a>&nbsp;&nbsp;&nbsp;LCD_WriteString
<LI><a href="#[c3]">&gt;&gt;</a>&nbsp;&nbsp;&nbsp;LCD_SetXY
<LI><a href="#[c4]">&gt;&gt;</a>&nbsp;&nbsp;&nbsp;LCD_Printf
<LI><a href="#[c2]">&gt;&gt;</a>&nbsp;&nbsp;&nbsp;LCD_Clear
<LI><a href="#[c5]">&gt;&gt;</a>&nbsp;&nbsp;&nbsp;Delay_ms
</UL>
<BR>[Address Reference Count : 1]<UL><LI> m_list.o(.data)
</UL>
<P><STRONG><a name="[127]"></a>sys_keep</STRONG> (Thumb, 174 bytes, Stack size 24 bytes, m_sys.o(.text), UNUSED)
<BR><BR>[Calls]<UL><LI><a href="#[128]">&gt;&gt;</a>&nbsp;&nbsp;&nbsp;SetKeep
<LI><a href="#[129]">&gt;&gt;</a>&nbsp;&nbsp;&nbsp;Keep
<LI><a href="#[107]">&gt;&gt;</a>&nbsp;&nbsp;&nbsp;LCD_WriteString
<LI><a href="#[e2]">&gt;&gt;</a>&nbsp;&nbsp;&nbsp;rt_mb_recv
<LI><a href="#[df]">&gt;&gt;</a>&nbsp;&nbsp;&nbsp;Fan_Set_Min
<LI><a href="#[c3]">&gt;&gt;</a>&nbsp;&nbsp;&nbsp;LCD_SetXY
<LI><a href="#[c4]">&gt;&gt;</a>&nbsp;&nbsp;&nbsp;LCD_Printf
<LI><a href="#[c2]">&gt;&gt;</a>&nbsp;&nbsp;&nbsp;LCD_Clear
<LI><a href="#[c5]">&gt;&gt;</a>&nbsp;&nbsp;&nbsp;Delay_ms
</UL>

<P><STRONG><a name="[9]"></a>DataBackTest</STRONG> (Thumb, 42 bytes, Stack size 0 bytes, m_test.o(.text))
<BR><BR>[Stack]<UL><LI>Max Depth = 256<LI>Call Chain = DataBackTest &rArr; Delay_ms &rArr; rt_thread_delay &rArr; rt_thread_sleep &rArr; rt_schedule &rArr; _rt_scheduler_stack_check &rArr; rt_kprintf &rArr; rt_vsnprintf &rArr; print_number
</UL>
<BR>[Calls]<UL><LI><a href="#[107]">&gt;&gt;</a>&nbsp;&nbsp;&nbsp;LCD_WriteString
<LI><a href="#[c3]">&gt;&gt;</a>&nbsp;&nbsp;&nbsp;LCD_SetXY
<LI><a href="#[c2]">&gt;&gt;</a>&nbsp;&nbsp;&nbsp;LCD_Clear
<LI><a href="#[c5]">&gt;&gt;</a>&nbsp;&nbsp;&nbsp;Delay_ms
</UL>
<BR>[Address Reference Count : 1]<UL><LI> m_list.o(.data)
</UL>
<P><STRONG><a name="[a]"></a>GoLineTest</STRONG> (Thumb, 668 bytes, Stack size 32 bytes, m_route.o(.text))
<BR><BR>[Stack]<UL><LI>Max Depth = 832<LI>Call Chain = GoLineTest &rArr; GPS_Clear &rArr; GPS_Init &rArr; Write_Database &rArr; Can_SendData &rArr; _can_senddata &rArr; SD_Printf2 &rArr; f_write &rArr; create_chain &rArr; put_fat &rArr; move_window &rArr; sync_window &rArr; disk_write &rArr; SD_WriteMultiBlocks &rArr; SD_LowLevel_DMA_TxConfig &rArr; DMA_FlowControllerConfig &rArr; assert_failed &rArr; rt_kprintf &rArr; rt_vsnprintf &rArr; print_number
</UL>
<BR>[Calls]<UL><LI><a href="#[117]">&gt;&gt;</a>&nbsp;&nbsp;&nbsp;__aeabi_dmul
<LI><a href="#[11b]">&gt;&gt;</a>&nbsp;&nbsp;&nbsp;PID_Clear
<LI><a href="#[118]">&gt;&gt;</a>&nbsp;&nbsp;&nbsp;LCD_WriteDouble
<LI><a href="#[11a]">&gt;&gt;</a>&nbsp;&nbsp;&nbsp;GPS_Clear
<LI><a href="#[107]">&gt;&gt;</a>&nbsp;&nbsp;&nbsp;LCD_WriteString
<LI><a href="#[f3]">&gt;&gt;</a>&nbsp;&nbsp;&nbsp;f_open
<LI><a href="#[f4]">&gt;&gt;</a>&nbsp;&nbsp;&nbsp;f_close
<LI><a href="#[e8]">&gt;&gt;</a>&nbsp;&nbsp;&nbsp;__aeabi_ddiv
<LI><a href="#[e9]">&gt;&gt;</a>&nbsp;&nbsp;&nbsp;__aeabi_cdrcmple
<LI><a href="#[ea]">&gt;&gt;</a>&nbsp;&nbsp;&nbsp;__aeabi_cdcmple
<LI><a href="#[ed]">&gt;&gt;</a>&nbsp;&nbsp;&nbsp;SetSpeed
<LI><a href="#[e2]">&gt;&gt;</a>&nbsp;&nbsp;&nbsp;rt_mb_recv
<LI><a href="#[c3]">&gt;&gt;</a>&nbsp;&nbsp;&nbsp;LCD_SetXY
<LI><a href="#[c2]">&gt;&gt;</a>&nbsp;&nbsp;&nbsp;LCD_Clear
<LI><a href="#[c5]">&gt;&gt;</a>&nbsp;&nbsp;&nbsp;Delay_ms
<LI><a href="#[12e]">&gt;&gt;</a>&nbsp;&nbsp;&nbsp;__aeabi_drsub
<LI><a href="#[12b]">&gt;&gt;</a>&nbsp;&nbsp;&nbsp;SetLine
<LI><a href="#[12a]">&gt;&gt;</a>&nbsp;&nbsp;&nbsp;Input_List
<LI><a href="#[12c]">&gt;&gt;</a>&nbsp;&nbsp;&nbsp;GoLine
<LI><a href="#[12d]">&gt;&gt;</a>&nbsp;&nbsp;&nbsp;GetLength
</UL>
<BR>[Address Reference Count : 1]<UL><LI> m_list.o(.data)
</UL>
<P><STRONG><a name="[f]"></a>KeepTest</STRONG> (Thumb, 802 bytes, Stack size 152 bytes, m_route.o(.text))
<BR><BR>[Stack]<UL><LI>Max Depth = 952<LI>Call Chain = KeepTest &rArr; GPS_Clear &rArr; GPS_Init &rArr; Write_Database &rArr; Can_SendData &rArr; _can_senddata &rArr; SD_Printf2 &rArr; f_write &rArr; create_chain &rArr; put_fat &rArr; move_window &rArr; sync_window &rArr; disk_write &rArr; SD_WriteMultiBlocks &rArr; SD_LowLevel_DMA_TxConfig &rArr; DMA_FlowControllerConfig &rArr; assert_failed &rArr; rt_kprintf &rArr; rt_vsnprintf &rArr; print_number
</UL>
<BR>[Calls]<UL><LI><a href="#[117]">&gt;&gt;</a>&nbsp;&nbsp;&nbsp;__aeabi_dmul
<LI><a href="#[128]">&gt;&gt;</a>&nbsp;&nbsp;&nbsp;SetKeep
<LI><a href="#[11b]">&gt;&gt;</a>&nbsp;&nbsp;&nbsp;PID_Clear
<LI><a href="#[118]">&gt;&gt;</a>&nbsp;&nbsp;&nbsp;LCD_WriteDouble
<LI><a href="#[129]">&gt;&gt;</a>&nbsp;&nbsp;&nbsp;Keep
<LI><a href="#[11a]">&gt;&gt;</a>&nbsp;&nbsp;&nbsp;GPS_Clear
<LI><a href="#[107]">&gt;&gt;</a>&nbsp;&nbsp;&nbsp;LCD_WriteString
<LI><a href="#[e8]">&gt;&gt;</a>&nbsp;&nbsp;&nbsp;__aeabi_ddiv
<LI><a href="#[e9]">&gt;&gt;</a>&nbsp;&nbsp;&nbsp;__aeabi_cdrcmple
<LI><a href="#[ea]">&gt;&gt;</a>&nbsp;&nbsp;&nbsp;__aeabi_cdcmple
<LI><a href="#[ed]">&gt;&gt;</a>&nbsp;&nbsp;&nbsp;SetSpeed
<LI><a href="#[e2]">&gt;&gt;</a>&nbsp;&nbsp;&nbsp;rt_mb_recv
<LI><a href="#[c3]">&gt;&gt;</a>&nbsp;&nbsp;&nbsp;LCD_SetXY
<LI><a href="#[c2]">&gt;&gt;</a>&nbsp;&nbsp;&nbsp;LCD_Clear
<LI><a href="#[c5]">&gt;&gt;</a>&nbsp;&nbsp;&nbsp;Delay_ms
<LI><a href="#[12e]">&gt;&gt;</a>&nbsp;&nbsp;&nbsp;__aeabi_drsub
<LI><a href="#[12a]">&gt;&gt;</a>&nbsp;&nbsp;&nbsp;Input_List
<LI><a href="#[12d]">&gt;&gt;</a>&nbsp;&nbsp;&nbsp;GetLength
<LI><a href="#[115]">&gt;&gt;</a>&nbsp;&nbsp;&nbsp;__aeabi_memcpy4
</UL>
<BR>[Address Reference Count : 1]<UL><LI> m_list.o(.data)
</UL>
<P><STRONG><a name="[b]"></a>GoCircleTest</STRONG> (Thumb, 106 bytes, Stack size 128 bytes, m_route.o(.text))
<BR><BR>[Stack]<UL><LI>Max Depth = 928<LI>Call Chain = GoCircleTest &rArr; GPS_Clear &rArr; GPS_Init &rArr; Write_Database &rArr; Can_SendData &rArr; _can_senddata &rArr; SD_Printf2 &rArr; f_write &rArr; create_chain &rArr; put_fat &rArr; move_window &rArr; sync_window &rArr; disk_write &rArr; SD_WriteMultiBlocks &rArr; SD_LowLevel_DMA_TxConfig &rArr; DMA_FlowControllerConfig &rArr; assert_failed &rArr; rt_kprintf &rArr; rt_vsnprintf &rArr; print_number
</UL>
<BR>[Calls]<UL><LI><a href="#[11b]">&gt;&gt;</a>&nbsp;&nbsp;&nbsp;PID_Clear
<LI><a href="#[11a]">&gt;&gt;</a>&nbsp;&nbsp;&nbsp;GPS_Clear
<LI><a href="#[e2]">&gt;&gt;</a>&nbsp;&nbsp;&nbsp;rt_mb_recv
<LI><a href="#[c2]">&gt;&gt;</a>&nbsp;&nbsp;&nbsp;LCD_Clear
<LI><a href="#[c5]">&gt;&gt;</a>&nbsp;&nbsp;&nbsp;Delay_ms
<LI><a href="#[12f]">&gt;&gt;</a>&nbsp;&nbsp;&nbsp;SetCircle
<LI><a href="#[12a]">&gt;&gt;</a>&nbsp;&nbsp;&nbsp;Input_List
<LI><a href="#[130]">&gt;&gt;</a>&nbsp;&nbsp;&nbsp;GoCircle
<LI><a href="#[115]">&gt;&gt;</a>&nbsp;&nbsp;&nbsp;__aeabi_memcpy4
</UL>
<BR>[Address Reference Count : 1]<UL><LI> m_list.o(.data)
</UL>
<P><STRONG><a name="[c]"></a>GoLeanTest</STRONG> (Thumb, 1328 bytes, Stack size 32 bytes, m_route.o(.text))
<BR><BR>[Stack]<UL><LI>Max Depth = 832<LI>Call Chain = GoLeanTest &rArr; GPS_Clear &rArr; GPS_Init &rArr; Write_Database &rArr; Can_SendData &rArr; _can_senddata &rArr; SD_Printf2 &rArr; f_write &rArr; create_chain &rArr; put_fat &rArr; move_window &rArr; sync_window &rArr; disk_write &rArr; SD_WriteMultiBlocks &rArr; SD_LowLevel_DMA_TxConfig &rArr; DMA_FlowControllerConfig &rArr; assert_failed &rArr; rt_kprintf &rArr; rt_vsnprintf &rArr; print_number
</UL>
<BR>[Calls]<UL><LI><a href="#[117]">&gt;&gt;</a>&nbsp;&nbsp;&nbsp;__aeabi_dmul
<LI><a href="#[11b]">&gt;&gt;</a>&nbsp;&nbsp;&nbsp;PID_Clear
<LI><a href="#[118]">&gt;&gt;</a>&nbsp;&nbsp;&nbsp;LCD_WriteDouble
<LI><a href="#[11a]">&gt;&gt;</a>&nbsp;&nbsp;&nbsp;GPS_Clear
<LI><a href="#[107]">&gt;&gt;</a>&nbsp;&nbsp;&nbsp;LCD_WriteString
<LI><a href="#[f3]">&gt;&gt;</a>&nbsp;&nbsp;&nbsp;f_open
<LI><a href="#[f4]">&gt;&gt;</a>&nbsp;&nbsp;&nbsp;f_close
<LI><a href="#[e8]">&gt;&gt;</a>&nbsp;&nbsp;&nbsp;__aeabi_ddiv
<LI><a href="#[e9]">&gt;&gt;</a>&nbsp;&nbsp;&nbsp;__aeabi_cdrcmple
<LI><a href="#[ea]">&gt;&gt;</a>&nbsp;&nbsp;&nbsp;__aeabi_cdcmple
<LI><a href="#[ed]">&gt;&gt;</a>&nbsp;&nbsp;&nbsp;SetSpeed
<LI><a href="#[e2]">&gt;&gt;</a>&nbsp;&nbsp;&nbsp;rt_mb_recv
<LI><a href="#[c3]">&gt;&gt;</a>&nbsp;&nbsp;&nbsp;LCD_SetXY
<LI><a href="#[c2]">&gt;&gt;</a>&nbsp;&nbsp;&nbsp;LCD_Clear
<LI><a href="#[c5]">&gt;&gt;</a>&nbsp;&nbsp;&nbsp;Delay_ms
<LI><a href="#[12e]">&gt;&gt;</a>&nbsp;&nbsp;&nbsp;__aeabi_drsub
<LI><a href="#[12b]">&gt;&gt;</a>&nbsp;&nbsp;&nbsp;SetLine
<LI><a href="#[12a]">&gt;&gt;</a>&nbsp;&nbsp;&nbsp;Input_List
<LI><a href="#[12c]">&gt;&gt;</a>&nbsp;&nbsp;&nbsp;GoLine
<LI><a href="#[12d]">&gt;&gt;</a>&nbsp;&nbsp;&nbsp;GetLength
</UL>
<BR>[Address Reference Count : 1]<UL><LI> m_list.o(.data)
</UL>
<P><STRONG><a name="[d]"></a>STAR</STRONG> (Thumb, 3512 bytes, Stack size 144 bytes, m_route.o(.text))
<BR><BR>[Stack]<UL><LI>Max Depth = 944<LI>Call Chain = STAR &rArr; GPS_Clear &rArr; GPS_Init &rArr; Write_Database &rArr; Can_SendData &rArr; _can_senddata &rArr; SD_Printf2 &rArr; f_write &rArr; create_chain &rArr; put_fat &rArr; move_window &rArr; sync_window &rArr; disk_write &rArr; SD_WriteMultiBlocks &rArr; SD_LowLevel_DMA_TxConfig &rArr; DMA_FlowControllerConfig &rArr; assert_failed &rArr; rt_kprintf &rArr; rt_vsnprintf &rArr; print_number
</UL>
<BR>[Calls]<UL><LI><a href="#[117]">&gt;&gt;</a>&nbsp;&nbsp;&nbsp;__aeabi_dmul
<LI><a href="#[128]">&gt;&gt;</a>&nbsp;&nbsp;&nbsp;SetKeep
<LI><a href="#[11b]">&gt;&gt;</a>&nbsp;&nbsp;&nbsp;PID_Clear
<LI><a href="#[118]">&gt;&gt;</a>&nbsp;&nbsp;&nbsp;LCD_WriteDouble
<LI><a href="#[129]">&gt;&gt;</a>&nbsp;&nbsp;&nbsp;Keep
<LI><a href="#[11a]">&gt;&gt;</a>&nbsp;&nbsp;&nbsp;GPS_Clear
<LI><a href="#[107]">&gt;&gt;</a>&nbsp;&nbsp;&nbsp;LCD_WriteString
<LI><a href="#[f3]">&gt;&gt;</a>&nbsp;&nbsp;&nbsp;f_open
<LI><a href="#[f4]">&gt;&gt;</a>&nbsp;&nbsp;&nbsp;f_close
<LI><a href="#[e8]">&gt;&gt;</a>&nbsp;&nbsp;&nbsp;__aeabi_ddiv
<LI><a href="#[e9]">&gt;&gt;</a>&nbsp;&nbsp;&nbsp;__aeabi_cdrcmple
<LI><a href="#[ea]">&gt;&gt;</a>&nbsp;&nbsp;&nbsp;__aeabi_cdcmple
<LI><a href="#[ed]">&gt;&gt;</a>&nbsp;&nbsp;&nbsp;SetSpeed
<LI><a href="#[e2]">&gt;&gt;</a>&nbsp;&nbsp;&nbsp;rt_mb_recv
<LI><a href="#[c3]">&gt;&gt;</a>&nbsp;&nbsp;&nbsp;LCD_SetXY
<LI><a href="#[c2]">&gt;&gt;</a>&nbsp;&nbsp;&nbsp;LCD_Clear
<LI><a href="#[c5]">&gt;&gt;</a>&nbsp;&nbsp;&nbsp;Delay_ms
<LI><a href="#[12e]">&gt;&gt;</a>&nbsp;&nbsp;&nbsp;__aeabi_drsub
<LI><a href="#[12a]">&gt;&gt;</a>&nbsp;&nbsp;&nbsp;Input_List
<LI><a href="#[12d]">&gt;&gt;</a>&nbsp;&nbsp;&nbsp;GetLength
<LI><a href="#[115]">&gt;&gt;</a>&nbsp;&nbsp;&nbsp;__aeabi_memcpy4
</UL>
<BR>[Address Reference Count : 1]<UL><LI> m_list.o(.data)
</UL>
<P><STRONG><a name="[10]"></a>RouteTest</STRONG> (Thumb, 650 bytes, Stack size 24 bytes, m_route.o(.text))
<BR><BR>[Stack]<UL><LI>Max Depth = 824<LI>Call Chain = RouteTest &rArr; GPS_Clear &rArr; GPS_Init &rArr; Write_Database &rArr; Can_SendData &rArr; _can_senddata &rArr; SD_Printf2 &rArr; f_write &rArr; create_chain &rArr; put_fat &rArr; move_window &rArr; sync_window &rArr; disk_write &rArr; SD_WriteMultiBlocks &rArr; SD_LowLevel_DMA_TxConfig &rArr; DMA_FlowControllerConfig &rArr; assert_failed &rArr; rt_kprintf &rArr; rt_vsnprintf &rArr; print_number
</UL>
<BR>[Calls]<UL><LI><a href="#[117]">&gt;&gt;</a>&nbsp;&nbsp;&nbsp;__aeabi_dmul
<LI><a href="#[123]">&gt;&gt;</a>&nbsp;&nbsp;&nbsp;Write_Database
<LI><a href="#[118]">&gt;&gt;</a>&nbsp;&nbsp;&nbsp;LCD_WriteDouble
<LI><a href="#[10f]">&gt;&gt;</a>&nbsp;&nbsp;&nbsp;Input_DoubleValue
<LI><a href="#[11a]">&gt;&gt;</a>&nbsp;&nbsp;&nbsp;GPS_Clear
<LI><a href="#[107]">&gt;&gt;</a>&nbsp;&nbsp;&nbsp;LCD_WriteString
<LI><a href="#[e8]">&gt;&gt;</a>&nbsp;&nbsp;&nbsp;__aeabi_ddiv
<LI><a href="#[e2]">&gt;&gt;</a>&nbsp;&nbsp;&nbsp;rt_mb_recv
<LI><a href="#[c3]">&gt;&gt;</a>&nbsp;&nbsp;&nbsp;LCD_SetXY
<LI><a href="#[c2]">&gt;&gt;</a>&nbsp;&nbsp;&nbsp;LCD_Clear
<LI><a href="#[c5]">&gt;&gt;</a>&nbsp;&nbsp;&nbsp;Delay_ms
<LI><a href="#[131]">&gt;&gt;</a>&nbsp;&nbsp;&nbsp;Go_Route
</UL>
<BR>[Address Reference Count : 1]<UL><LI> m_list.o(.data)
</UL>
<P><STRONG><a name="[c3]"></a>LCD_SetXY</STRONG> (Thumb, 14 bytes, Stack size 0 bytes, lcd_keyboard.o(.text))
<BR><BR>[Called By]<UL><LI><a href="#[125]">&gt;&gt;</a>&nbsp;&nbsp;&nbsp;Relay_View
<LI><a href="#[126]">&gt;&gt;</a>&nbsp;&nbsp;&nbsp;Motor_View
<LI><a href="#[124]">&gt;&gt;</a>&nbsp;&nbsp;&nbsp;Mecanum_test
<LI><a href="#[129]">&gt;&gt;</a>&nbsp;&nbsp;&nbsp;Keep
<LI><a href="#[10f]">&gt;&gt;</a>&nbsp;&nbsp;&nbsp;Input_DoubleValue
<LI><a href="#[11d]">&gt;&gt;</a>&nbsp;&nbsp;&nbsp;Gyro_Set
<LI><a href="#[11c]">&gt;&gt;</a>&nbsp;&nbsp;&nbsp;Gyro_Init
<LI><a href="#[121]">&gt;&gt;</a>&nbsp;&nbsp;&nbsp;Encoder_View
<LI><a href="#[120]">&gt;&gt;</a>&nbsp;&nbsp;&nbsp;Encoder_Init_R
<LI><a href="#[11f]">&gt;&gt;</a>&nbsp;&nbsp;&nbsp;Encoder_Init_Con
<LI><a href="#[127]">&gt;&gt;</a>&nbsp;&nbsp;&nbsp;sys_keep
<LI><a href="#[109]">&gt;&gt;</a>&nbsp;&nbsp;&nbsp;MY_Input_List
<LI><a href="#[11]">&gt;&gt;</a>&nbsp;&nbsp;&nbsp;test_elevator
<LI><a href="#[6]">&gt;&gt;</a>&nbsp;&nbsp;&nbsp;sys_SA_ST
<LI><a href="#[5]">&gt;&gt;</a>&nbsp;&nbsp;&nbsp;sys_Mecanum
<LI><a href="#[8]">&gt;&gt;</a>&nbsp;&nbsp;&nbsp;sys_Handle
<LI><a href="#[2]">&gt;&gt;</a>&nbsp;&nbsp;&nbsp;sys_Gyro
<LI><a href="#[4]">&gt;&gt;</a>&nbsp;&nbsp;&nbsp;sys_GPS
<LI><a href="#[3]">&gt;&gt;</a>&nbsp;&nbsp;&nbsp;sys_Encoder
<LI><a href="#[7]">&gt;&gt;</a>&nbsp;&nbsp;&nbsp;sys_CAN
<LI><a href="#[12]">&gt;&gt;</a>&nbsp;&nbsp;&nbsp;stepper_fan
<LI><a href="#[d]">&gt;&gt;</a>&nbsp;&nbsp;&nbsp;STAR
<LI><a href="#[10]">&gt;&gt;</a>&nbsp;&nbsp;&nbsp;RouteTest
<LI><a href="#[f]">&gt;&gt;</a>&nbsp;&nbsp;&nbsp;KeepTest
<LI><a href="#[a]">&gt;&gt;</a>&nbsp;&nbsp;&nbsp;GoLineTest
<LI><a href="#[c]">&gt;&gt;</a>&nbsp;&nbsp;&nbsp;GoLeanTest
<LI><a href="#[9]">&gt;&gt;</a>&nbsp;&nbsp;&nbsp;DataBackTest
<LI><a href="#[f6]">&gt;&gt;</a>&nbsp;&nbsp;&nbsp;sd_res
<LI><a href="#[14]">&gt;&gt;</a>&nbsp;&nbsp;&nbsp;SD_Walkground
<LI><a href="#[f1]">&gt;&gt;</a>&nbsp;&nbsp;&nbsp;sys_ttime
<LI><a href="#[e1]">&gt;&gt;</a>&nbsp;&nbsp;&nbsp;ShowMenuList
<LI><a href="#[e0]">&gt;&gt;</a>&nbsp;&nbsp;&nbsp;Gyro_CheckFloat
<LI><a href="#[c1]">&gt;&gt;</a>&nbsp;&nbsp;&nbsp;LCD_Assert_Fail
<LI><a href="#[164]">&gt;&gt;</a>&nbsp;&nbsp;&nbsp;GoPointPath
<LI><a href="#[155]">&gt;&gt;</a>&nbsp;&nbsp;&nbsp;Motor_Test_FHB_Uart
<LI><a href="#[152]">&gt;&gt;</a>&nbsp;&nbsp;&nbsp;Motor_Test
<LI><a href="#[137]">&gt;&gt;</a>&nbsp;&nbsp;&nbsp;Input_FloatValue
<LI><a href="#[135]">&gt;&gt;</a>&nbsp;&nbsp;&nbsp;Input_IntValue
<LI><a href="#[12a]">&gt;&gt;</a>&nbsp;&nbsp;&nbsp;Input_List
<LI><a href="#[12c]">&gt;&gt;</a>&nbsp;&nbsp;&nbsp;GoLine
<LI><a href="#[130]">&gt;&gt;</a>&nbsp;&nbsp;&nbsp;GoCircle
<LI><a href="#[22a]">&gt;&gt;</a>&nbsp;&nbsp;&nbsp;Save_Img
<LI><a href="#[211]">&gt;&gt;</a>&nbsp;&nbsp;&nbsp;_can_senddata
</UL>

<P><STRONG><a name="[c2]"></a>LCD_Clear</STRONG> (Thumb, 18 bytes, Stack size 0 bytes, lcd_keyboard.o(.text))
<BR><BR>[Called By]<UL><LI><a href="#[125]">&gt;&gt;</a>&nbsp;&nbsp;&nbsp;Relay_View
<LI><a href="#[126]">&gt;&gt;</a>&nbsp;&nbsp;&nbsp;Motor_View
[...]
<LI><a href="#[373]">&gt;&gt;</a>&nbsp;&nbsp;&nbsp;mem_set
<LI><a href="#[36f]">&gt;&gt;</a>&nbsp;&nbsp;&nbsp;disk_ioctl
<LI><a href="#[36e]">&gt;&gt;</a>&nbsp;&nbsp;&nbsp;disk_write
</UL>
<BR>[Called By]<UL><LI><a href="#[be]">&gt;&gt;</a>&nbsp;&nbsp;&nbsp;f_mkdir
<LI><a href="#[229]">&gt;&gt;</a>&nbsp;&nbsp;&nbsp;f_utime
<LI><a href="#[22b]">&gt;&gt;</a>&nbsp;&nbsp;&nbsp;f_unlink
<LI><a href="#[395]">&gt;&gt;</a>&nbsp;&nbsp;&nbsp;f_sync
<LI><a href="#[39b]">&gt;&gt;</a>&nbsp;&nbsp;&nbsp;f_rename
<LI><a href="#[39a]">&gt;&gt;</a>&nbsp;&nbsp;&nbsp;f_chmod
</UL>

<P><STRONG><a name="[376]"></a>remove_chain</STRONG> (Thumb, 108 bytes, Stack size 24 bytes, ff.o(.text))
<BR><BR>[Stack]<UL><LI>Max Depth = 416<LI>Call Chain = remove_chain &rArr; put_fat &rArr; move_window &rArr; sync_window &rArr; disk_write &rArr; SD_WriteMultiBlocks &rArr; SD_LowLevel_DMA_TxConfig &rArr; DMA_FlowControllerConfig &rArr; assert_failed &rArr; rt_kprintf &rArr; rt_vsnprintf &rArr; print_number
</UL>
<BR>[Calls]<UL><LI><a href="#[375]">&gt;&gt;</a>&nbsp;&nbsp;&nbsp;put_fat
<LI><a href="#[374]">&gt;&gt;</a>&nbsp;&nbsp;&nbsp;get_fat
</UL>
<BR>[Called By]<UL><LI><a href="#[f3]">&gt;&gt;</a>&nbsp;&nbsp;&nbsp;f_open
<LI><a href="#[be]">&gt;&gt;</a>&nbsp;&nbsp;&nbsp;f_mkdir
<LI><a href="#[22b]">&gt;&gt;</a>&nbsp;&nbsp;&nbsp;f_unlink
<LI><a href="#[399]">&gt;&gt;</a>&nbsp;&nbsp;&nbsp;f_truncate
</UL>

<P><STRONG><a name="[377]"></a>create_chain</STRONG> (Thumb, 206 bytes, Stack size 32 bytes, ff.o(.text))
<BR><BR>[Stack]<UL><LI>Max Depth = 424<LI>Call Chain = create_chain &rArr; put_fat &rArr; move_window &rArr; sync_window &rArr; disk_write &rArr; SD_WriteMultiBlocks &rArr; SD_LowLevel_DMA_TxConfig &rArr; DMA_FlowControllerConfig &rArr; assert_failed &rArr; rt_kprintf &rArr; rt_vsnprintf &rArr; print_number
</UL>
<BR>[Calls]<UL><LI><a href="#[375]">&gt;&gt;</a>&nbsp;&nbsp;&nbsp;put_fat
<LI><a href="#[374]">&gt;&gt;</a>&nbsp;&nbsp;&nbsp;get_fat
</UL>
<BR>[Called By]<UL><LI><a href="#[102]">&gt;&gt;</a>&nbsp;&nbsp;&nbsp;f_write
<LI><a href="#[be]">&gt;&gt;</a>&nbsp;&nbsp;&nbsp;f_mkdir
<LI><a href="#[213]">&gt;&gt;</a>&nbsp;&nbsp;&nbsp;f_lseek
<LI><a href="#[37a]">&gt;&gt;</a>&nbsp;&nbsp;&nbsp;dir_next
</UL>

<P><STRONG><a name="[378]"></a>dir_sdi</STRONG> (Thumb, 156 bytes, Stack size 24 bytes, ff.o(.text))
<BR><BR>[Stack]<UL><LI>Max Depth = 408<LI>Call Chain = dir_sdi &rArr; get_fat &rArr; move_window &rArr; sync_window &rArr; disk_write &rArr; SD_WriteMultiBlocks &rArr; SD_LowLevel_DMA_TxConfig &rArr; DMA_FlowControllerConfig &rArr; assert_failed &rArr; rt_kprintf &rArr; rt_vsnprintf &rArr; print_number
</UL>
<BR>[Calls]<UL><LI><a href="#[374]">&gt;&gt;</a>&nbsp;&nbsp;&nbsp;get_fat
<LI><a href="#[379]">&gt;&gt;</a>&nbsp;&nbsp;&nbsp;clust2sect
</UL>
<BR>[Called By]<UL><LI><a href="#[fb]">&gt;&gt;</a>&nbsp;&nbsp;&nbsp;f_opendir
<LI><a href="#[22b]">&gt;&gt;</a>&nbsp;&nbsp;&nbsp;f_unlink
<LI><a href="#[397]">&gt;&gt;</a>&nbsp;&nbsp;&nbsp;f_readdir
<LI><a href="#[396]">&gt;&gt;</a>&nbsp;&nbsp;&nbsp;f_getcwd
<LI><a href="#[38c]">&gt;&gt;</a>&nbsp;&nbsp;&nbsp;follow_path
<LI><a href="#[387]">&gt;&gt;</a>&nbsp;&nbsp;&nbsp;dir_remove
<LI><a href="#[385]">&gt;&gt;</a>&nbsp;&nbsp;&nbsp;dir_register
<LI><a href="#[380]">&gt;&gt;</a>&nbsp;&nbsp;&nbsp;dir_find
<LI><a href="#[37b]">&gt;&gt;</a>&nbsp;&nbsp;&nbsp;dir_alloc
</UL>

<P><STRONG><a name="[37a]"></a>dir_next</STRONG> (Thumb, 270 bytes, Stack size 24 bytes, ff.o(.text))
<BR><BR>[Stack]<UL><LI>Max Depth = 448<LI>Call Chain = dir_next &rArr; create_chain &rArr; put_fat &rArr; move_window &rArr; sync_window &rArr; disk_write &rArr; SD_WriteMultiBlocks &rArr; SD_LowLevel_DMA_TxConfig &rArr; DMA_FlowControllerConfig &rArr; assert_failed &rArr; rt_kprintf &rArr; rt_vsnprintf &rArr; print_number
</UL>
<BR>[Calls]<UL><LI><a href="#[374]">&gt;&gt;</a>&nbsp;&nbsp;&nbsp;get_fat
<LI><a href="#[379]">&gt;&gt;</a>&nbsp;&nbsp;&nbsp;clust2sect
<LI><a href="#[377]">&gt;&gt;</a>&nbsp;&nbsp;&nbsp;create_chain
<LI><a href="#[370]">&gt;&gt;</a>&nbsp;&nbsp;&nbsp;sync_window
<LI><a href="#[373]">&gt;&gt;</a>&nbsp;&nbsp;&nbsp;mem_set
</UL>
<BR>[Called By]<UL><LI><a href="#[397]">&gt;&gt;</a>&nbsp;&nbsp;&nbsp;f_readdir
<LI><a href="#[396]">&gt;&gt;</a>&nbsp;&nbsp;&nbsp;f_getcwd
<LI><a href="#[387]">&gt;&gt;</a>&nbsp;&nbsp;&nbsp;dir_remove
<LI><a href="#[385]">&gt;&gt;</a>&nbsp;&nbsp;&nbsp;dir_register
<LI><a href="#[383]">&gt;&gt;</a>&nbsp;&nbsp;&nbsp;dir_read
<LI><a href="#[380]">&gt;&gt;</a>&nbsp;&nbsp;&nbsp;dir_find
<LI><a href="#[37b]">&gt;&gt;</a>&nbsp;&nbsp;&nbsp;dir_alloc
</UL>

<P><STRONG><a name="[37b]"></a>dir_alloc</STRONG> (Thumb, 92 bytes, Stack size 24 bytes, ff.o(.text))
<BR><BR>[Stack]<UL><LI>Max Depth = 472<LI>Call Chain = dir_alloc &rArr; dir_next &rArr; create_chain &rArr; put_fat &rArr; move_window &rArr; sync_window &rArr; disk_write &rArr; SD_WriteMultiBlocks &rArr; SD_LowLevel_DMA_TxConfig &rArr; DMA_FlowControllerConfig &rArr; assert_failed &rArr; rt_kprintf &rArr; rt_vsnprintf &rArr; print_number
</UL>
<BR>[Calls]<UL><LI><a href="#[37a]">&gt;&gt;</a>&nbsp;&nbsp;&nbsp;dir_next
<LI><a href="#[378]">&gt;&gt;</a>&nbsp;&nbsp;&nbsp;dir_sdi
<LI><a href="#[371]">&gt;&gt;</a>&nbsp;&nbsp;&nbsp;move_window
</UL>
<BR>[Called By]<UL><LI><a href="#[385]">&gt;&gt;</a>&nbsp;&nbsp;&nbsp;dir_register
</UL>

<P><STRONG><a name="[38d]"></a>ld_clust</STRONG> (Thumb, 32 bytes, Stack size 8 bytes, ff.o(.text))
<BR><BR>[Stack]<UL><LI>Max Depth = 8<LI>Call Chain = ld_clust
</UL>
<BR>[Called By]<UL><LI><a href="#[fb]">&gt;&gt;</a>&nbsp;&nbsp;&nbsp;f_opendir
<LI><a href="#[f3]">&gt;&gt;</a>&nbsp;&nbsp;&nbsp;f_open
<LI><a href="#[fd]">&gt;&gt;</a>&nbsp;&nbsp;&nbsp;f_chdir
<LI><a href="#[22b]">&gt;&gt;</a>&nbsp;&nbsp;&nbsp;f_unlink
<LI><a href="#[39b]">&gt;&gt;</a>&nbsp;&nbsp;&nbsp;f_rename
<LI><a href="#[396]">&gt;&gt;</a>&nbsp;&nbsp;&nbsp;f_getcwd
<LI><a href="#[38c]">&gt;&gt;</a>&nbsp;&nbsp;&nbsp;follow_path
</UL>

<P><STRONG><a name="[393]"></a>st_clust</STRONG> (Thumb, 16 bytes, Stack size 0 bytes, ff.o(.text))
<BR><BR>[Called By]<UL><LI><a href="#[f3]">&gt;&gt;</a>&nbsp;&nbsp;&nbsp;f_open
<LI><a href="#[be]">&gt;&gt;</a>&nbsp;&nbsp;&nbsp;f_mkdir
<LI><a href="#[395]">&gt;&gt;</a>&nbsp;&nbsp;&nbsp;f_sync
<LI><a href="#[39b]">&gt;&gt;</a>&nbsp;&nbsp;&nbsp;f_rename
</UL>

<P><STRONG><a name="[37c]"></a>cmp_lfn</STRONG> (Thumb, 138 bytes, Stack size 32 bytes, ff.o(.text))
<BR><BR>[Stack]<UL><LI>Max Depth = 32<LI>Call Chain = cmp_lfn
</UL>
<BR>[Calls]<UL><LI><a href="#[37d]">&gt;&gt;</a>&nbsp;&nbsp;&nbsp;ff_wtoupper
</UL>
<BR>[Called By]<UL><LI><a href="#[380]">&gt;&gt;</a>&nbsp;&nbsp;&nbsp;dir_find
</UL>

<P><STRONG><a name="[384]"></a>pick_lfn</STRONG> (Thumb, 112 bytes, Stack size 20 bytes, ff.o(.text), UNUSED)
<BR><BR>[Called By]<UL><LI><a href="#[383]">&gt;&gt;</a>&nbsp;&nbsp;&nbsp;dir_read
</UL>

<P><STRONG><a name="[386]"></a>fit_lfn</STRONG> (Thumb, 122 bytes, Stack size 20 bytes, ff.o(.text))
<BR><BR>[Stack]<UL><LI>Max Depth = 20<LI>Call Chain = fit_lfn
</UL>
<BR>[Called By]<UL><LI><a href="#[385]">&gt;&gt;</a>&nbsp;&nbsp;&nbsp;dir_register
</UL>

<P><STRONG><a name="[381]"></a>sum_sfn</STRONG> (Thumb, 32 bytes, Stack size 12 bytes, ff.o(.text))
<BR><BR>[Stack]<UL><LI>Max Depth = 12<LI>Call Chain = sum_sfn
</UL>
<BR>[Called By]<UL><LI><a href="#[385]">&gt;&gt;</a>&nbsp;&nbsp;&nbsp;dir_register
<LI><a href="#[383]">&gt;&gt;</a>&nbsp;&nbsp;&nbsp;dir_read
<LI><a href="#[380]">&gt;&gt;</a>&nbsp;&nbsp;&nbsp;dir_find
</UL>

<P><STRONG><a name="[380]"></a>dir_find</STRONG> (Thumb, 222 bytes, Stack size 32 bytes, ff.o(.text))
<BR><BR>[Stack]<UL><LI>Max Depth = 480<LI>Call Chain = dir_find &rArr; dir_next &rArr; create_chain &rArr; put_fat &rArr; move_window &rArr; sync_window &rArr; disk_write &rArr; SD_WriteMultiBlocks &rArr; SD_LowLevel_DMA_TxConfig &rArr; DMA_FlowControllerConfig &rArr; assert_failed &rArr; rt_kprintf &rArr; rt_vsnprintf &rArr; print_number
</UL>
<BR>[Calls]<UL><LI><a href="#[381]">&gt;&gt;</a>&nbsp;&nbsp;&nbsp;sum_sfn
<LI><a href="#[37c]">&gt;&gt;</a>&nbsp;&nbsp;&nbsp;cmp_lfn
<LI><a href="#[37a]">&gt;&gt;</a>&nbsp;&nbsp;&nbsp;dir_next
<LI><a href="#[378]">&gt;&gt;</a>&nbsp;&nbsp;&nbsp;dir_sdi
<LI><a href="#[371]">&gt;&gt;</a>&nbsp;&nbsp;&nbsp;move_window
<LI><a href="#[382]">&gt;&gt;</a>&nbsp;&nbsp;&nbsp;mem_cmp
</UL>
<BR>[Called By]<UL><LI><a href="#[38c]">&gt;&gt;</a>&nbsp;&nbsp;&nbsp;follow_path
<LI><a href="#[385]">&gt;&gt;</a>&nbsp;&nbsp;&nbsp;dir_register
</UL>

<P><STRONG><a name="[383]"></a>dir_read</STRONG> (Thumb, 194 bytes, Stack size 40 bytes, ff.o(.text), UNUSED)
<BR><BR>[Calls]<UL><LI><a href="#[381]">&gt;&gt;</a>&nbsp;&nbsp;&nbsp;sum_sfn
<LI><a href="#[384]">&gt;&gt;</a>&nbsp;&nbsp;&nbsp;pick_lfn
<LI><a href="#[37a]">&gt;&gt;</a>&nbsp;&nbsp;&nbsp;dir_next
<LI><a href="#[371]">&gt;&gt;</a>&nbsp;&nbsp;&nbsp;move_window
</UL>
<BR>[Called By]<UL><LI><a href="#[22b]">&gt;&gt;</a>&nbsp;&nbsp;&nbsp;f_unlink
<LI><a href="#[397]">&gt;&gt;</a>&nbsp;&nbsp;&nbsp;f_readdir
<LI><a href="#[396]">&gt;&gt;</a>&nbsp;&nbsp;&nbsp;f_getcwd
</UL>

<P><STRONG><a name="[385]"></a>dir_register</STRONG> (Thumb, 328 bytes, Stack size 48 bytes, ff.o(.text))
<BR><BR>[Stack]<UL><LI>Max Depth = 528<LI>Call Chain = dir_register &rArr; dir_find &rArr; dir_next &rArr; create_chain &rArr; put_fat &rArr; move_window &rArr; sync_window &rArr; disk_write &rArr; SD_WriteMultiBlocks &rArr; SD_LowLevel_DMA_TxConfig &rArr; DMA_FlowControllerConfig &rArr; assert_failed &rArr; rt_kprintf &rArr; rt_vsnprintf &rArr; print_number
</UL>
<BR>[Calls]<UL><LI><a href="#[37e]">&gt;&gt;</a>&nbsp;&nbsp;&nbsp;gen_numname
<LI><a href="#[380]">&gt;&gt;</a>&nbsp;&nbsp;&nbsp;dir_find
<LI><a href="#[381]">&gt;&gt;</a>&nbsp;&nbsp;&nbsp;sum_sfn
<LI><a href="#[386]">&gt;&gt;</a>&nbsp;&nbsp;&nbsp;fit_lfn
<LI><a href="#[37b]">&gt;&gt;</a>&nbsp;&nbsp;&nbsp;dir_alloc
<LI><a href="#[37a]">&gt;&gt;</a>&nbsp;&nbsp;&nbsp;dir_next
<LI><a href="#[378]">&gt;&gt;</a>&nbsp;&nbsp;&nbsp;dir_sdi
<LI><a href="#[371]">&gt;&gt;</a>&nbsp;&nbsp;&nbsp;move_window
<LI><a href="#[373]">&gt;&gt;</a>&nbsp;&nbsp;&nbsp;mem_set
<LI><a href="#[37f]">&gt;&gt;</a>&nbsp;&nbsp;&nbsp;mem_cpy
</UL>
<BR>[Called By]<UL><LI><a href="#[f3]">&gt;&gt;</a>&nbsp;&nbsp;&nbsp;f_open
<LI><a href="#[be]">&gt;&gt;</a>&nbsp;&nbsp;&nbsp;f_mkdir
<LI><a href="#[39b]">&gt;&gt;</a>&nbsp;&nbsp;&nbsp;f_rename
</UL>

<P><STRONG><a name="[387]"></a>dir_remove</STRONG> (Thumb, 96 bytes, Stack size 16 bytes, ff.o(.text), UNUSED)
<BR><BR>[Calls]<UL><LI><a href="#[37a]">&gt;&gt;</a>&nbsp;&nbsp;&nbsp;dir_next
<LI><a href="#[378]">&gt;&gt;</a>&nbsp;&nbsp;&nbsp;dir_sdi
<LI><a href="#[371]">&gt;&gt;</a>&nbsp;&nbsp;&nbsp;move_window
</UL>
<BR>[Called By]<UL><LI><a href="#[22b]">&gt;&gt;</a>&nbsp;&nbsp;&nbsp;f_unlink
<LI><a href="#[39b]">&gt;&gt;</a>&nbsp;&nbsp;&nbsp;f_rename
</UL>

<P><STRONG><a name="[388]"></a>create_name</STRONG> (Thumb, 708 bytes, Stack size 56 bytes, ff.o(.text))
<BR><BR>[Stack]<UL><LI>Max Depth = 80<LI>Call Chain = create_name &rArr; ff_convert
</UL>
<BR>[Calls]<UL><LI><a href="#[37d]">&gt;&gt;</a>&nbsp;&nbsp;&nbsp;ff_wtoupper
<LI><a href="#[389]">&gt;&gt;</a>&nbsp;&nbsp;&nbsp;ff_convert
<LI><a href="#[38a]">&gt;&gt;</a>&nbsp;&nbsp;&nbsp;chk_chr
<LI><a href="#[373]">&gt;&gt;</a>&nbsp;&nbsp;&nbsp;mem_set
</UL>
<BR>[Called By]<UL><LI><a href="#[38c]">&gt;&gt;</a>&nbsp;&nbsp;&nbsp;follow_path
</UL>

<P><STRONG><a name="[38b]"></a>get_fileinfo</STRONG> (Thumb, 268 bytes, Stack size 32 bytes, ff.o(.text))
<BR><BR>[Stack]<UL><LI>Max Depth = 56<LI>Call Chain = get_fileinfo &rArr; ff_convert
</UL>
<BR>[Calls]<UL><LI><a href="#[389]">&gt;&gt;</a>&nbsp;&nbsp;&nbsp;ff_convert
</UL>
<BR>[Called By]<UL><LI><a href="#[fa]">&gt;&gt;</a>&nbsp;&nbsp;&nbsp;f_stat
<LI><a href="#[397]">&gt;&gt;</a>&nbsp;&nbsp;&nbsp;f_readdir
<LI><a href="#[396]">&gt;&gt;</a>&nbsp;&nbsp;&nbsp;f_getcwd
</UL>

<P><STRONG><a name="[390]"></a>get_ldnumber</STRONG> (Thumb, 50 bytes, Stack size 0 bytes, ff.o(.text))
<BR><BR>[Called By]<UL><LI><a href="#[ff]">&gt;&gt;</a>&nbsp;&nbsp;&nbsp;f_mount
<LI><a href="#[39c]">&gt;&gt;</a>&nbsp;&nbsp;&nbsp;f_mkfs
<LI><a href="#[38f]">&gt;&gt;</a>&nbsp;&nbsp;&nbsp;find_volume
</UL>

<P><STRONG><a name="[38c]"></a>follow_path</STRONG> (Thumb, 196 bytes, Stack size 32 bytes, ff.o(.text))
<BR><BR>[Stack]<UL><LI>Max Depth = 512<LI>Call Chain = follow_path &rArr; dir_find &rArr; dir_next &rArr; create_chain &rArr; put_fat &rArr; move_window &rArr; sync_window &rArr; disk_write &rArr; SD_WriteMultiBlocks &rArr; SD_LowLevel_DMA_TxConfig &rArr; DMA_FlowControllerConfig &rArr; assert_failed &rArr; rt_kprintf &rArr; rt_vsnprintf &rArr; print_number
</UL>
<BR>[Calls]<UL><LI><a href="#[388]">&gt;&gt;</a>&nbsp;&nbsp;&nbsp;create_name
<LI><a href="#[380]">&gt;&gt;</a>&nbsp;&nbsp;&nbsp;dir_find
<LI><a href="#[38d]">&gt;&gt;</a>&nbsp;&nbsp;&nbsp;ld_clust
<LI><a href="#[378]">&gt;&gt;</a>&nbsp;&nbsp;&nbsp;dir_sdi
</UL>
<BR>[Called By]<UL><LI><a href="#[fa]">&gt;&gt;</a>&nbsp;&nbsp;&nbsp;f_stat
<LI><a href="#[fb]">&gt;&gt;</a>&nbsp;&nbsp;&nbsp;f_opendir
<LI><a href="#[f3]">&gt;&gt;</a>&nbsp;&nbsp;&nbsp;f_open
<LI><a href="#[fd]">&gt;&gt;</a>&nbsp;&nbsp;&nbsp;f_chdir
<LI><a href="#[be]">&gt;&gt;</a>&nbsp;&nbsp;&nbsp;f_mkdir
<LI><a href="#[229]">&gt;&gt;</a>&nbsp;&nbsp;&nbsp;f_utime
<LI><a href="#[22b]">&gt;&gt;</a>&nbsp;&nbsp;&nbsp;f_unlink
<LI><a href="#[39b]">&gt;&gt;</a>&nbsp;&nbsp;&nbsp;f_rename
<LI><a href="#[39a]">&gt;&gt;</a>&nbsp;&nbsp;&nbsp;f_chmod
</UL>

<P><STRONG><a name="[38e]"></a>check_fs</STRONG> (Thumb, 140 bytes, Stack size 16 bytes, ff.o(.text))
<BR><BR>[Stack]<UL><LI>Max Depth = 376<LI>Call Chain = check_fs &rArr; move_window &rArr; sync_window &rArr; disk_write &rArr; SD_WriteMultiBlocks &rArr; SD_LowLevel_DMA_TxConfig &rArr; DMA_FlowControllerConfig &rArr; assert_failed &rArr; rt_kprintf &rArr; rt_vsnprintf &rArr; print_number
</UL>
<BR>[Calls]<UL><LI><a href="#[371]">&gt;&gt;</a>&nbsp;&nbsp;&nbsp;move_window
</UL>
<BR>[Called By]<UL><LI><a href="#[38f]">&gt;&gt;</a>&nbsp;&nbsp;&nbsp;find_volume
</UL>

<P><STRONG><a name="[38f]"></a>find_volume</STRONG> (Thumb, 890 bytes, Stack size 80 bytes, ff.o(.text))
<BR><BR>[Stack]<UL><LI>Max Depth = 456<LI>Call Chain = find_volume &rArr; check_fs &rArr; move_window &rArr; sync_window &rArr; disk_write &rArr; SD_WriteMultiBlocks &rArr; SD_LowLevel_DMA_TxConfig &rArr; DMA_FlowControllerConfig &rArr; assert_failed &rArr; rt_kprintf &rArr; rt_vsnprintf &rArr; print_number
</UL>
<BR>[Calls]<UL><LI><a href="#[38e]">&gt;&gt;</a>&nbsp;&nbsp;&nbsp;check_fs
<LI><a href="#[390]">&gt;&gt;</a>&nbsp;&nbsp;&nbsp;get_ldnumber
<LI><a href="#[371]">&gt;&gt;</a>&nbsp;&nbsp;&nbsp;move_window
<LI><a href="#[36c]">&gt;&gt;</a>&nbsp;&nbsp;&nbsp;disk_status
<LI><a href="#[36b]">&gt;&gt;</a>&nbsp;&nbsp;&nbsp;disk_initialize
</UL>
<BR>[Called By]<UL><LI><a href="#[fa]">&gt;&gt;</a>&nbsp;&nbsp;&nbsp;f_stat
<LI><a href="#[fb]">&gt;&gt;</a>&nbsp;&nbsp;&nbsp;f_opendir
<LI><a href="#[f3]">&gt;&gt;</a>&nbsp;&nbsp;&nbsp;f_open
<LI><a href="#[ff]">&gt;&gt;</a>&nbsp;&nbsp;&nbsp;f_mount
<LI><a href="#[fd]">&gt;&gt;</a>&nbsp;&nbsp;&nbsp;f_chdir
<LI><a href="#[be]">&gt;&gt;</a>&nbsp;&nbsp;&nbsp;f_mkdir
<LI><a href="#[229]">&gt;&gt;</a>&nbsp;&nbsp;&nbsp;f_utime
<LI><a href="#[22b]">&gt;&gt;</a>&nbsp;&nbsp;&nbsp;f_unlink
<LI><a href="#[39b]">&gt;&gt;</a>&nbsp;&nbsp;&nbsp;f_rename
<LI><a href="#[39a]">&gt;&gt;</a>&nbsp;&nbsp;&nbsp;f_chmod
<LI><a href="#[398]">&gt;&gt;</a>&nbsp;&nbsp;&nbsp;f_getfree
<LI><a href="#[396]">&gt;&gt;</a>&nbsp;&nbsp;&nbsp;f_getcwd
</UL>

<P><STRONG><a name="[391]"></a>validate</STRONG> (Thumb, 74 bytes, Stack size 16 bytes, ff.o(.text))
<BR><BR>[Stack]<UL><LI>Max Depth = 44<LI>Call Chain = validate &rArr; disk_status &rArr; SD_GetCardInfo
</UL>
<BR>[Calls]<UL><LI><a href="#[36c]">&gt;&gt;</a>&nbsp;&nbsp;&nbsp;disk_status
</UL>
<BR>[Called By]<UL><LI><a href="#[102]">&gt;&gt;</a>&nbsp;&nbsp;&nbsp;f_write
<LI><a href="#[fc]">&gt;&gt;</a>&nbsp;&nbsp;&nbsp;f_closedir
<LI><a href="#[395]">&gt;&gt;</a>&nbsp;&nbsp;&nbsp;f_sync
<LI><a href="#[394]">&gt;&gt;</a>&nbsp;&nbsp;&nbsp;f_read
<LI><a href="#[213]">&gt;&gt;</a>&nbsp;&nbsp;&nbsp;f_lseek
<LI><a href="#[399]">&gt;&gt;</a>&nbsp;&nbsp;&nbsp;f_truncate
<LI><a href="#[397]">&gt;&gt;</a>&nbsp;&nbsp;&nbsp;f_readdir
</UL>

<P><STRONG><a name="[39e]"></a>putc_bfd</STRONG> (Thumb, 78 bytes, Stack size 24 bytes, ff.o(.text), UNUSED)
<BR><BR>[Calls]<UL><LI><a href="#[102]">&gt;&gt;</a>&nbsp;&nbsp;&nbsp;f_write
<LI><a href="#[39e]">&gt;&gt;</a>&nbsp;&nbsp;&nbsp;putc_bfd
</UL>
<BR>[Called By]<UL><LI><a href="#[3a1]">&gt;&gt;</a>&nbsp;&nbsp;&nbsp;f_printf
<LI><a href="#[3a0]">&gt;&gt;</a>&nbsp;&nbsp;&nbsp;f_puts
<LI><a href="#[39f]">&gt;&gt;</a>&nbsp;&nbsp;&nbsp;f_putc
<LI><a href="#[39e]">&gt;&gt;</a>&nbsp;&nbsp;&nbsp;putc_bfd
</UL>

<P><STRONG><a name="[3ae]"></a>_printf_core</STRONG> (Thumb, 750 bytes, Stack size 96 bytes, printf6.o(i._printf_core), UNUSED)
<BR><BR>[Calls]<UL><LI><a href="#[3ba]">&gt;&gt;</a>&nbsp;&nbsp;&nbsp;__aeabi_uidivmod
<LI><a href="#[3b9]">&gt;&gt;</a>&nbsp;&nbsp;&nbsp;_printf_pre_padding
<LI><a href="#[3bb]">&gt;&gt;</a>&nbsp;&nbsp;&nbsp;_printf_post_padding
</UL>
<BR>[Called By]<UL><LI><a href="#[3ad]">&gt;&gt;</a>&nbsp;&nbsp;&nbsp;__0sprintf$6
</UL>

<P><STRONG><a name="[3bb]"></a>_printf_post_padding</STRONG> (Thumb, 38 bytes, Stack size 24 bytes, printf6.o(i._printf_post_padding), UNUSED)
<BR><BR>[Called By]<UL><LI><a href="#[3ae]">&gt;&gt;</a>&nbsp;&nbsp;&nbsp;_printf_core
</UL>

<P><STRONG><a name="[3b9]"></a>_printf_pre_padding</STRONG> (Thumb, 48 bytes, Stack size 24 bytes, printf6.o(i._printf_pre_padding), UNUSED)
<BR><BR>[Called By]<UL><LI><a href="#[3ae]">&gt;&gt;</a>&nbsp;&nbsp;&nbsp;_printf_core
</UL>

<P><STRONG><a name="[aa]"></a>_sputc</STRONG> (Thumb, 10 bytes, Stack size 0 bytes, printf6.o(i._sputc))
<BR><BR>[Called By]<UL><LI><a href="#[3ad]">&gt;&gt;</a>&nbsp;&nbsp;&nbsp;__0sprintf$6
</UL>
<BR>[Address Reference Count : 1]<UL><LI> printf6.o(i.__0sprintf$6)
</UL>
<P><STRONG><a name="[3b8]"></a>_fp_digits</STRONG> (Thumb, 326 bytes, Stack size 56 bytes, printfa.o(i._fp_digits), UNUSED)
<BR><BR>[Calls]<UL><LI><a href="#[117]">&gt;&gt;</a>&nbsp;&nbsp;&nbsp;__aeabi_dmul
<LI><a href="#[113]">&gt;&gt;</a>&nbsp;&nbsp;&nbsp;__aeabi_d2ulz
<LI><a href="#[e8]">&gt;&gt;</a>&nbsp;&nbsp;&nbsp;__aeabi_ddiv
<LI><a href="#[ec]">&gt;&gt;</a>&nbsp;&nbsp;&nbsp;__aeabi_dadd
<LI><a href="#[e9]">&gt;&gt;</a>&nbsp;&nbsp;&nbsp;__aeabi_cdrcmple
<LI><a href="#[1de]">&gt;&gt;</a>&nbsp;&nbsp;&nbsp;__aeabi_uldivmod
</UL>
<BR>[Called By]<UL><LI><a href="#[3b0]">&gt;&gt;</a>&nbsp;&nbsp;&nbsp;_printf_core
</UL>

<P><STRONG><a name="[3b0]"></a>_printf_core</STRONG> (Thumb, 1762 bytes, Stack size 136 bytes, printfa.o(i._printf_core), UNUSED)
<BR><BR>[Calls]<UL><LI><a href="#[3ba]">&gt;&gt;</a>&nbsp;&nbsp;&nbsp;__aeabi_uidivmod
<LI><a href="#[3bc]">&gt;&gt;</a>&nbsp;&nbsp;&nbsp;_printf_pre_padding
<LI><a href="#[3bd]">&gt;&gt;</a>&nbsp;&nbsp;&nbsp;_printf_post_padding
<LI><a href="#[3b8]">&gt;&gt;</a>&nbsp;&nbsp;&nbsp;_fp_digits
<LI><a href="#[1de]">&gt;&gt;</a>&nbsp;&nbsp;&nbsp;__aeabi_uldivmod
</UL>
<BR>[Called By]<UL><LI><a href="#[3af]">&gt;&gt;</a>&nbsp;&nbsp;&nbsp;__0vsprintf
</UL>

<P><STRONG><a name="[3bd]"></a>_printf_post_padding</STRONG> (Thumb, 38 bytes, Stack size 24 bytes, printfa.o(i._printf_post_padding), UNUSED)
<BR><BR>[Called By]<UL><LI><a href="#[3b0]">&gt;&gt;</a>&nbsp;&nbsp;&nbsp;_printf_core
</UL>

<P><STRONG><a name="[3bc]"></a>_printf_pre_padding</STRONG> (Thumb, 48 bytes, Stack size 24 bytes, printfa.o(i._printf_pre_padding), UNUSED)
<BR><BR>[Called By]<UL><LI><a href="#[3b0]">&gt;&gt;</a>&nbsp;&nbsp;&nbsp;_printf_core
</UL>

<P><STRONG><a name="[ab]"></a>_sputc</STRONG> (Thumb, 10 bytes, Stack size 0 bytes, printfa.o(i._sputc))
<BR><BR>[Called By]<UL><LI><a href="#[3af]">&gt;&gt;</a>&nbsp;&nbsp;&nbsp;__0vsprintf
</UL>
<BR>[Address Reference Count : 1]<UL><LI> printfa.o(i.__0vsprintf)
</UL><P>
<H3>
Undefined Global Symbols
</H3><HR></body></html>
