<html>
<body>
<pre>
<h1>µVision Build Log</h1>
<h2>Project:</h2>
D:\My Work\Keil\MR_mdk\branches\NewRobot\bsp\stm32f40x\project.uvproj
Project File Date:  05/13/2014

<h2>Output:</h2>
Build target 'rt-thread_stm32f4xx'
linking...
Program Size: Code=206348 RO-data=396352 RW-data=10308 ZI-data=84092  
After Build - User command #1: fromelf --bin .\build\rtthread-stm32f4xx.axf --output rtthread.bin
".\build\rtthread-stm32f4xx.axf" - 0 Error(s), 0 Warning(s).
Load "D:\\My Work\\Keil\\MR_mdk\\branches\\NewRobot\\bsp\\stm32f40x\\build\\rtthread-stm32f4xx.axf" 
Set JLink Project File to "D:\My Work\Keil\MR_mdk\branches\NewRobot\bsp\stm32f40x\JLinkSettings.ini"
* JLink Info: Device "STM32F407IG" selected (1024 KB flash, 128 KB RAM).
 
JLink info:
------------
DLL: V4.72a, compiled Jun 26 2013 11:49:14
Firmware: J-Link ARM-OB STM32 compiled Aug 22 2012 19:52:04
Hardware: V7.00
S/N : 20090928 
Feature(s) : RDI,FlashDL,FlashBP,JFlash,GDBFull 
 
* JLink Info: Found SWD-DP with ID 0x2BA01477
* JLink Info: Found SWD-DP with ID 0x2BA01477
* JLink Info: TPIU fitted.
* JLink Info: ETM fitted.
* JLink Info: FPUnit: 6 code (BP) slots and 2 literal slots
* JLink Info: Found Cortex-M4 r0p1, Little endian.
ROMTableAddr = 0xE00FF003
 
Target info:
------------
Device: STM32F407IG
VTarget = 3.300V
State of Pins: 
TCK: 0, TDI: 0, TDO: 1, TMS: 0, TRES: 1, TRST: 1
Hardware-Breakpoints: 6
Software-Breakpoints: 8192
Watchpoints:          4
JTAG speed: 4000 kHz
 
Erase Done.
Programming Done.
Verify OK.
Application running ...
</pre>
</body>
</html>
