ARM Linker, 5.03 [Build 69] [MDK-ARM Standard]

==============================================================================

Section Cross References

    application.o(.text) refers to thread.o(.text) for rt_thread_create
    application.o(.text) refers to t_keyboard.o(.text) for rt_keyboard_init
    application.o(.text) refers to t_lcd_refresh.o(.text) for rt_thread_lcd_refresh_init
    application.o(.text) refers to t_emergency.o(.text) for rt_thread_emergency_init
    application.o(.text) refers to t_handle.o(.text) for rt_thread_handle_init
    application.o(.text) refers to t_auto.o(.text) for rt_thread_auto_init
    application.o(.text) refers to t_fatfs.o(.text) for rt_thread_FATfs_init
    application.o(.text) refers to mb.o(.text) for Mb_Key_Init
    application.o(.text) refers to mq.o(.text) for Mq_Sd_Init
    application.o(.text) refers to scheduler.o(.text) for rt_scheduler_sethook
    application.o(.text) refers to ff.o(.text) for f_mkdir
    startup.o(.text) refers to kservice.o(.text) for rt_kprintf
    startup.o(.text) refers to lcd_keyboard.o(.text) for LCD_Clear
    startup.o(.text) refers to board.o(.text) for Delay_ms
    startup.o(.text) refers to clock.o(.text) for rt_system_tick_init
    startup.o(.text) refers to object.o(.text) for rt_system_object_init
    startup.o(.text) refers to timer.o(.text) for rt_system_timer_init
    startup.o(.text) refers to mem.o(.text) for rt_system_heap_init
    startup.o(.text) refers to scheduler.o(.text) for rt_system_scheduler_init
    startup.o(.text) refers to device.o(.text) for rt_device_init_all
    startup.o(.text) refers to application.o(.text) for rt_application_init
    startup.o(.text) refers to idle.o(.text) for rt_thread_idle_init
    startup.o(.text) refers to context_rvds.o(.text) for rt_hw_interrupt_disable
    mb.o(.text) refers to ipc.o(.text) for rt_mb_init
    mb.o(.text) refers to kservice.o(.text) for rt_kprintf
    mb.o(.text) refers to mb.o(.bss) for Mb_Key_pool
    mq.o(.text) refers to ipc.o(.text) for rt_mq_init
    mq.o(.text) refers to kservice.o(.text) for rt_kprintf
    mq.o(.text) refers to mq.o(.bss) for msg_pool
    t_lcd_refresh.o(.text) refers to usart.o(.text) for Com_SendByte
    t_lcd_refresh.o(.text) refers to board.o(.text) for Delay_ms
    t_lcd_refresh.o(.text) refers to dma.o(.text) for Dma_Out
    t_lcd_refresh.o(.text) refers to thread.o(.text) for rt_thread_init
    t_lcd_refresh.o(.text) refers to t_lcd_refresh.o(.bss) for LCD_Table
    t_keyboard.o(.text) refers to stm32f4xx_rcc.o(.text) for RCC_APB1PeriphClockCmd
    t_keyboard.o(.text) refers to stm32f4xx_tim.o(.text) for TIM_TimeBaseInit
    t_keyboard.o(.text) refers to fan.o(.text) for Fan_Set_Min
    t_keyboard.o(.text) refers to gyro.o(.text) for Gyro_CheckFloat
    t_keyboard.o(.text) refers to m_func.o(.text) for ShowMenuList
    t_keyboard.o(.text) refers to ipc.o(.text) for rt_mb_recv
    t_keyboard.o(.text) refers to thread.o(.text) for rt_thread_init
    t_keyboard.o(.text) refers to t_keyboard.o(.data) for pow_on_flag
    t_keyboard.o(.text) refers to mb.o(.bss) for Mb_Key
    t_keyboard.o(.text) refers to t_keyboard.o(.bss) for thread_keyboard_stack
    t_emergency.o(.text) refers to ipc.o(.text) for rt_mb_recv
    t_emergency.o(.text) refers to context_rvds.o(.text) for rt_hw_interrupt_disable
    t_emergency.o(.text) refers to mb.o(.text) for Mb_Auto_Init
    t_emergency.o(.text) refers to thread.o(.text) for rt_thread_detach
    t_emergency.o(.text) refers to t_keyboard.o(.text) for rt_keyboard_init
    t_emergency.o(.text) refers to t_handle.o(.text) for rt_thread_handle_init
    t_emergency.o(.text) refers to t_auto.o(.text) for rt_thread_auto_init
    t_emergency.o(.text) refers to m_func.o(.text) for ShowMenuList
    t_emergency.o(.text) refers to mb.o(.bss) for Mb_Emergency
    t_emergency.o(.text) refers to t_keyboard.o(.bss) for thread_keyboard
    t_emergency.o(.text) refers to t_handle.o(.bss) for thread_handle
    t_emergency.o(.text) refers to t_auto.o(.bss) for thread_auto
    t_emergency.o(.text) refers to mecanum.o(.data) for Speed_Rotation
    t_emergency.o(.text) refers to m_list.o(.data) for MainMenu
    t_emergency.o(.text) refers to t_emergency.o(.bss) for thread_emergency_stack
    t_handle.o(.text) refers to board.o(.text) for Delay_ms
    t_handle.o(.text) refers to dflti.o(.text) for __aeabi_i2d
    t_handle.o(.text) refers to ddiv.o(.text) for __aeabi_ddiv
    t_handle.o(.text) refers to cdrcmple.o(.text) for __aeabi_cdrcmple
    t_handle.o(.text) refers to cdcmple.o(.text) for __aeabi_cdcmple
    t_handle.o(.text) refers to dadd.o(.text) for __aeabi_dsub
    t_handle.o(.text) refers to mecanum.o(.text) for SetSpeed
    t_handle.o(.text) refers to thread.o(.text) for rt_thread_init
    t_handle.o(.text) refers to dma.o(.data) for handle_count_y
    t_handle.o(.text) refers to t_handle.o(.data) for time_flag_y
    t_handle.o(.text) refers to dma_rx_isr.o(.bss) for HandleData_Y
[...]
    TIM_OC3FastConfig                        0x08016b59   Thumb Code    88  stm32f4xx_tim.o(.text)
    TIM_OC4FastConfig                        0x08016bb1   Thumb Code    96  stm32f4xx_tim.o(.text)
    TIM_ClearOC1Ref                          0x08016c11   Thumb Code   124  stm32f4xx_tim.o(.text)
    TIM_ClearOC2Ref                          0x08016c8d   Thumb Code   106  stm32f4xx_tim.o(.text)
    TIM_ClearOC3Ref                          0x08016cf7   Thumb Code    88  stm32f4xx_tim.o(.text)
    TIM_ClearOC4Ref                          0x08016d4f   Thumb Code    94  stm32f4xx_tim.o(.text)
    TIM_OC1PolarityConfig                    0x08016dad   Thumb Code   174  stm32f4xx_tim.o(.text)
    TIM_OC1NPolarityConfig                   0x08016e5b   Thumb Code    64  stm32f4xx_tim.o(.text)
    TIM_OC2PolarityConfig                    0x08016e9b   Thumb Code   108  stm32f4xx_tim.o(.text)
    TIM_OC2NPolarityConfig                   0x08016f07   Thumb Code    72  stm32f4xx_tim.o(.text)
    TIM_OC3PolarityConfig                    0x08016f4f   Thumb Code    96  stm32f4xx_tim.o(.text)
    TIM_OC3NPolarityConfig                   0x08016faf   Thumb Code    72  stm32f4xx_tim.o(.text)
    TIM_OC4PolarityConfig                    0x08016ff7   Thumb Code    96  stm32f4xx_tim.o(.text)
    TIM_CCxCmd                               0x08017057   Thumb Code   168  stm32f4xx_tim.o(.text)
    TIM_CCxNCmd                              0x080170ff   Thumb Code   104  stm32f4xx_tim.o(.text)
    TIM_SetIC4Prescaler                      0x08017167   Thumb Code   106  stm32f4xx_tim.o(.text)
    TIM_SetIC3Prescaler                      0x08017251   Thumb Code    98  stm32f4xx_tim.o(.text)
    TIM_SetIC2Prescaler                      0x080172fb   Thumb Code   118  stm32f4xx_tim.o(.text)
    TIM_SetIC1Prescaler                      0x080173c1   Thumb Code   134  stm32f4xx_tim.o(.text)
    TIM_ICInit                               0x08017481   Thumb Code   508  stm32f4xx_tim.o(.text)
    TIM_ICStructInit                         0x0801767d   Thumb Code    18  stm32f4xx_tim.o(.text)
    TIM_PWMIConfig                           0x0801768f   Thumb Code   184  stm32f4xx_tim.o(.text)
    TIM_GetCapture1                          0x08017747   Thumb Code    92  stm32f4xx_tim.o(.text)
    TIM_GetCapture2                          0x080177a3   Thumb Code    68  stm32f4xx_tim.o(.text)
    TIM_GetCapture3                          0x080177e7   Thumb Code    56  stm32f4xx_tim.o(.text)
    TIM_GetCapture4                          0x0801781f   Thumb Code    56  stm32f4xx_tim.o(.text)
    TIM_BDTRConfig                           0x08017857   Thumb Code   222  stm32f4xx_tim.o(.text)
    TIM_BDTRStructInit                       0x08017935   Thumb Code    18  stm32f4xx_tim.o(.text)
    TIM_CtrlPWMOutputs                       0x08017947   Thumb Code    78  stm32f4xx_tim.o(.text)
    TIM_SelectCOM                            0x08017995   Thumb Code    72  stm32f4xx_tim.o(.text)
    TIM_CCPreloadControl                     0x080179dd   Thumb Code    72  stm32f4xx_tim.o(.text)
    TIM_ITConfig                             0x08017a25   Thumb Code   218  stm32f4xx_tim.o(.text)
    TIM_GenerateEvent                        0x08017aff   Thumb Code   126  stm32f4xx_tim.o(.text)
    TIM_GetFlagStatus                        0x08017b7d   Thumb Code   188  stm32f4xx_tim.o(.text)
    TIM_ClearFlag                            0x08017c39   Thumb Code   108  stm32f4xx_tim.o(.text)
    TIM_GetITStatus                          0x08017ca5   Thumb Code   186  stm32f4xx_tim.o(.text)
    TIM_ClearITPendingBit                    0x08017d5f   Thumb Code   108  stm32f4xx_tim.o(.text)
    TIM_DMAConfig                            0x08017dcb   Thumb Code   334  stm32f4xx_tim.o(.text)
    TIM_DMACmd                               0x08017f19   Thumb Code   126  stm32f4xx_tim.o(.text)
    TIM_SelectCCDMA                          0x08017f97   Thumb Code    96  stm32f4xx_tim.o(.text)
    TIM_InternalClockConfig                  0x08017ff7   Thumb Code    76  stm32f4xx_tim.o(.text)
    TIM_SelectInputTrigger                   0x08018043   Thumb Code   148  stm32f4xx_tim.o(.text)
    TIM_ITRxExternalClockConfig              0x080180d7   Thumb Code   110  stm32f4xx_tim.o(.text)
    TIM_TIxExternalClockConfig               0x08018145   Thumb Code   184  stm32f4xx_tim.o(.text)
    TIM_ETRConfig                            0x080181fd   Thumb Code   164  stm32f4xx_tim.o(.text)
    TIM_ETRClockMode1Config                  0x080182a1   Thumb Code   228  stm32f4xx_tim.o(.text)
    TIM_ETRClockMode2Config                  0x08018385   Thumb Code   152  stm32f4xx_tim.o(.text)
    TIM_SelectOutputTrigger                  0x0801841d   Thumb Code   126  stm32f4xx_tim.o(.text)
    TIM_SelectSlaveMode                      0x0801849b   Thumb Code   112  stm32f4xx_tim.o(.text)
    TIM_SelectMasterSlaveMode                0x0801850b   Thumb Code   102  stm32f4xx_tim.o(.text)
    TIM_EncoderInterfaceConfig               0x08018571   Thumb Code   226  stm32f4xx_tim.o(.text)
    TIM_SelectHallSensor                     0x08018653   Thumb Code   108  stm32f4xx_tim.o(.text)
    TIM_RemapConfig                          0x080186bf   Thumb Code   138  stm32f4xx_tim.o(.text)
    USART_DeInit                             0x08018749   Thumb Code   202  stm32f4xx_usart.o(.text)
    USART_Init                               0x08018813   Thumb Code   456  stm32f4xx_usart.o(.text)
    USART_StructInit                         0x080189db   Thumb Code    24  stm32f4xx_usart.o(.text)
    USART_ClockInit                          0x080189f3   Thumb Code   166  stm32f4xx_usart.o(.text)
    USART_ClockStructInit                    0x08018a99   Thumb Code    12  stm32f4xx_usart.o(.text)
    USART_Cmd                                0x08018aa5   Thumb Code    96  stm32f4xx_usart.o(.text)
    USART_SetPrescaler                       0x08018b05   Thumb Code   160  stm32f4xx_usart.o(.text)
    USART_OverSampling8Cmd                   0x08018ba5   Thumb Code    98  stm32f4xx_usart.o(.text)
    USART_OneBitMethodCmd                    0x08018c07   Thumb Code   100  stm32f4xx_usart.o(.text)
    USART_SendData                           0x08018c6b   Thumb Code    84  stm32f4xx_usart.o(.text)
    USART_ReceiveData                        0x08018cbf   Thumb Code    62  stm32f4xx_usart.o(.text)
    USART_SetAddress                         0x08018cfd   Thumb Code    92  stm32f4xx_usart.o(.text)
    USART_ReceiverWakeUpCmd                  0x08018d59   Thumb Code   100  stm32f4xx_usart.o(.text)
    USART_WakeUpConfig                       0x08018dbd   Thumb Code    96  stm32f4xx_usart.o(.text)
    USART_LINBreakDetectLengthConfig         0x08018e1d   Thumb Code    94  stm32f4xx_usart.o(.text)
    USART_LINCmd                             0x08018e7b   Thumb Code   100  stm32f4xx_usart.o(.text)
    USART_SendBreak                          0x08018edf   Thumb Code    64  stm32f4xx_usart.o(.text)
    USART_HalfDuplexCmd                      0x08018f1f   Thumb Code   100  stm32f4xx_usart.o(.text)
    USART_SetGuardTime                       0x08018f83   Thumb Code    86  stm32f4xx_usart.o(.text)
    USART_SmartCardCmd                       0x08018fd9   Thumb Code    88  stm32f4xx_usart.o(.text)
    USART_SmartCardNACKCmd                   0x08019031   Thumb Code    88  stm32f4xx_usart.o(.text)
    USART_IrDAConfig                         0x08019089   Thumb Code    94  stm32f4xx_usart.o(.text)
    USART_IrDACmd                            0x080190e7   Thumb Code   100  stm32f4xx_usart.o(.text)
    USART_DMACmd                             0x0801914b   Thumb Code   120  stm32f4xx_usart.o(.text)
    USART_ITConfig                           0x080191c3   Thumb Code   266  stm32f4xx_usart.o(.text)
    USART_GetFlagStatus                      0x080192cd   Thumb Code   176  stm32f4xx_usart.o(.text)
    USART_ClearFlag                          0x0801937d   Thumb Code   158  stm32f4xx_usart.o(.text)
    USART_GetITStatus                        0x0801941b   Thumb Code   282  stm32f4xx_usart.o(.text)
    USART_ClearITPendingBit                  0x08019535   Thumb Code   168  stm32f4xx_usart.o(.text)
    rt_system_tick_init                      0x080195f5   Thumb Code     2  clock.o(.text)
    rt_tick_get                              0x080195f7   Thumb Code     6  clock.o(.text)
    rt_tick_set                              0x080195fd   Thumb Code    22  clock.o(.text)
    rt_tick_increase                         0x08019613   Thumb Code    42  clock.o(.text)
    rt_tick_from_millisecond                 0x0801963d   Thumb Code    22  clock.o(.text)
    rt_device_find                           0x08019659   Thumb Code    76  device.o(.text)
    rt_device_register                       0x080196a5   Thumb Code    52  device.o(.text)
    rt_device_unregister                     0x080196d9   Thumb Code    14  device.o(.text)
    rt_device_init_all                       0x080196e7   Thumb Code    76  device.o(.text)
    rt_device_init                           0x08019733   Thumb Code    54  device.o(.text)
    rt_device_open                           0x08019769   Thumb Code   120  device.o(.text)
    rt_device_close                          0x080197e1   Thumb Code    60  device.o(.text)
    rt_device_read                           0x0801981d   Thumb Code    64  device.o(.text)
    rt_device_write                          0x0801985d   Thumb Code    64  device.o(.text)
    rt_device_control                        0x0801989d   Thumb Code    28  device.o(.text)
    rt_device_set_rx_indicate                0x080198b9   Thumb Code     8  device.o(.text)
    rt_device_set_tx_complete                0x080198c1   Thumb Code     8  device.o(.text)
    rt_thread_idle_sethook                   0x08019905   Thumb Code     6  idle.o(.text)
    rt_thread_userhook                       0x0801990b   Thumb Code    12  idle.o(.text)
    rt_count_read                            0x08019917   Thumb Code     6  idle.o(.text)
    rt_count_reset                           0x0801991d   Thumb Code     8  idle.o(.text)
    rt_thread_idle_excute                    0x08019925   Thumb Code   122  idle.o(.text)
    rt_thread_idle_init                      0x080199bb   Thumb Code    38  idle.o(.text)
    rt_sem_init                              0x08019abd   Thumb Code    40  ipc.o(.text)
    rt_sem_detach                            0x08019ae5   Thumb Code    22  ipc.o(.text)
    rt_sem_create                            0x08019afb   Thumb Code    44  ipc.o(.text)
    rt_sem_delete                            0x08019b27   Thumb Code    22  ipc.o(.text)
    rt_sem_take                              0x08019b3d   Thumb Code   154  ipc.o(.text)
    rt_sem_trytake                           0x08019bd7   Thumb Code    14  ipc.o(.text)
    rt_sem_release                           0x08019be5   Thumb Code    76  ipc.o(.text)
    rt_sem_control                           0x08019c31   Thumb Code    54  ipc.o(.text)
    rt_mutex_init                            0x08019c67   Thumb Code    50  ipc.o(.text)
    rt_mutex_detach                          0x08019c99   Thumb Code    22  ipc.o(.text)
    rt_mutex_create                          0x08019caf   Thumb Code    56  ipc.o(.text)
    rt_mutex_delete                          0x08019ce7   Thumb Code    22  ipc.o(.text)
    rt_mutex_take                            0x08019cfd   Thumb Code   230  ipc.o(.text)
    rt_mutex_release                         0x08019de3   Thumb Code   186  ipc.o(.text)
    rt_mutex_control                         0x08019e9d   Thumb Code     8  ipc.o(.text)
    rt_event_init                            0x08019ea5   Thumb Code    34  ipc.o(.text)
    rt_event_detach                          0x08019ec7   Thumb Code    22  ipc.o(.text)
    rt_event_create                          0x08019edd   Thumb Code    40  ipc.o(.text)
    rt_event_delete                          0x08019f05   Thumb Code    22  ipc.o(.text)
    rt_event_send                            0x08019f1b   Thumb Code   208  ipc.o(.text)
    rt_event_recv                            0x08019feb   Thumb Code   244  ipc.o(.text)
    rt_event_control                         0x0801a0df   Thumb Code    54  ipc.o(.text)
    rt_mb_init                               0x0801a115   Thumb Code    62  ipc.o(.text)
    rt_mb_detach                             0x0801a153   Thumb Code    30  ipc.o(.text)
    rt_mb_create                             0x0801a171   Thumb Code    84  ipc.o(.text)
    rt_mb_delete                             0x0801a1c5   Thumb Code    36  ipc.o(.text)
    rt_mb_send_wait                          0x0801a1e9   Thumb Code   268  ipc.o(.text)
    rt_mb_send                               0x0801a2f5   Thumb Code    18  ipc.o(.text)
    rt_mb_recv                               0x0801a307   Thumb Code   316  ipc.o(.text)
    rt_mb_control                            0x0801a443   Thumb Code    66  ipc.o(.text)
    rt_mq_init                               0x0801a485   Thumb Code   104  ipc.o(.text)
    rt_mq_detach                             0x0801a4ed   Thumb Code    22  ipc.o(.text)
    rt_mq_delete                             0x0801a503   Thumb Code    28  ipc.o(.text)
    rt_mq_create                             0x0801a51f   Thumb Code   128  ipc.o(.text)
    rt_mq_send                               0x0801a59f   Thumb Code   158  ipc.o(.text)
    rt_mq_urgent                             0x0801a63d   Thumb Code   150  ipc.o(.text)
    rt_mq_recv                               0x0801a6d3   Thumb Code   302  ipc.o(.text)
    rt_mq_control                            0x0801a801   Thumb Code    82  ipc.o(.text)
    rt_interrupt_enter                       0x0801a88d   Thumb Code    26  irq.o(.text)
    rt_interrupt_leave                       0x0801a8a7   Thumb Code    26  irq.o(.text)
    rt_interrupt_get_nest                    0x0801a8c1   Thumb Code     6  irq.o(.text)
    rt_get_errno                             0x0801a8cd   Thumb Code    32  kservice.o(.text)
    rt_set_errno                             0x0801a8ed   Thumb Code    36  kservice.o(.text)
    _rt_errno                                0x0801a911   Thumb Code    30  kservice.o(.text)
    rt_memset                                0x0801a92f   Thumb Code    72  kservice.o(.text)
    rt_memcpy                                0x0801a977   Thumb Code   120  kservice.o(.text)
    rt_memmove                               0x0801a9ef   Thumb Code    66  kservice.o(.text)
    rt_memcmp                                0x0801aa31   Thumb Code    38  kservice.o(.text)
    rt_strlen                                0x0801aa57   Thumb Code    18  kservice.o(.text)
    rt_strstr                                0x0801aa69   Thumb Code    58  kservice.o(.text)
    rt_strcasecmp                            0x0801aaa3   Thumb Code    48  kservice.o(.text)
    rt_strncpy                               0x0801aad3   Thumb Code    52  kservice.o(.text)
    rt_strncmp                               0x0801ab07   Thumb Code    40  kservice.o(.text)
    rt_strcmp                                0x0801ab2f   Thumb Code    28  kservice.o(.text)
    rt_strdup                                0x0801ab4b   Thumb Code    40  kservice.o(.text)
    rt_hw_console_output                     0x0801ab73   Thumb Code     2  kservice.o(.text)
    rt_vsnprintf                             0x0801ad0d   Thumb Code   800  kservice.o(.text)
    rt_kprintf                               0x0801b02d   Thumb Code    96  kservice.o(.text)
    rt_show_version                          0x0801b08d   Thumb Code    38  kservice.o(.text)
    rt_snprintf                              0x0801b0b3   Thumb Code    38  kservice.o(.text)
    rt_vsprintf                              0x0801b0d9   Thumb Code    22  kservice.o(.text)
    rt_sprintf                               0x0801b0ef   Thumb Code    34  kservice.o(.text)
    rt_console_get_device                    0x0801b111   Thumb Code     6  kservice.o(.text)
    rt_console_set_device                    0x0801b117   Thumb Code    48  kservice.o(.text)
    rt_malloc_align                          0x0801b147   Thumb Code    66  kservice.o(.text)
    rt_free_align                            0x0801b189   Thumb Code    16  kservice.o(.text)
    __rt_ffs                                 0x0801b199   Thumb Code    72  kservice.o(.text)
    rt_malloc_sethook                        0x0801b27d   Thumb Code     6  mem.o(.text)
    rt_free_sethook                          0x0801b283   Thumb Code     6  mem.o(.text)
    rt_system_heap_init                      0x0801b2f5   Thumb Code   160  mem.o(.text)
    rt_malloc                                0x0801b395   Thumb Code   352  mem.o(.text)
    rt_free                                  0x0801b4f5   Thumb Code   112  mem.o(.text)
    rt_realloc                               0x0801b565   Thumb Code   368  mem.o(.text)
    rt_calloc                                0x0801b6d5   Thumb Code    34  mem.o(.text)
    rt_memory_info                           0x0801b6f7   Thumb Code    26  mem.o(.text)
    rt_mp_alloc_sethook                      0x0801b71d   Thumb Code     6  mempool.o(.text)
    rt_mp_free_sethook                       0x0801b723   Thumb Code     6  mempool.o(.text)
    rt_mp_init                               0x0801b729   Thumb Code   116  mempool.o(.text)
    rt_mp_detach                             0x0801b79d   Thumb Code    64  mempool.o(.text)
    rt_mp_create                             0x0801b7dd   Thumb Code   134  mempool.o(.text)
    rt_mp_delete                             0x0801b863   Thumb Code    70  mempool.o(.text)
    rt_mp_alloc                              0x0801b8a9   Thumb Code   182  mempool.o(.text)
    rt_mp_free                               0x0801b95f   Thumb Code    98  mempool.o(.text)
    rt_object_attach_sethook                 0x0801ba01   Thumb Code     6  object.o(.text)
    rt_object_detach_sethook                 0x0801ba07   Thumb Code     6  object.o(.text)
    rt_object_trytake_sethook                0x0801ba0d   Thumb Code     6  object.o(.text)
    rt_object_take_sethook                   0x0801ba13   Thumb Code     6  object.o(.text)
    rt_object_put_sethook                    0x0801ba19   Thumb Code     6  object.o(.text)
    rt_system_object_init                    0x0801ba1f   Thumb Code     2  object.o(.text)
    rt_object_get_information                0x0801ba21   Thumb Code    10  object.o(.text)
    rt_object_init                           0x0801ba2b   Thumb Code    78  object.o(.text)
    rt_object_detach                         0x0801ba79   Thumb Code    44  object.o(.text)
    rt_object_allocate                       0x0801baa5   Thumb Code    94  object.o(.text)
    rt_object_delete                         0x0801bb03   Thumb Code    50  object.o(.text)
    rt_object_is_systemobject                0x0801bb35   Thumb Code    20  object.o(.text)
    rt_object_find                           0x0801bb49   Thumb Code    78  object.o(.text)
    rt_scheduler_sethook                     0x0801bbb5   Thumb Code     6  scheduler.o(.text)
    rt_system_scheduler_init                 0x0801bbff   Thumb Code    52  scheduler.o(.text)
    rt_system_scheduler_start                0x0801bc33   Thumb Code    36  scheduler.o(.text)
    rt_schedule                              0x0801bc57   Thumb Code   124  scheduler.o(.text)
    rt_schedule_insert_thread                0x0801bcd3   Thumb Code    64  scheduler.o(.text)
    rt_schedule_remove_thread                0x0801bd13   Thumb Code    76  scheduler.o(.text)
    rt_enter_critical                        0x0801bd5f   Thumb Code    28  scheduler.o(.text)
    rt_exit_critical                         0x0801bd7b   Thumb Code    54  scheduler.o(.text)
    rt_critical_level                        0x0801bdb1   Thumb Code     8  scheduler.o(.text)
    rt_thread_timeout                        0x0801bea3   Thumb Code    32  thread.o(.text)
    rt_thread_init                           0x0801bf47   Thumb Code    52  thread.o(.text)
    rt_thread_self                           0x0801bf7b   Thumb Code     6  thread.o(.text)
    rt_thread_resume                         0x0801bf81   Thumb Code    56  thread.o(.text)
    rt_thread_startup                        0x0801bfb9   Thumb Code    52  thread.o(.text)
    rt_thread_detach                         0x0801bfed   Thumb Code    62  thread.o(.text)
    rt_thread_create                         0x0801c02b   Thumb Code    80  thread.o(.text)
    rt_thread_delete                         0x0801c07b   Thumb Code    50  thread.o(.text)
    rt_thread_yield                          0x0801c0ad   Thumb Code    88  thread.o(.text)
    rt_thread_suspend                        0x0801c105   Thumb Code    46  thread.o(.text)
    rt_thread_sleep                          0x0801c133   Thumb Code    60  thread.o(.text)
    rt_thread_delay                          0x0801c16f   Thumb Code    12  thread.o(.text)
    rt_thread_control                        0x0801c17b   Thumb Code   114  thread.o(.text)
    rt_thread_find                           0x0801c1ed   Thumb Code    96  thread.o(.text)
    rt_timer_timeout_sethook                 0x0801c25b   Thumb Code     6  timer.o(.text)
    rt_timer_dump                            0x0801c315   Thumb Code    46  timer.o(.text)
    rt_timer_init                            0x0801c343   Thumb Code    46  timer.o(.text)
    rt_timer_detach                          0x0801c371   Thumb Code    32  timer.o(.text)
    rt_timer_create                          0x0801c391   Thumb Code    54  timer.o(.text)
    rt_timer_delete                          0x0801c3c7   Thumb Code    32  timer.o(.text)
    rt_timer_start                           0x0801c3e7   Thumb Code   250  timer.o(.text)
    rt_timer_stop                            0x0801c4e1   Thumb Code    72  timer.o(.text)
    rt_timer_control                         0x0801c529   Thumb Code    64  timer.o(.text)
    rt_timer_check                           0x0801c569   Thumb Code   148  timer.o(.text)
    rt_timer_next_timeout_tick               0x0801c5fd   Thumb Code    10  timer.o(.text)
    rt_system_timer_init                     0x0801c607   Thumb Code    24  timer.o(.text)
    rt_system_timer_thread_init              0x0801c61f   Thumb Code     2  timer.o(.text)
    rt_hw_stack_init                         0x0801c655   Thumb Code    74  cpuport.o(.text)
    rt_hw_exception_install                  0x0801c69f   Thumb Code     6  cpuport.o(.text)
    rt_hw_hard_fault_exception               0x0801c6a5   Thumb Code   108  cpuport.o(.text)
    rt_hw_cpu_shutdown                       0x0801c711   Thumb Code    10  cpuport.o(.text)
    rt_hw_interrupt_disable                  0x0801c7d1   Thumb Code     8  context_rvds.o(.text)
    rt_hw_interrupt_enable                   0x0801c7d9   Thumb Code     6  context_rvds.o(.text)
    rt_hw_context_switch                     0x0801c7df   Thumb Code    32  context_rvds.o(.text)
    rt_hw_context_switch_interrupt           0x0801c7df   Thumb Code     0  context_rvds.o(.text)
    PendSV_Handler                           0x0801c7ff   Thumb Code   108  context_rvds.o(.text)
    rt_hw_context_switch_to                  0x0801c86b   Thumb Code    70  context_rvds.o(.text)
    rt_hw_interrupt_thread_switch            0x0801c8b1   Thumb Code     4  context_rvds.o(.text)
    HardFault_Handler                        0x0801c8b5   Thumb Code    20  context_rvds.o(.text)
    disk_initialize                          0x0801c8e1   Thumb Code    32  diskio.o(.text)
    disk_status                              0x0801c901   Thumb Code    34  diskio.o(.text)
    disk_read                                0x0801c923   Thumb Code    96  diskio.o(.text)
    disk_write                               0x0801c983   Thumb Code   124  diskio.o(.text)
    disk_ioctl                               0x0801c9ff   Thumb Code   106  diskio.o(.text)
    get_fattime                              0x0801ca69   Thumb Code     4  diskio.o(.text)
    clust2sect                               0x0801cc23   Thumb Code    26  ff.o(.text)
    get_fat                                  0x0801cc3d   Thumb Code   228  ff.o(.text)
    put_fat                                  0x0801cd21   Thumb Code   316  ff.o(.text)
    gen_numname                              0x0801d341   Thumb Code   190  ff.o(.text)
    f_mount                                  0x0801e07d   Thumb Code    78  ff.o(.text)
    f_open                                   0x0801e0cb   Thumb Code   354  ff.o(.text)
    f_read                                   0x0801e22d   Thumb Code   414  ff.o(.text)
    f_write                                  0x0801e3cb   Thumb Code   492  ff.o(.text)
    f_sync                                   0x0801e5b7   Thumb Code   174  ff.o(.text)
    f_close                                  0x0801e665   Thumb Code    22  ff.o(.text)
    f_chdir                                  0x0801e67b   Thumb Code    88  ff.o(.text)
    f_getcwd                                 0x0801e6d3   Thumb Code   294  ff.o(.text)
    f_lseek                                  0x0801e7f9   Thumb Code   382  ff.o(.text)
    f_opendir                                0x0801e977   Thumb Code   114  ff.o(.text)
    f_closedir                               0x0801e9e9   Thumb Code    22  ff.o(.text)
    f_readdir                                0x0801e9ff   Thumb Code    92  ff.o(.text)
    f_stat                                   0x0801ea5b   Thumb Code    70  ff.o(.text)
    f_getfree                                0x0801eaa1   Thumb Code   258  ff.o(.text)
    f_truncate                               0x0801eba3   Thumb Code   184  ff.o(.text)
    f_unlink                                 0x0801ec5b   Thumb Code   194  ff.o(.text)
    f_mkdir                                  0x0801ed1d   Thumb Code   368  ff.o(.text)
    f_chmod                                  0x0801ee8d   Thumb Code   100  ff.o(.text)
    f_utime                                  0x0801eef1   Thumb Code   102  ff.o(.text)
    f_rename                                 0x0801ef57   Thumb Code   298  ff.o(.text)
    f_mkfs                                   0x0801f081   Thumb Code  1594  ff.o(.text)
    f_gets                                   0x0801f6bb   Thumb Code    86  ff.o(.text)
    f_putc                                   0x0801f75f   Thumb Code    64  ff.o(.text)
    f_puts                                   0x0801f79f   Thumb Code    74  ff.o(.text)
    f_printf                                 0x0801f7e9   Thumb Code   634  ff.o(.text)
    ff_convert                               0x0801fa65   Thumb Code   116  cc936.o(.text)
    ff_wtoupper                              0x0801fad9   Thumb Code    46  cc936.o(.text)
    __aeabi_uldivmod                         0x0801fb19   Thumb Code    98  uldiv.o(.text)
    __aeabi_memcpy                           0x0801fb7b   Thumb Code    36  memcpya.o(.text)
    __aeabi_memcpy4                          0x0801fb7b   Thumb Code     0  memcpya.o(.text)
    __aeabi_memcpy8                          0x0801fb7b   Thumb Code     0  memcpya.o(.text)
    __aeabi_memset                           0x0801fb9f   Thumb Code    14  memseta.o(.text)
    __aeabi_memset4                          0x0801fb9f   Thumb Code     0  memseta.o(.text)
    __aeabi_memset8                          0x0801fb9f   Thumb Code     0  memseta.o(.text)
    __aeabi_memclr                           0x0801fbad   Thumb Code     4  memseta.o(.text)
    __aeabi_memclr4                          0x0801fbad   Thumb Code     0  memseta.o(.text)
    __aeabi_memclr8                          0x0801fbad   Thumb Code     0  memseta.o(.text)
    _memset$wrapper                          0x0801fbb1   Thumb Code    18  memseta.o(.text)
    strlen                                   0x0801fbc3   Thumb Code    14  strlen.o(.text)
    strcmp                                   0x0801fbd1   Thumb Code    28  strcmp.o(.text)
    strcpy                                   0x0801fbed   Thumb Code    18  strcpy.o(.text)
    strncmp                                  0x0801fbff   Thumb Code    30  strncmp.o(.text)
    __aeabi_dadd                             0x0801fc1d   Thumb Code   322  dadd.o(.text)
    __aeabi_dsub                             0x0801fd5f   Thumb Code     6  dadd.o(.text)
    __aeabi_drsub                            0x0801fd65   Thumb Code     6  dadd.o(.text)
    __aeabi_dmul                             0x0801fd6b   Thumb Code   228  dmul.o(.text)
    __aeabi_ddiv                             0x0801fe4f   Thumb Code   222  ddiv.o(.text)
    __aeabi_i2d                              0x0801ff2d   Thumb Code    34  dflti.o(.text)
    __aeabi_ui2d                             0x0801ff4f   Thumb Code    26  dfltui.o(.text)
    __aeabi_l2d                              0x0801ff69   Thumb Code    40  dfltl.o(.text)
    __aeabi_ul2d                             0x0801ff91   Thumb Code    24  dfltul.o(.text)
    __aeabi_d2iz                             0x0801ffa9   Thumb Code    62  dfixi.o(.text)
    __aeabi_d2uiz                            0x0801ffe7   Thumb Code    50  dfixui.o(.text)
    __aeabi_d2lz                             0x08020019   Thumb Code    74  dfixl.o(.text)
    __aeabi_d2ulz                            0x08020063   Thumb Code    48  dfixul.o(.text)
    __aeabi_f2d                              0x08020093   Thumb Code    38  f2d.o(.text)
    __aeabi_cdcmpeq                          0x080200b9   Thumb Code     0  cdcmple.o(.text)
    __aeabi_cdcmple                          0x080200b9   Thumb Code    38  cdcmple.o(.text)
    __aeabi_cdrcmple                         0x080200e1   Thumb Code    38  cdrcmple.o(.text)
    __aeabi_d2f                              0x08020109   Thumb Code    56  d2f.o(.text)
    __aeabi_uidiv                            0x08020141   Thumb Code     0  uidiv.o(.text)
    __aeabi_uidivmod                         0x08020141   Thumb Code    44  uidiv.o(.text)
    __aeabi_llsl                             0x0802016d   Thumb Code    30  llshl.o(.text)
    _ll_shift_l                              0x0802016d   Thumb Code     0  llshl.o(.text)
    __aeabi_llsr                             0x0802018b   Thumb Code    32  llushr.o(.text)
    _ll_ushift_r                             0x0802018b   Thumb Code     0  llushr.o(.text)
    __aeabi_lasr                             0x080201ab   Thumb Code    36  llsshr.o(.text)
    _ll_sshift_r                             0x080201ab   Thumb Code     0  llsshr.o(.text)
    __I$use$fp                               0x080201cf   Thumb Code     0  iusefp.o(.text)
    _float_round                             0x080201cf   Thumb Code    18  fepilogue.o(.text)
    _float_epilogue                          0x080201e1   Thumb Code    90  fepilogue.o(.text)
    _double_round                            0x0802023b   Thumb Code    26  depilogue.o(.text)
    _double_epilogue                         0x08020255   Thumb Code   164  depilogue.o(.text)
    _dsqrt                                   0x080202f9   Thumb Code   162  dsqrt.o(.text)
    __scatterload                            0x0802039d   Thumb Code    28  init.o(.text)
    __scatterload_rt2                        0x0802039d   Thumb Code     0  init.o(.text)
    __decompress                             0x080203c1   Thumb Code     0  __dczerorl2.o(.text)
    __decompress1                            0x080203c1   Thumb Code    92  __dczerorl2.o(.text)
    __0sprintf$6                             0x0802041d   Thumb Code    34  printf6.o(i.__0sprintf$6)
    __1sprintf$6                             0x0802041d   Thumb Code     0  printf6.o(i.__0sprintf$6)
    __2sprintf                               0x0802041d   Thumb Code     0  printf6.o(i.__0sprintf$6)
    __0vsprintf                              0x08020445   Thumb Code    30  printfa.o(i.__0vsprintf)
    __1vsprintf                              0x08020445   Thumb Code     0  printfa.o(i.__0vsprintf)
    __2vsprintf                              0x08020445   Thumb Code     0  printfa.o(i.__0vsprintf)
    __c89vsprintf                            0x08020445   Thumb Code     0  printfa.o(i.__0vsprintf)
    vsprintf                                 0x08020445   Thumb Code     0  printfa.o(i.__0vsprintf)
    __ARM_fpclassify                         0x08020469   Thumb Code    48  fpclassify.o(i.__ARM_fpclassify)
    __hardfp_atan                            0x08020499   Thumb Code   636  atan.o(i.__hardfp_atan)
    __hardfp_cos                             0x08020781   Thumb Code   200  cos.o(i.__hardfp_cos)
    __hardfp_sin                             0x08020859   Thumb Code   200  sin.o(i.__hardfp_sin)
    __hardfp_sqrt                            0x08020931   Thumb Code   122  sqrt.o(i.__hardfp_sqrt)
    __ieee754_rem_pio2                       0x080209b1   Thumb Code   972  rred.o(i.__ieee754_rem_pio2)
    __kernel_cos                             0x08020e09   Thumb Code   322  cos_i.o(i.__kernel_cos)
    __kernel_poly                            0x08020f79   Thumb Code   248  poly.o(i.__kernel_poly)
    __kernel_sin                             0x08021071   Thumb Code   280  sin_i.o(i.__kernel_sin)
    __mathlib_dbl_underflow                  0x080211a1   Thumb Code    24  dunder.o(i.__mathlib_dbl_underflow)
    __scatterload_copy                       0x080211c1   Thumb Code    14  handlers.o(i.__scatterload_copy)
    __scatterload_null                       0x080211cf   Thumb Code     2  handlers.o(i.__scatterload_null)
    __scatterload_zeroinit                   0x080211d1   Thumb Code    14  handlers.o(i.__scatterload_zeroinit)
    __set_errno                              0x080211e1   Thumb Code     6  errno.o(i.__set_errno)
    fabs                                     0x08021ded   Thumb Code    32  fabs.o(i.fabs)
    PointRoute                               0x08021fa0   Data       155720  pointroute.o(.constdata)
    __lowest_bit_bitmap                      0x080480a3   Data         256  kservice.o(.constdata)
    Region$$Table$$Base                      0x0807332c   Number         0  anon$$obj.o(Region$$Table)
    Region$$Table$$Limit                     0x0807334c   Number         0  anon$$obj.o(Region$$Table)
    LCD_Index                                0x20000000   Data           1  t_lcd_refresh.o(.data)
    OP_List                                  0x20000008   Data          96  t_handle.o(.data)
    handleoff_flag_y                         0x20000068   Data           1  t_handle.o(.data)
    handleoff_flag                           0x20000069   Data           1  t_handle.o(.data)
    time_flag_y                              0x2000006c   Data           4  t_handle.o(.data)
    time_flag                                0x20000070   Data           4  t_handle.o(.data)
    handle_timeout_flag_y                    0x20000074   Data           1  t_handle.o(.data)
    handle_timeout_flag                      0x20000075   Data           1  t_handle.o(.data)
    Handle_Off_Count_y                       0x20000078   Data           4  t_handle.o(.data)
    Handle_Off_Count                         0x2000007c   Data           4  t_handle.o(.data)
    handle_speed_y                           0x20000080   Data           8  t_handle.o(.data)
    handle_speed_x                           0x20000088   Data           8  t_handle.o(.data)
    handle_speed_turn                        0x20000090   Data           8  t_handle.o(.data)
    fan_flag                                 0x20000098   Data           1  t_handle.o(.data)
    CurrentMenu                              0x200000a4   Data           4  m_list.o(.data)
    MainMenu                                 0x200000a8   Data         160  m_list.o(.data)
    M_System                                 0x20000148   Data         160  m_list.o(.data)
    M_Test                                   0x200001e8   Data         160  m_list.o(.data)
    M_Route                                  0x20000288   Data         160  m_list.o(.data)
    M_PID                                    0x20000328   Data         160  m_list.o(.data)
    M_SD                                     0x200003c8   Data         160  m_list.o(.data)
    aim_angle                                0x20000468   Data           8  m_sys.o(.data)
    keep_angle_pid                           0x20000470   Data          48  m_sys.o(.data)
    i                                        0x200004d8   Data           8  m_sys.o(.data)
    speed_max                                0x200004e0   Data           8  m_sys.o(.data)
    x_f                                      0x200004e8   Data           4  m_sys.o(.data)
    y_f                                      0x200004ec   Data           4  m_sys.o(.data)
    a_f                                      0x200004f0   Data           4  m_sys.o(.data)
    error_angle                              0x200004f8   Data           8  m_sys.o(.data)
    Vout_A                                   0x20000500   Data           8  m_sys.o(.data)
    zhuan                                    0x20000508   Data           8  m_sys.o(.data)
    x                                        0x20000510   Data           4  m_sys.o(.data)
    y                                        0x20000514   Data           4  m_sys.o(.data)
    StartAngle                               0x20000518   Data           8  m_sys.o(.data)
    Mec_FL                                   0x200007c0   Data           8  mecanum.o(.data)
    Mec_FR                                   0x200007c8   Data           8  mecanum.o(.data)
    Mec_BL                                   0x200007d0   Data           8  mecanum.o(.data)
    Mec_BR                                   0x200007d8   Data           8  mecanum.o(.data)
    motor_speed                              0x200007f8   Data           8  mecanum.o(.data)
    Speed_Limit                              0x20000800   Data           8  mecanum.o(.data)
    Speed_X                                  0x20000828   Data           8  mecanum.o(.data)
    Speed_Y                                  0x20000830   Data           8  mecanum.o(.data)
    Speed_Rotation                           0x20000838   Data           8  mecanum.o(.data)
    coeff_x                                  0x20000840   Data           8  mecanum.o(.data)
    coeff_y                                  0x20000848   Data           8  mecanum.o(.data)
    coeff_r                                  0x20000850   Data           8  mecanum.o(.data)
    RELAY_VALUE                              0x20000858   Data           4  relay.o(.data)
    Hall_Count                               0x2000085c   Data           1  relay.o(.data)
    IO_State                                 0x2000085e   Data           8  motor.o(.data)
    Factor                                   0x20000868   Data           4  fanctrl.o(.data)
    start_pos                                0x2000086c   Data           4  fanctrl.o(.data)
    Acc_Rate                                 0x20000870   Data           8  goline.o(.data)
    Dec_Rate                                 0x20000878   Data           8  goline.o(.data)
    Aim_Radian                               0x20000880   Data           8  goline.o(.data)
    Speed_Sta                                0x20000888   Data           8  goline.o(.data)
    Speed_Max                                0x20000890   Data           8  goline.o(.data)
    Line_Angle                               0x20000898   Data           8  goline.o(.data)
    S                                        0x200008a0   Data           8  goline.o(.data)
    Acc_Dis                                  0x200008a8   Data           8  goline.o(.data)
    Dec_Dis                                  0x200008b0   Data           8  goline.o(.data)
    Acc                                      0x200008b8   Data           8  goline.o(.data)
    Dec                                      0x200008c0   Data           8  goline.o(.data)
    R                                        0x200008c8   Data           8  gocircle.o(.data)
    Speed                                    0x200008d0   Data           8  gocircle.o(.data)
    Aim_Keep_Radian                          0x200008d8   Data           8  keep.o(.data)
    Speed_Keep_Max                           0x200008e0   Data           8  keep.o(.data)
    Point_NowNum                             0x200008e8   Data           4  pointpath.o(.data)
    Point_StartNum                           0x200008ec   Data           4  pointpath.o(.data)
    Point_EndNum                             0x200008f0   Data           4  pointpath.o(.data)
    RunTime                                  0x200008f4   Data           4  pointpath.o(.data)
    Route_Num                                0x200008f8   Data           1  goroute.o(.data)
    Route                                    0x200008fc   Data          40  goroute.o(.data)
    RouteFinish                              0x20000924   Data           1  goroute.o(.data)
    PID_flag                                 0x20000928   Data           1  pid.o(.data)
    Pid_List                                 0x20000930   Data        1344  pid.o(.data)
    Cam_X_EP1                                0x20000ea0   Data           8  pid.o(.data)
    Cam_X_EP2                                0x20000ea8   Data           8  pid.o(.data)
    Cam_Y_EP1                                0x20000eb0   Data           8  pid.o(.data)
    Cam_Y_EP2                                0x20000eb8   Data           8  pid.o(.data)
    Cam_Z_EP1                                0x20000ec0   Data           8  pid.o(.data)
    Cam_Z_EP2                                0x20000ec8   Data           8  pid.o(.data)
    Cam_A_EP1                                0x20000ed0   Data           8  pid.o(.data)
    Cam_A_EP2                                0x20000ed8   Data           8  pid.o(.data)
    WT_D1_EP1                                0x20000ee0   Data           8  pid.o(.data)
    WT_D1_EP2                                0x20000ee8   Data           8  pid.o(.data)
    WT_D2_EP1                                0x20000ef0   Data           8  pid.o(.data)
    WT_D2_EP2                                0x20000ef8   Data           8  pid.o(.data)
    Cam_X_AmendV                             0x20000f00   Data           8  pid.o(.data)
    Cam_Y_AmendV                             0x20000f08   Data           8  pid.o(.data)
    Cam_Z_AmendV                             0x20000f10   Data           8  pid.o(.data)
    Cam_A_AmendV                             0x20000f18   Data           8  pid.o(.data)
    WT_D1_AmendV                             0x20000f20   Data           8  pid.o(.data)
    WT_D2_AmendV                             0x20000f28   Data           8  pid.o(.data)
    Motor2_Time_Flag                         0x20000f30   Data           1  board.o(.data)
    uarts                                    0x20000f38   Data          60  usart.o(.data)
    uart1                                    0x20000f74   Data          12  usart.o(.data)
    uart2                                    0x20000f80   Data          12  usart.o(.data)
    uart3                                    0x20000f8c   Data          12  usart.o(.data)
    uart4                                    0x20000f98   Data          12  usart.o(.data)
    uart6                                    0x20000fa4   Data          12  usart.o(.data)
    aTxBuffer                                0x20000fb0   Data           8  dma.o(.data)
    uart_dmas                                0x20000fb8   Data         120  dma.o(.data)
    handle_count_y                           0x20001030   Data           4  dma.o(.data)
    handle_count                             0x20001034   Data           4  dma.o(.data)
    StopCondition                            0x200010a0   Data           4  stm324xg_eval_sdio_sd.o(.data)
    TransferError                            0x200010a4   Data           1  stm324xg_eval_sdio_sd.o(.data)
    TransferEnd                              0x200010a8   Data           4  stm324xg_eval_sdio_sd.o(.data)
    DMAEndOfTransfer                         0x200010ac   Data           4  stm324xg_eval_sdio_sd.o(.data)
    pwm_structs                              0x200010bc   Data          48  pwm.o(.data)
    Can_Data_Num                             0x200010f0   Data           1  can_database.o(.data)
    MOSI_SWITCH                              0x200010f1   Data           4  can_database.o(.data)
    MOSI_STATUS                              0x200010f5   Data           4  can_database.o(.data)
    MOSI_SONIC1_CMD                          0x200010f9   Data           1  can_database.o(.data)
    MOSI_SONIC2_CMD                          0x200010fa   Data           1  can_database.o(.data)
    Can_Database                             0x200010fc   Data        1700  can_database.o(.data)
    HASH_TABLE                               0x200017a0   Data         256  can_database.o(.data)
    MOSI_CMD                                 0x200018a0   Data           1  can_database.o(.data)
    MISO_CMD                                 0x200018a1   Data           1  can_database.o(.data)
    MOSI_GPS_X                               0x200018a8   Data           8  can_database.o(.data)
    MOSI_GPS_Y                               0x200018b0   Data           8  can_database.o(.data)
    MOSI_GPS_ANG                             0x200018b8   Data           8  can_database.o(.data)
    MOSI_GYRO_C1                             0x200018c0   Data           8  can_database.o(.data)
    MOSI_GYRO_C2                             0x200018c8   Data           8  can_database.o(.data)
    MOSI_ENC_COEFF                           0x200018d0   Data           8  can_database.o(.data)
    MISO_GPS_X                               0x200018d8   Data           8  can_database.o(.data)
    MISO_GPS_Y                               0x200018e0   Data           8  can_database.o(.data)
    MISO_GPS_ANG                             0x200018e8   Data           8  can_database.o(.data)
    MISO_GYRO_C1                             0x200018f0   Data           8  can_database.o(.data)
    MISO_GYRO_C2                             0x200018f8   Data           8  can_database.o(.data)
    MISO_GYRO_RAD                            0x20001900   Data           8  can_database.o(.data)
    MISO_ENC1_C1                             0x20001908   Data           8  can_database.o(.data)
    MISO_ENC1_C2                             0x20001910   Data           8  can_database.o(.data)
    MISO_ENC1_RAD                            0x20001918   Data           8  can_database.o(.data)
    MISO_ENC1_ANG                            0x20001920   Data           8  can_database.o(.data)
    MISO_ENC1_DIS                            0x20001928   Data           8  can_database.o(.data)
    MISO_ENC2_C1                             0x20001930   Data           8  can_database.o(.data)
    MISO_ENC2_C2                             0x20001938   Data           8  can_database.o(.data)
    MISO_ENC2_RAD                            0x20001940   Data           8  can_database.o(.data)
    MISO_ENC2_ANG                            0x20001948   Data           8  can_database.o(.data)
    MISO_ENC2_DIS                            0x20001950   Data           8  can_database.o(.data)
    W_MOTOR_ALL_SPEED                        0x20001958   Data           8  can_database.o(.data)
    MOSI_MOTOR1_SPEED                        0x20001960   Data           8  can_database.o(.data)
    MOSI_MOTOR2_SPEED                        0x20001968   Data           8  can_database.o(.data)
    MOSI_MOTOR3_SPEED                        0x20001970   Data           8  can_database.o(.data)
    MOSI_MOTOR4_SPEED                        0x20001978   Data           8  can_database.o(.data)
    MOSI_MOTOR5_SPEED                        0x20001980   Data           4  can_database.o(.data)
    MOSI_MOTOR5_ANGLE                        0x20001984   Data           4  can_database.o(.data)
    MOSI_MOTOR6_SPEED                        0x20001988   Data           4  can_database.o(.data)
    MOSI_MOTOR6_ANGLE                        0x2000198c   Data           4  can_database.o(.data)
    MOSI_MOTOR7_SPEED                        0x20001990   Data           4  can_database.o(.data)
    MOSI_MOTOR7_ANGLE                        0x20001994   Data           4  can_database.o(.data)
    MOSI_MOTOR8_SPEED                        0x20001998   Data           4  can_database.o(.data)
    MOSI_MOTOR8_ANGLE                        0x2000199c   Data           4  can_database.o(.data)
    MOSI_MOTOR9_SPEED                        0x200019a0   Data           4  can_database.o(.data)
    MOSI_MOTOR9_ANGLE                        0x200019a4   Data           4  can_database.o(.data)
    MOSI_STEPPER                             0x200019a8   Data           4  can_database.o(.data)
    MOSI_STEER                               0x200019ac   Data           2  can_database.o(.data)
    MOSI_FACTOR                              0x200019b0   Data           4  can_database.o(.data)
    MOSI_MOTOR1_OLD                          0x200019b4   Data           8  can_database.o(.data)
    MOSI_MOTOR2_OLD                          0x200019bc   Data           8  can_database.o(.data)
    MOSI_MOTOR3_OLD                          0x200019c4   Data           8  can_database.o(.data)
    MOSI_MOTOR4_OLD                          0x200019cc   Data           8  can_database.o(.data)
    MOSI_MOTOR5_OLD                          0x200019d4   Data           8  can_database.o(.data)
    MOSI_MOTOR6_OLD                          0x200019dc   Data           8  can_database.o(.data)
    MOSI_MOTOR7_OLD                          0x200019e4   Data           8  can_database.o(.data)
    MOSI_MOTOR8_OLD                          0x200019ec   Data           8  can_database.o(.data)
    MISO_M1_ENC                              0x200019f4   Data           7  can_database.o(.data)
    MISO_M2_ENC                              0x200019fb   Data           7  can_database.o(.data)
    MISO_M3_ENC                              0x20001a02   Data           7  can_database.o(.data)
    MISO_M4_ENC                              0x20001a09   Data           7  can_database.o(.data)
    MISO_M5_ENC                              0x20001a10   Data           7  can_database.o(.data)
    MISO_M6_ENC                              0x20001a17   Data           7  can_database.o(.data)
    MISO_M7_ENC                              0x20001a1e   Data           7  can_database.o(.data)
    MISO_M8_ENC                              0x20001a25   Data           7  can_database.o(.data)
    MOSI_PWM                                 0x20001a30   Data           8  can_database.o(.data)
    MOSI_FAN                                 0x20001a38   Data           4  can_database.o(.data)
    MOSI_CAMERA1                             0x20001a3c   Data           8  can_database.o(.data)
    MOSI_CAMERA2                             0x20001a44   Data           8  can_database.o(.data)
    MOSI_CAMERA3                             0x20001a4c   Data           8  can_database.o(.data)
    MOSI_CAMERA4                             0x20001a54   Data           8  can_database.o(.data)
    MOSI_CAMERA5                             0x20001a5c   Data           8  can_database.o(.data)
    MISO_CAM1_TRANS                          0x20001a64   Data           8  can_database.o(.data)
    MISO_CAM2_TRANS                          0x20001a6c   Data           8  can_database.o(.data)
    MISO_CAM3_TRANS                          0x20001a74   Data           8  can_database.o(.data)
    MISO_CAM4_TRANS                          0x20001a7c   Data           8  can_database.o(.data)
    MISO_CAM5_TRANS                          0x20001a84   Data           8  can_database.o(.data)
    MOSI_RELAY1_DATA                         0x20001a8c   Data           1  can_database.o(.data)
    MOSI_RELAY2_DATA                         0x20001a8d   Data           1  can_database.o(.data)
    MISO_SONIC1_DAT                          0x20001a8e   Data           3  can_database.o(.data)
    MISO_SONIC2_DAT                          0x20001a91   Data           3  can_database.o(.data)
    cam_trsimg_fh                            0x20001ab8   Data           8  sd_save.o(.data)
    buz_debug                                0x20001ad4   Data           4  sd_save.o(.data)
    Time_Stamp                               0x20001b34   Data           4  sd_save.o(.data)
    Timer                                    0x20001b38   Data         200  tim.o(.data)
    SystemCoreClock                          0x20001c00   Data           4  system_stm32f4xx.o(.data)
    AHBPrescTable                            0x20001c04   Data          16  system_stm32f4xx.o(.data)
    rt_interrupt_nest                        0x20001c30   Data           1  irq.o(.data)
    rt_object_container                      0x20001c64   Data         144  object.o(.data)
    rt_object_trytake_hook                   0x20001cfc   Data           4  object.o(.data)
    rt_object_take_hook                      0x20001d00   Data           4  object.o(.data)
    rt_object_put_hook                       0x20001d04   Data           4  object.o(.data)
    rt_current_thread                        0x20001d0c   Data           4  scheduler.o(.data)
    rt_current_priority                      0x20001d10   Data           1  scheduler.o(.data)
    rt_thread_ready_priority_group           0x20001d14   Data           4  scheduler.o(.data)
    rt_thread_defunct                        0x20001d18   Data           8  scheduler.o(.data)
    rt_interrupt_from_thread                 0x20001d38   Data           4  cpuport.o(.data)
    rt_interrupt_to_thread                   0x20001d3c   Data           4  cpuport.o(.data)
    rt_thread_switch_interrupt_flag          0x20001d40   Data           4  cpuport.o(.data)
    status                                   0x20001d44   Data           1  diskio.o(.data)
    Mb_Key                                   0x20001d54   Data          72  mb.o(.bss)
    Mb_Emergency                             0x20001d9c   Data          72  mb.o(.bss)
    Mb_Auto                                  0x20001de4   Data          72  mb.o(.bss)
    Mb_SensorStart                           0x20001e2c   Data          72  mb.o(.bss)
    Mb_SensorEnd                             0x20001e74   Data          72  mb.o(.bss)
    mq_sd                                    0x2000213c   Data          76  mq.o(.bss)
    thread_lcd_refresh                       0x20004588   Data         176  t_lcd_refresh.o(.bss)
    LCD_Table                                0x20004638   Data         160  t_lcd_refresh.o(.bss)
    thread_keyboard                          0x200052d8   Data         176  t_keyboard.o(.bss)
    thread_emergency                         0x20005788   Data         176  t_emergency.o(.bss)
    thread_handle                            0x20005c38   Data         176  t_handle.o(.bss)
    thread_FATfs                             0x20006d20   Data         176  t_fatfs.o(.bss)
    fil_pid                                  0x20007130   Data         548  t_fatfs.o(.bss)
    Mortor_info                              0x20007354   Data         548  t_fatfs.o(.bss)
    error_angle_file                         0x20007588   Data         548  m_route.o(.bss)
    error_dis_file                           0x200077ac   Data         548  m_route.o(.bss)
    speed1_file                              0x200079d0   Data         548  m_route.o(.bss)
    speed2_file                              0x20007bf4   Data         548  m_route.o(.bss)
    VoutD_file                               0x20007e18   Data         548  m_route.o(.bss)
    Total_file                               0x2000803c   Data         548  m_route.o(.bss)
    GPS_file                                 0x20008260   Data         548  m_route.o(.bss)
    Gyro                                     0x20008488   Data          24  gyro.o(.bss)
    Encoder                                  0x200084a0   Data          80  encoder.o(.bss)
    GPS                                      0x200084f0   Data          24  gps.o(.bss)
    Motor_Pos                                0x20008508   Data          32  motor.o(.bss)
    Motor_RealAim                            0x20008528   Data          16  motor.o(.bss)
    Sta_Point                                0x20008538   Data          16  goline.o(.bss)
    End_Point                                0x20008548   Data          16  goline.o(.bss)
    Center                                   0x20008558   Data          16  gocircle.o(.bss)
    Aim_Keep_Point                           0x20008568   Data          16  keep.o(.bss)
    thread_auto                              0x20008978   Data         176  t_auto.o(.bss)
    DataConvBuff                             0x20008a28   Data          25  mystring.o(.bss)
    Vout                                     0x20008a48   Data          40  pid.o(.bss)
    uart1_int_rx                             0x20008a94   Data          72  usart.o(.bss)
    uart1_dma_tx                             0x20008adc   Data         172  usart.o(.bss)
    uart1_device                             0x20008b88   Data          88  usart.o(.bss)
    uart2_int_rx                             0x20008be0   Data          72  usart.o(.bss)
    uart2_dma_tx                             0x20008c28   Data         172  usart.o(.bss)
    uart2_device                             0x20008cd4   Data          88  usart.o(.bss)
    uart3_int_rx                             0x20008d2c   Data          72  usart.o(.bss)
    uart3_dma_tx                             0x20008d74   Data         172  usart.o(.bss)
    uart3_device                             0x20008e20   Data          88  usart.o(.bss)
    uart4_int_rx                             0x20008e78   Data          72  usart.o(.bss)
    uart4_dma_tx                             0x20008ec0   Data         172  usart.o(.bss)
    uart4_device                             0x20008f6c   Data          88  usart.o(.bss)
    uart6_int_rx                             0x20008fc4   Data          72  usart.o(.bss)
    uart6_dma_tx                             0x2000900c   Data         172  usart.o(.bss)
    uart6_device                             0x200090b8   Data          88  usart.o(.bss)
    LB_recv                                  0x2000921c   Data          12  dma_rx_isr.o(.bss)
    HandleData_X                             0x20009228   Data          16  dma_rx_isr.o(.bss)
    HandleData_Y                             0x20009238   Data          16  dma_rx_isr.o(.bss)
    Laser_recv                               0x20009248   Data          10  dma_rx_isr.o(.bss)
    mt2                                      0x20009252   Data           9  dma_rx_isr.o(.bss)
    SDCardInfo                               0x20009290   Data          88  stm324xg_eval_sdio_sd.o(.bss)
    SDIO_InitStructure                       0x200092e8   Data          24  stm324xg_eval_sdio_sd.o(.bss)
    SDIO_CmdInitStructure                    0x20009300   Data          20  stm324xg_eval_sdio_sd.o(.bss)
    SDIO_DataInitStructure                   0x20009314   Data          24  stm324xg_eval_sdio_sd.o(.bss)
    camera_data1                             0x20009550   Data          12  can_database.o(.bss)
    camera_data2                             0x2000955c   Data          12  can_database.o(.bss)
    camera_data3                             0x20009568   Data          12  can_database.o(.bss)
    camera_data4                             0x20009574   Data          12  can_database.o(.bss)
    camera_data5                             0x20009580   Data          12  can_database.o(.bss)
    camera_data6                             0x2000958c   Data          12  can_database.o(.bss)
    Cam_Sta                                  0x200095a4   Data          28  sd_save.o(.bss)
    Cam_Mode                                 0x200095c0   Data          28  sd_save.o(.bss)
    Cam_ErrFlg                               0x200095dc   Data          28  sd_save.o(.bss)
    Img_Cbuf                                 0x200095f8   Data        6152  sd_save.o(.bss)
    rt_thread_priority_table                 0x2000be20   Data         256  scheduler.o(.bss)
    Image$$RW_IRAM1$$ZI$$Limit               0x2000c520   Number         0  startup_stm32f4xx.o(STACK)
    __initial_sp                             0x2000c520   Data           0  startup_stm32f4xx.o(STACK)



==============================================================================

Memory Map of the image

  Image Entry point : 0x08000189

  Load Region LR_IROM1 (Base: 0x08000000, Size: 0x000750a0, Max: 0x00100000, ABSOLUTE, COMPRESSED[0x00073b58])

    Execution Region ER_IROM1 (Base: 0x08000000, Size: 0x0007334c, Max: 0x00100000, ABSOLUTE)

    Base Addr    Size         Type   Attr      Idx    E Section Name        Object

    0x08000000   0x00000188   Data   RO         1528    RESET               startup_stm32f4xx.o
    0x08000188   0x00000000   Code   RO         2430  * .ARM.Collect$$$$00000000  mc_w.l(entry.o)
    0x08000188   0x00000004   Code   RO         2768    .ARM.Collect$$$$00000001  mc_w.l(entry2.o)
    0x0800018c   0x00000004   Code   RO         2771    .ARM.Collect$$$$00000004  mc_w.l(entry5.o)
    0x08000190   0x00000000   Code   RO         2773    .ARM.Collect$$$$00000008  mc_w.l(entry7b.o)
    0x08000190   0x00000000   Code   RO         2775    .ARM.Collect$$$$0000000A  mc_w.l(entry8b.o)
    0x08000190   0x00000008   Code   RO         2776    .ARM.Collect$$$$0000000B  mc_w.l(entry9a.o)
    0x08000198   0x00000000   Code   RO         2778    .ARM.Collect$$$$0000000D  mc_w.l(entry10a.o)
    0x08000198   0x00000000   Code   RO         2780    .ARM.Collect$$$$0000000F  mc_w.l(entry11a.o)
    0x08000198   0x00000004   Code   RO         2769    .ARM.Collect$$$$00002712  mc_w.l(entry2.o)
    0x0800019c   0x00000070   Code   RO            2    .text               application.o
    0x0800020c   0x00000108   Code   RO          303    .text               startup.o
    0x08000314   0x000001a4   Code   RO          320    .text               mb.o
    0x080004b8   0x0000004c   Code   RO          342    .text               mq.o
    0x08000504   0x000000bc   Code   RO          364    .text               t_lcd_refresh.o
    0x080005c0   0x000000bc   Code   RO          387    .text               t_keyboard.o
    0x0800067c   0x0000010c   Code   RO          410    .text               t_emergency.o
    0x08000788   0x00000458   Code   RO          440    .text               t_handle.o
    0x08000be0   0x00000434   Code   RO          467    .text               t_fatfs.o
    0x08001014   0x00000108   Code   RO          495    .text               m_func.o
    0x0800111c   0x00001354   Code   RO          547    .text               m_sys.o
    0x08002470   0x0000006c   Code   RO          567    .text               m_test.o
    0x080024dc   0x00001b9a   Code   RO          583    .text               m_route.o
    0x08004076   0x00000002   PAD
    0x08004078   0x00000cc8   Code   RO          614    .text               lcd_keyboard.o
    0x08004d40   0x00000d38   Code   RO          630    .text               mecanum.o
    0x08005a78   0x00000548   Code   RO          653    .text               gyro.o
    0x08005fc0   0x00000550   Code   RO          675    .text               encoder.o
    0x08006510   0x00000078   Code   RO          697    .text               gps.o
    0x08006588   0x00000400   Code   RO          719    .text               relay.o
    0x08006988   0x00000698   Code   RO          738    .text               motor.o
    0x08007020   0x000005e0   Code   RO          761    .text               fanctrl.o
    0x08007600   0x00000e24   Code   RO          799    .text               goline.o
    0x08008424   0x000002f4   Code   RO          820    .text               gocircle.o
    0x08008718   0x0000065c   Code   RO          840    .text               keep.o
    0x08008d74   0x00000898   Code   RO          861    .text               pointpath.o
    0x0800960c   0x00000094   Code   RO          897    .text               goroute.o
    0x080096a0   0x0000008c   Code   RO          920    .text               t_auto.o
    0x0800972c   0x00000de0   Code   RO          939    .text               mymath.o
    0x0800a50c   0x0000013c   Code   RO          955    .text               mystring.o
    0x0800a648   0x00001768   Code   RO          978    .text               pid.o
    0x0800bdb0   0x0000016c   Code   RO         1011    .text               board.o
    0x0800bf1c   0x0000041c   Code   RO         1034    .text               usart.o
    0x0800c338   0x00000348   Code   RO         1194    .text               dma.o
    0x0800c680   0x000001b8   Code   RO         1220    .text               dma_rx_isr.o
    0x0800c838   0x00000218   Code   RO         1243    .text               stm32f4xx_it.o
    0x0800ca50   0x00001ce0   Code   RO         1260    .text               stm324xg_eval_sdio_sd.o
    0x0800e730   0x00000198   Code   RO         1283    .text               io.o
    0x0800e8c8   0x0000048c   Code   RO         1301    .text               pwm.o
    0x0800ed54   0x00000794   Code   RO         1320    .text               can.o
    0x0800f4e8   0x000000e8   Code   RO         1339    .text               can_database.o
    0x0800f5d0   0x00000668   Code   RO         1363    .text               command.o
    0x0800fc38   0x000004c4   Code   RO         1380    .text               fan.o
    0x080100fc   0x00000770   Code   RO         1437    .text               sd_save.o
    0x0801086c   0x00000270   Code   RO         1466    .text               tim.o
    0x08010adc   0x000003f4   Code   RO         1489    .text               serial.o
    0x08010ed0   0x0000020c   Code   RO         1505    .text               system_stm32f4xx.o
    0x080110dc   0x00000024   Code   RO         1529    .text               startup_stm32f4xx.o
    0x08011100   0x000001ec   Code   RO         1534    .text               misc.o
    0x080112ec   0x00001118   Code   RO         1566    .text               stm32f4xx_can.o
    0x08012404   0x000013b8   Code   RO         1710    .text               stm32f4xx_dma.o
    0x080137bc   0x00000916   Code   RO         1774    .text               stm32f4xx_gpio.o
    0x080140d2   0x00000002   PAD
    0x080140d4   0x00000d7c   Code   RO         1886    .text               stm32f4xx_rcc.o
    0x08014e50   0x00000664   Code   RO         1936    .text               stm32f4xx_sdio.o
    0x080154b4   0x00003294   Code   RO         1984    .text               stm32f4xx_tim.o
    0x08018748   0x00000eac   Code   RO         2000    .text               stm32f4xx_usart.o
    0x080195f4   0x00000064   Code   RO         2031    .text               clock.o
    0x08019658   0x000002ac   Code   RO         2045    .text               device.o
    0x08019904   0x0000010c   Code   RO         2058    .text               idle.o
    0x08019a10   0x00000e7c   Code   RO         2077    .text               ipc.o
    0x0801a88c   0x00000040   Code   RO         2093    .text               irq.o
    0x0801a8cc   0x000009b0   Code   RO         2108    .text               kservice.o
    0x0801b27c   0x000004a0   Code   RO         2125    .text               mem.o
    0x0801b71c   0x000002c4   Code   RO         2146    .text               mempool.o
    0x0801b9e0   0x000001d4   Code   RO         2169    .text               object.o
    0x0801bbb4   0x00000280   Code   RO         2188    .text               scheduler.o
    0x0801be34   0x00000418   Code   RO         2214    .text               thread.o
    0x0801c24c   0x00000408   Code   RO         2230    .text               timer.o
    0x0801c654   0x0000017c   Code   RO         2248    .text               cpuport.o
    0x0801c7d0   0x00000110   Code   RO         2263    .text               context_rvds.o
    0x0801c8e0   0x00000194   Code   RO         2301    .text               diskio.o
    0x0801ca74   0x00002fee   Code   RO         2329    .text               ff.o
    0x0801fa62   0x00000002   PAD
    0x0801fa64   0x000000b4   Code   RO         2351    .text               cc936.o
    0x0801fb18   0x00000062   Code   RO         2435    .text               mc_w.l(uldiv.o)
    0x0801fb7a   0x00000024   Code   RO         2437    .text               mc_w.l(memcpya.o)
    0x0801fb9e   0x00000024   Code   RO         2439    .text               mc_w.l(memseta.o)
    0x0801fbc2   0x0000000e   Code   RO         2441    .text               mc_w.l(strlen.o)
    0x0801fbd0   0x0000001c   Code   RO         2443    .text               mc_w.l(strcmp.o)
    0x0801fbec   0x00000012   Code   RO         2445    .text               mc_w.l(strcpy.o)
    0x0801fbfe   0x0000001e   Code   RO         2447    .text               mc_w.l(strncmp.o)
    0x0801fc1c   0x0000014e   Code   RO         2716    .text               mf_w.l(dadd.o)
    0x0801fd6a   0x000000e4   Code   RO         2718    .text               mf_w.l(dmul.o)
    0x0801fe4e   0x000000de   Code   RO         2720    .text               mf_w.l(ddiv.o)
    0x0801ff2c   0x00000022   Code   RO         2724    .text               mf_w.l(dflti.o)
    0x0801ff4e   0x0000001a   Code   RO         2726    .text               mf_w.l(dfltui.o)
    0x0801ff68   0x00000028   Code   RO         2728    .text               mf_w.l(dfltl.o)
    0x0801ff90   0x00000018   Code   RO         2730    .text               mf_w.l(dfltul.o)
    0x0801ffa8   0x0000003e   Code   RO         2732    .text               mf_w.l(dfixi.o)
    0x0801ffe6   0x00000032   Code   RO         2734    .text               mf_w.l(dfixui.o)
    0x08020018   0x0000004a   Code   RO         2736    .text               mf_w.l(dfixl.o)
    0x08020062   0x00000030   Code   RO         2738    .text               mf_w.l(dfixul.o)
    0x08020092   0x00000026   Code   RO         2740    .text               mf_w.l(f2d.o)
    0x080200b8   0x00000028   Code   RO         2742    .text               mf_w.l(cdcmple.o)
    0x080200e0   0x00000028   Code   RO         2744    .text               mf_w.l(cdrcmple.o)
    0x08020108   0x00000038   Code   RO         2746    .text               mf_w.l(d2f.o)
    0x08020140   0x0000002c   Code   RO         2785    .text               mc_w.l(uidiv.o)
    0x0802016c   0x0000001e   Code   RO         2787    .text               mc_w.l(llshl.o)
    0x0802018a   0x00000020   Code   RO         2789    .text               mc_w.l(llushr.o)
    0x080201aa   0x00000024   Code   RO         2791    .text               mc_w.l(llsshr.o)
    0x080201ce   0x00000000   Code   RO         2804    .text               mc_w.l(iusefp.o)
    0x080201ce   0x0000006c   Code   RO         2805    .text               mf_w.l(fepilogue.o)
    0x0802023a   0x000000be   Code   RO         2807    .text               mf_w.l(depilogue.o)
    0x080202f8   0x000000a2   Code   RO         2809    .text               mf_w.l(dsqrt.o)
    0x0802039a   0x00000002   PAD
    0x0802039c   0x00000024   Code   RO         2811    .text               mc_w.l(init.o)
    0x080203c0   0x0000005c   Code   RO         2830    .text               mc_w.l(__dczerorl2.o)
    0x0802041c   0x00000028   Code   RO         2608    i.__0sprintf$6      mc_w.l(printf6.o)
    0x08020444   0x00000024   Code   RO         2690    i.__0vsprintf       mc_w.l(printfa.o)
    0x08020468   0x00000030   Code   RO         2753    i.__ARM_fpclassify  m_wm.l(fpclassify.o)
    0x08020498   0x000002e8   Code   RO         2374    i.__hardfp_atan     m_wm.l(atan.o)
    0x08020780   0x000000d8   Code   RO         2388    i.__hardfp_cos      m_wm.l(cos.o)
    0x08020858   0x000000d8   Code   RO         2406    i.__hardfp_sin      m_wm.l(sin.o)
    0x08020930   0x0000007a   Code   RO         2418    i.__hardfp_sqrt     m_wm.l(sqrt.o)
    0x080209aa   0x00000006   PAD
    0x080209b0   0x00000458   Code   RO         2757    i.__ieee754_rem_pio2  m_wm.l(rred.o)
    0x08020e08   0x00000170   Code   RO         2748    i.__kernel_cos      m_wm.l(cos_i.o)
    0x08020f78   0x000000f8   Code   RO         2755    i.__kernel_poly     m_wm.l(poly.o)
    0x08021070   0x00000130   Code   RO         2762    i.__kernel_sin      m_wm.l(sin_i.o)
    0x080211a0   0x00000020   Code   RO         2751    i.__mathlib_dbl_underflow  m_wm.l(dunder.o)
    0x080211c0   0x0000000e   Code   RO         2824    i.__scatterload_copy  mc_w.l(handlers.o)
    0x080211ce   0x00000002   Code   RO         2825    i.__scatterload_null  mc_w.l(handlers.o)
    0x080211d0   0x0000000e   Code   RO         2826    i.__scatterload_zeroinit  mc_w.l(handlers.o)
    0x080211de   0x00000002   PAD
    0x080211e0   0x0000000c   Code   RO         2795    i.__set_errno       mc_w.l(errno.o)
    0x080211ec   0x0000015c   Code   RO         2691    i._fp_digits        mc_w.l(printfa.o)
    0x08021348   0x000002f4   Code   RO         2613    i._printf_core      mc_w.l(printf6.o)
    0x0802163c   0x000006f0   Code   RO         2692    i._printf_core      mc_w.l(printfa.o)
    0x08021d2c   0x00000026   Code   RO         2614    i._printf_post_padding  mc_w.l(printf6.o)
    0x08021d52   0x00000026   Code   RO         2693    i._printf_post_padding  mc_w.l(printfa.o)
    0x08021d78   0x00000030   Code   RO         2615    i._printf_pre_padding  mc_w.l(printf6.o)
    0x08021da8   0x00000030   Code   RO         2694    i._printf_pre_padding  mc_w.l(printfa.o)
    0x08021dd8   0x0000000a   Code   RO         2617    i._sputc            mc_w.l(printf6.o)
    0x08021de2   0x0000000a   Code   RO         2696    i._sputc            mc_w.l(printfa.o)
    0x08021dec   0x00000020   Code   RO         2402    i.fabs              m_wm.l(fabs.o)
    0x08021e0c   0x00000031   Data   RO          469    .constdata          t_fatfs.o
    0x08021e3d   0x00000003   PAD
    0x08021e40   0x0000015c   Data   RO          585    .constdata          m_route.o
    0x08021f9c   0x00000004   PAD
    0x08021fa0   0x00026048   Data   RO          884    .constdata          pointroute.o
    0x08047fe8   0x00000040   Data   RO         1036    .constdata          usart.o
    0x08048028   0x00000028   Data   RO         1196    .constdata          dma.o
    0x08048050   0x0000000d   Data   RO         1381    .constdata          fan.o
    0x0804805d   0x00000003   PAD
    0x08048060   0x0000003c   Data   RO         1439    .constdata          sd_save.o
    0x0804809c   0x00000007   Data   RO         1467    .constdata          tim.o
    0x080480a3   0x00000122   Data   RO         2110    .constdata          kservice.o
    0x080481c5   0x00000001   PAD
    0x080481c6   0x0000003a   Data   RO         2331    .constdata          ff.o
    0x08048200   0x0002acc8   Data   RO         2352    .constdata          cc936.o
    0x08072ec8   0x00000098   Data   RO         2377    .constdata          m_wm.l(atan.o)
    0x08072f60   0x00000030   Data   RO         2749    .constdata          m_wm.l(cos_i.o)
    0x08072f90   0x000000c8   Data   RO         2759    .constdata          m_wm.l(rred.o)
    0x08073058   0x00000028   Data   RO         2763    .constdata          m_wm.l(sin_i.o)
    0x08073080   0x000000f6   Data   RO          521    .conststring        m_list.o
    0x08073176   0x00000022   Data   RO          548    .conststring        m_sys.o
    0x08073198   0x00000074   Data   RO          586    .conststring        m_route.o
    0x0807320c   0x0000011d   Data   RO         1440    .conststring        sd_save.o
    0x08073329   0x00000003   PAD
    0x0807332c   0x00000020   Data   RO         2822    Region$$Table       anon$$obj.o


    Execution Region RW_IRAM1 (Base: 0x20000000, Size: 0x0000c520, Max: 0x00020000, ABSOLUTE, COMPRESSED[0x0000080c])

    Base Addr    Size         Type   Attr      Idx    E Section Name        Object

    0x20000000   0x00000001   Data   RW          366    .data               t_lcd_refresh.o
    0x20000001   0x00000001   Data   RW          389    .data               t_keyboard.o
    0x20000002   0x00000006   PAD
    0x20000008   0x00000091   Data   RW          442    .data               t_handle.o
    0x20000099   0x00000003   PAD
    0x2000009c   0x00000008   Data   RW          470    .data               t_fatfs.o
    0x200000a4   0x000003c4   Data   RW          522    .data               m_list.o
    0x20000468   0x000000b8   Data   RW          549    .data               m_sys.o
    0x20000520   0x000002a0   Data   RW          587    .data               m_route.o
    0x200007c0   0x00000098   Data   RW          631    .data               mecanum.o
    0x20000858   0x00000006   Data   RW          720    .data               relay.o
    0x2000085e   0x00000008   Data   RW          740    .data               motor.o
    0x20000866   0x00000002   PAD
    0x20000868   0x00000008   Data   RW          762    .data               fanctrl.o
    0x20000870   0x00000058   Data   RW          801    .data               goline.o
    0x200008c8   0x00000010   Data   RW          822    .data               gocircle.o
    0x200008d8   0x00000010   Data   RW          842    .data               keep.o
    0x200008e8   0x00000010   Data   RW          862    .data               pointpath.o
    0x200008f8   0x0000002d   Data   RW          898    .data               goroute.o
    0x20000925   0x00000003   PAD
    0x20000928   0x00000608   Data   RW          980    .data               pid.o
    0x20000f30   0x00000008   Data   RW         1012    .data               board.o
    0x20000f38   0x00000078   Data   RW         1037    .data               usart.o
    0x20000fb0   0x000000e8   Data   RW         1197    .data               dma.o
    0x20001098   0x00000018   Data   RW         1262    .data               stm324xg_eval_sdio_sd.o
    0x200010b0   0x0000000a   Data   RW         1284    .data               io.o
    0x200010ba   0x00000002   PAD
    0x200010bc   0x00000030   Data   RW         1302    .data               pwm.o
    0x200010ec   0x00000004   PAD
    0x200010f0   0x000009a4   Data   RW         1341    .data               can_database.o
    0x20001a94   0x00000004   PAD
    0x20001a98   0x00000020   Data   RW         1382    .data               fan.o
    0x20001ab8   0x00000080   Data   RW         1441    .data               sd_save.o
    0x20001b38   0x000000c8   Data   RW         1468    .data               tim.o
    0x20001c00   0x00000014   Data   RW         1506    .data               system_stm32f4xx.o
    0x20001c14   0x00000010   Data   RW         1887    .data               stm32f4xx_rcc.o
    0x20001c24   0x00000004   Data   RW         2032    .data               clock.o
    0x20001c28   0x00000008   Data   RW         2060    .data               idle.o
    0x20001c30   0x00000001   Data   RW         2094    .data               irq.o
    0x20001c31   0x00000003   PAD
    0x20001c34   0x00000008   Data   RW         2111    .data               kservice.o
    0x20001c3c   0x00000020   Data   RW         2127    .data               mem.o
    0x20001c5c   0x00000008   Data   RW         2147    .data               mempool.o
    0x20001c64   0x000000a4   Data   RW         2170    .data               object.o
    0x20001d08   0x0000001c   Data   RW         2190    .data               scheduler.o
    0x20001d24   0x00000010   Data   RW         2231    .data               timer.o
    0x20001d34   0x00000010   Data   RW         2249    .data               cpuport.o
    0x20001d44   0x00000001   Data   RW         2302    .data               diskio.o
    0x20001d45   0x00000003   PAD
    0x20001d48   0x00000006   Data   RW         2332    .data               ff.o
    0x20001d4e   0x00000002   PAD
    0x20001d50   0x00000004   Data   RW         2796    .data               mc_w.l(errno.o)
    0x20001d54   0x000003e8   Zero   RW          321    .bss                mb.o
    0x2000213c   0x0000204c   Zero   RW          343    .bss                mq.o
    0x20004188   0x00000550   Zero   RW          365    .bss                t_lcd_refresh.o
    0x200046d8   0x00000cb0   Zero   RW          388    .bss                t_keyboard.o
    0x20005388   0x000004b0   Zero   RW          411    .bss                t_emergency.o
    0x20005838   0x000004b0   Zero   RW          441    .bss                t_handle.o
    0x20005ce8   0x00001890   Zero   RW          468    .bss                t_fatfs.o
    0x20007578   0x00000f0c   Zero   RW          584    .bss                m_route.o
    0x20008484   0x00000004   PAD
    0x20008488   0x00000018   Zero   RW          654    .bss                gyro.o
    0x200084a0   0x00000050   Zero   RW          676    .bss                encoder.o
    0x200084f0   0x00000018   Zero   RW          698    .bss                gps.o
    0x20008508   0x00000030   Zero   RW          739    .bss                motor.o
    0x20008538   0x00000020   Zero   RW          800    .bss                goline.o
    0x20008558   0x00000010   Zero   RW          821    .bss                gocircle.o
    0x20008568   0x00000010   Zero   RW          841    .bss                keep.o
    0x20008578   0x000004b0   Zero   RW          921    .bss                t_auto.o
    0x20008a28   0x00000019   Zero   RW          956    .bss                mystring.o
    0x20008a41   0x00000007   PAD
    0x20008a48   0x00000028   Zero   RW          979    .bss                pid.o
    0x20008a70   0x000006a0   Zero   RW         1035    .bss                usart.o
    0x20009110   0x0000010c   Zero   RW         1195    .bss                dma.o
    0x2000921c   0x0000003f   Zero   RW         1221    .bss                dma_rx_isr.o
    0x2000925b   0x00000005   PAD
    0x20009260   0x000000cc   Zero   RW         1261    .bss                stm324xg_eval_sdio_sd.o
    0x2000932c   0x00000224   Zero   RW         1321    .bss                can.o
    0x20009550   0x00000048   Zero   RW         1340    .bss                can_database.o
    0x20009598   0x0000231c   Zero   RW         1438    .bss                sd_save.o
    0x2000b8b4   0x00000004   PAD
    0x2000b8b8   0x000004b0   Zero   RW         2059    .bss                idle.o
    0x2000bd68   0x00000080   Zero   RW         2109    .bss                kservice.o
    0x2000bde8   0x00000038   Zero   RW         2126    .bss                mem.o
    0x2000be20   0x00000100   Zero   RW         2189    .bss                scheduler.o
    0x2000bf20   0x00000200   Zero   RW         2330    .bss                ff.o
    0x2000c120   0x00000400   Zero   RW         1526    STACK               startup_stm32f4xx.o


==============================================================================

Image component sizes


      Code (inc. data)   RO Data    RW Data    ZI Data      Debug   Object Name

       112         14          0          0          0     310455   application.o
       364         46          0          8          0      19775   board.o
      1940        306          0          0        548       3568   can.o
       232         12          0       2468         72       8488   can_database.o
       180         18     175304          0          0       2149   cc936.o
       100          6          0          4          0       1544   clock.o
      1640        172          0          0          0       7533   command.o
       272         24          0          0          0        776   context_rvds.o
       380        182          0         16          0       3575   cpuport.o
       684         60          0          0          0       4477   device.o
       404         24          0          1          0      10476   diskio.o
       840         36         40        232        268       5794   dma.o
       440         24          0          0         63       2823   dma_rx_isr.o
      1360        404          0          0         80       1845   encoder.o
      1220         82         13         32          0       2213   fan.o
      1504        352          0          8          0       2578   fanctrl.o
     12270        136         58          6        512      34065   ff.o
       756        122          0         16         16       1366   gocircle.o
      3620        330          0         88         32       2165   goline.o
       148         36          0         45          0       1205   goroute.o
       120         20          0          0         24        899   gps.o
      1352        544          0          0         24       1360   gyro.o
       268         32          0          8       1200       3031   idle.o
       408         14          0         10          0       3014   io.o
      3708         36          0          0          0      16235   ipc.o
        64          6          0          1          0       1342   irq.o
      1628        294          0         16         16       1731   keep.o
      2480        170        290          8        128      10932   kservice.o
      3272        222          0          0          0       5842   lcd_keyboard.o
       264         24          0          0          0       1782   m_func.o
         0          0        246        964          0        770   m_list.o
      7066        940        464        672       3852       4066   m_route.o
      4948        910         34        184          0       5004   m_sys.o
       108         66          0          0          0        451   m_test.o
       420        240          0          0       1000       2229   mb.o
      3384        302          0        152          0       2717   mecanum.o
      1184        118          0         32         56       4338   mem.o
       708         10          0          8          0       4558   mempool.o
       492         72          0          0          0       2045   misc.o
      1688        476          0          8         48       3403   motor.o
        76         36          0          0       8268        997   mq.o
      3552         52          0          0          0       4163   mymath.o
       316         10          0          0         25       2063   mystring.o
       468         30          0        164          0       5296   object.o
      5992        290          0       1544         40       6224   pid.o
      2200        254          0         16          0       1662   pointpath.o
         0          0     155720          0          0        441   pointroute.o
      1164        106          0         48          0       3701   pwm.o
      1024         82          0          6          0       3678   relay.o
       640        118          0         28        256       4497   scheduler.o
      1904        210        345        128       8988       7049   sd_save.o
      1012         28          0          0          0       4013   serial.o
       264        112          0          0          0       1603   startup.o
        36          8        392          0       1024        876   startup_stm32f4xx.o
      7392        246          0         24        204      25943   stm324xg_eval_sdio_sd.o
      4376        146          0          0          0       9188   stm32f4xx_can.o
      5048        350          0          0          0       8673   stm32f4xx_dma.o
      2326        132          0          0          0       5225   stm32f4xx_gpio.o
       536         40          0          0          0       2914   stm32f4xx_it.o
      3452        262          0         16          0      12927   stm32f4xx_rcc.o
      1636        102          0          0          0       8260   stm32f4xx_sdio.o
     12948        670          0          0          0      29260   stm32f4xx_tim.o
      3756        162          0          0          0       9592   stm32f4xx_usart.o
       524         44          0         20          0       1991   system_stm32f4xx.o
       140         38          0          0       1200       1236   t_auto.o
       268         82          0          0       1200       1486   t_emergency.o
      1076        214         49          8       6288       4164   t_fatfs.o
      1112        118          0        145       1200       2421   t_handle.o
       188         34          0          1       3248       1532   t_keyboard.o
       188         38          0          1       1360       1434   t_lcd_refresh.o
      1048         20          0          0          0       6862   thread.o
       624         34          7        200          0       3280   tim.o
      1032         30          0         16          0       6993   timer.o
      1052        132         64        120       1696     298318   usart.o

    ----------------------------------------------------------------------
    129404      11112     333072       7504      42956     990581   Object Totals
         0          0         32          0          0          0   (incl. Generated)
         6          0         14         32         20          0   (incl. Padding)

    ----------------------------------------------------------------------

      Code (inc. data)   RO Data    RW Data    ZI Data      Debug   Library Member Name

       744        108        152          0          0        220   atan.o
       216         16          0          0          0        152   cos.o
       368         46         48          0          0        200   cos_i.o
        32          8          0          0          0        124   dunder.o
        32          0          0          0          0        124   fabs.o
        48          0          0          0          0        124   fpclassify.o
       248          0          0          0          0        152   poly.o
      1112        140        200          0          0        188   rred.o
       216         16          0          0          0        152   sin.o
       304         24         40          0          0        208   sin_i.o
       122          0          0          0          0        148   sqrt.o
        92          0          0          0          0          0   __dczerorl2.o
         0          0          0          0          0          0   entry.o
         0          0          0          0          0          0   entry10a.o
         0          0          0          0          0          0   entry11a.o
         8          4          0          0          0          0   entry2.o
         4          0          0          0          0          0   entry5.o
         0          0          0          0          0          0   entry7b.o
         0          0          0          0          0          0   entry8b.o
         8          4          0          0          0          0   entry9a.o
        12          6          0          4          0         68   errno.o
        30          0          0          0          0          0   handlers.o
        36          8          0          0          0         68   init.o
         0          0          0          0          0          0   iusefp.o
        30          0          0          0          0         68   llshl.o
        36          0          0          0          0         68   llsshr.o
        32          0          0          0          0         68   llushr.o
        36          0          0          0          0         68   memcpya.o
        36          0          0          0          0        108   memseta.o
       892         12          0          0          0        420   printf6.o
      2256         86          0          0          0        508   printfa.o
        28          0          0          0          0         76   strcmp.o
        18          0          0          0          0         68   strcpy.o
        14          0          0          0          0         68   strlen.o
        30          0          0          0          0         80   strncmp.o
        44          0          0          0          0         80   uidiv.o
        98          0          0          0          0         92   uldiv.o
        40          2          0          0          0         68   cdcmple.o
        40          2          0          0          0         68   cdrcmple.o
        56          0          0          0          0         88   d2f.o
       334          0          0          0          0        148   dadd.o
       222          0          0          0          0        100   ddiv.o
       190          0          0          0          0        176   depilogue.o
        62          0          0          0          0         80   dfixi.o
        74          0          0          0          0         80   dfixl.o
        50          0          0          0          0         76   dfixui.o
        48          0          0          0          0         68   dfixul.o
        34          0          0          0          0         76   dflti.o
        40          0          0          0          0         80   dfltl.o
        26          0          0          0          0         76   dfltui.o
        24          0          0          0          0         76   dfltul.o
       228          0          0          0          0         96   dmul.o
       162          0          0          0          0        100   dsqrt.o
        38          0          0          0          0         68   f2d.o
       108          0          0          0          0        168   fepilogue.o

    ----------------------------------------------------------------------
      8968        482        440          4          0       5392   Library Totals
        10          0          0          0          0          0   (incl. Padding)

    ----------------------------------------------------------------------

      Code (inc. data)   RO Data    RW Data    ZI Data      Debug   Library Name

      3442        358        440          0          0       1792   m_wm.l
      3740        120          0          4          0       1908   mc_w.l
      1776          4          0          0          0       1692   mf_w.l

    ----------------------------------------------------------------------
      8968        482        440          4          0       5392   Library Totals

    ----------------------------------------------------------------------

==============================================================================


      Code (inc. data)   RO Data    RW Data    ZI Data      Debug   

    138372      11594     333512       7508      42956     980345   Grand Totals
    138372      11594     333512       2060      42956     980345   ELF Image Totals (compressed)
    138372      11594     333512       2060          0          0   ROM Totals

==============================================================================

    Total RO  Size (Code + RO Data)               471884 ( 460.82kB)
    Total RW  Size (RW Data + ZI Data)             50464 (  49.28kB)
    Total ROM Size (Code + RO Data + RW Data)     473944 ( 462.84kB)

==============================================================================

