<html>
<body>
<pre>
<h1>µVision Build Log</h1>
<h2>Project:</h2>
E:\robocon\program\WorkSpace0109\On_Off_status2016.1.9\On_Off_status\On_Off_Status.uvproj
Project File Date:  01/09/2015

<h2>Output:</h2>
Build target 'Target 1'
linking...
Program Size: Code=11636 RO-data=268 RW-data=700 ZI-data=1100  
FromELF: creating hex file...
"On_Off_Status.axf" - 0 Error(s), 0 Warning(s).
Load "E:\\robocon\\program\\WorkSpace0109\\On_Off_status2016.1.9\\On_Off_status\\On_Off_Status.axf" 
Set JLink Project File to "E:\robocon\program\WorkSpace0109\On_Off_status2016.1.9\On_Off_status\JLinkSettings.ini"
* JLink Info: Device "STM32F103RC" selected (256 KB flash, 48 KB RAM).
 
JLink info:
------------
DLL: V4.84a, compiled Apr  4 2014 18:02:19
Firmware: J-Link ARM-OB STM32 compiled Aug 22 2012 19:52:04
Hardware: V7.00
S/N : 20090928 
Feature(s) : RDI,FlashDL,FlashBP,JFlash,GDBFull 
 
* JLink Info: Found SWD-DP with ID 0x1BA01477
* JLink Info: Found SWD-DP with ID 0x1BA01477
* JLink Info: Found Cortex-M3 r1p1, Little endian.
* JLink Info: FPUnit: 6 code (BP) slots and 2 literal slots
* JLink Info: TPIU fitted.
* JLink Info: ETM fitted.
ROMTableAddr = 0xE00FF003
 
Target info:
------------
Device: STM32F103RC
VTarget = 3.300V
State of Pins: 
TCK: 0, TDI: 0, TDO: 1, TMS: 0, TRES: 1, TRST: 1
Hardware-Breakpoints: 6
Software-Breakpoints: 8192
Watchpoints:          4
JTAG speed: 4000 kHz
 
Full Chip Erase Done.
Programming Done.
Verify OK.
Application running ...
Build target 'Target 1'
compiling on_off_status.c...
linking...
Program Size: Code=11636 RO-data=268 RW-data=700 ZI-data=1100  
FromELF: creating hex file...
"On_Off_Status.axf" - 0 Error(s), 0 Warning(s).
Load "E:\\robocon\\program\\WorkSpace0109\\On_Off_status2016.1.9\\On_Off_status\\On_Off_Status.axf" 
Set JLink Project File to "E:\robocon\program\WorkSpace0109\On_Off_status2016.1.9\On_Off_status\JLinkSettings.ini"
* JLink Info: Device "STM32F103RC" selected (256 KB flash, 48 KB RAM).
 
JLink info:
------------
DLL: V4.84a, compiled Apr  4 2014 18:02:19
Firmware: J-Link ARM-OB STM32 compiled Aug 22 2012 19:52:04
Hardware: V7.00
S/N : 20090928 
Feature(s) : RDI,FlashDL,FlashBP,JFlash,GDBFull 
 
* JLink Info: Found SWD-DP with ID 0x1BA01477
* JLink Info: Found SWD-DP with ID 0x1BA01477
* JLink Info: Found Cortex-M3 r1p1, Little endian.
* JLink Info: FPUnit: 6 code (BP) slots and 2 literal slots
* JLink Info: TPIU fitted.
* JLink Info: ETM fitted.
ROMTableAddr = 0xE00FF003
 
Target info:
------------
Device: STM32F103RC
VTarget = 3.300V
State of Pins: 
TCK: 0, TDI: 0, TDO: 1, TMS: 0, TRES: 1, TRST: 1
Hardware-Breakpoints: 6
Software-Breakpoints: 8192
Watchpoints:          4
JTAG speed: 4000 kHz
 
Full Chip Erase Done.
Programming Done.
Verify OK.
Application running ...
Build target 'Target 1'
compiling main.c...
linking...
Program Size: Code=12652 RO-data=268 RW-data=724 ZI-data=1100  
FromELF: creating hex file...
"On_Off_Status.axf" - 0 Error(s), 0 Warning(s).
Load "E:\\robocon\\program\\WorkSpace0109\\On_Off_status2016.1.9\\On_Off_status\\On_Off_Status.axf" 
Set JLink Project File to "E:\robocon\program\WorkSpace0109\On_Off_status2016.1.9\On_Off_status\JLinkSettings.ini"
* JLink Info: Device "STM32F103RC" selected (256 KB flash, 48 KB RAM).
 
JLink info:
------------
DLL: V4.84a, compiled Apr  4 2014 18:02:19
Firmware: J-Link ARM-OB STM32 compiled Aug 22 2012 19:52:04
Hardware: V7.00
S/N : 20090928 
Feature(s) : RDI,FlashDL,FlashBP,JFlash,GDBFull 
 
* JLink Info: Found SWD-DP with ID 0x1BA01477
* JLink Info: Found SWD-DP with ID 0x1BA01477
* JLink Info: Found Cortex-M3 r1p1, Little endian.
* JLink Info: FPUnit: 6 code (BP) slots and 2 literal slots
* JLink Info: TPIU fitted.
* JLink Info: ETM fitted.
ROMTableAddr = 0xE00FF003
 
Target info:
------------
Device: STM32F103RC
VTarget = 3.300V
State of Pins: 
TCK: 0, TDI: 0, TDO: 1, TMS: 0, TRES: 1, TRST: 1
Hardware-Breakpoints: 6
Software-Breakpoints: 8192
Watchpoints:          4
JTAG speed: 4000 kHz
 
Full Chip Erase Done.
Programming Done.
Verify OK.
Application running ...
Build target 'Target 1'
compiling main.c...
compiling on_off_status.c...
linking...
Program Size: Code=11660 RO-data=268 RW-data=700 ZI-data=1100  
FromELF: creating hex file...
"On_Off_Status.axf" - 0 Error(s), 0 Warning(s).
Load "E:\\robocon\\program\\WorkSpace0109\\On_Off_status2016.1.9\\On_Off_status\\On_Off_Status.axf" 
Set JLink Project File to "E:\robocon\program\WorkSpace0109\On_Off_status2016.1.9\On_Off_status\JLinkSettings.ini"
* JLink Info: Device "STM32F103RC" selected (256 KB flash, 48 KB RAM).
 
JLink info:
------------
DLL: V4.84a, compiled Apr  4 2014 18:02:19
Firmware: J-Link ARM-OB STM32 compiled Aug 22 2012 19:52:04
Hardware: V7.00
S/N : 20090928 
Feature(s) : RDI,FlashDL,FlashBP,JFlash,GDBFull 
 
* JLink Info: Found SWD-DP with ID 0x1BA01477
* JLink Info: Found SWD-DP with ID 0x1BA01477
* JLink Info: Found Cortex-M3 r1p1, Little endian.
* JLink Info: FPUnit: 6 code (BP) slots and 2 literal slots
* JLink Info: TPIU fitted.
* JLink Info: ETM fitted.
ROMTableAddr = 0xE00FF003
 
Target info:
------------
Device: STM32F103RC
VTarget = 3.300V
State of Pins: 
TCK: 0, TDI: 0, TDO: 1, TMS: 0, TRES: 1, TRST: 1
Hardware-Breakpoints: 6
Software-Breakpoints: 8192
Watchpoints:          4
JTAG speed: 4000 kHz
 
Full Chip Erase Done.
Programming Done.
Verify OK.
Application running ...
Build target 'Target 1'
compiling main.c...
linking...
Program Size: Code=11660 RO-data=268 RW-data=700 ZI-data=1100  
FromELF: creating hex file...
"On_Off_Status.axf" - 0 Error(s), 0 Warning(s).
Load "E:\\robocon\\program\\WorkSpace0109\\On_Off_status2016.1.9\\On_Off_status\\On_Off_Status.axf" 
Set JLink Project File to "E:\robocon\program\WorkSpace0109\On_Off_status2016.1.9\On_Off_status\JLinkSettings.ini"
* JLink Info: Device "STM32F103RC" selected (256 KB flash, 48 KB RAM).
 
JLink info:
------------
DLL: V4.84a, compiled Apr  4 2014 18:02:19
Firmware: J-Link ARM-OB STM32 compiled Aug 22 2012 19:52:04
Hardware: V7.00
S/N : 20090928 
Feature(s) : RDI,FlashDL,FlashBP,JFlash,GDBFull 
 
* JLink Info: Found SWD-DP with ID 0x1BA01477
* JLink Info: Found SWD-DP with ID 0x1BA01477
* JLink Info: Found Cortex-M3 r1p1, Little endian.
* JLink Info: FPUnit: 6 code (BP) slots and 2 literal slots
* JLink Info: TPIU fitted.
* JLink Info: ETM fitted.
ROMTableAddr = 0xE00FF003
 
Target info:
------------
Device: STM32F103RC
VTarget = 3.300V
State of Pins: 
TCK: 0, TDI: 0, TDO: 1, TMS: 0, TRES: 1, TRST: 1
Hardware-Breakpoints: 6
Software-Breakpoints: 8192
Watchpoints:          4
JTAG speed: 4000 kHz
 
Full Chip Erase Done.
Programming Done.
Verify OK.
Application running ...
Build target 'Target 1'
compiling main.c...
linking...
Program Size: Code=11640 RO-data=268 RW-data=696 ZI-data=1104  
FromELF: creating hex file...
"On_Off_Status.axf" - 0 Error(s), 0 Warning(s).
Load "E:\\robocon\\program\\WorkSpace0109\\On_Off_status2016.1.9\\On_Off_status\\On_Off_Status.axf" 
Set JLink Project File to "E:\robocon\program\WorkSpace0109\On_Off_status2016.1.9\On_Off_status\JLinkSettings.ini"
* JLink Info: Device "STM32F103RC" selected (256 KB flash, 48 KB RAM).
 
JLink info:
------------
DLL: V4.84a, compiled Apr  4 2014 18:02:19
Firmware: J-Link ARM-OB STM32 compiled Aug 22 2012 19:52:04
Hardware: V7.00
S/N : 20090928 
Feature(s) : RDI,FlashDL,FlashBP,JFlash,GDBFull 
 
* JLink Info: Found SWD-DP with ID 0x1BA01477
* JLink Info: Found SWD-DP with ID 0x1BA01477
* JLink Info: Found Cortex-M3 r1p1, Little endian.
* JLink Info: FPUnit: 6 code (BP) slots and 2 literal slots
* JLink Info: TPIU fitted.
* JLink Info: ETM fitted.
ROMTableAddr = 0xE00FF003
 
Target info:
------------
Device: STM32F103RC
VTarget = 3.300V
State of Pins: 
TCK: 0, TDI: 0, TDO: 1, TMS: 0, TRES: 1, TRST: 1
Hardware-Breakpoints: 6
Software-Breakpoints: 8192
Watchpoints:          4
JTAG speed: 4000 kHz
 
Full Chip Erase Done.
Programming Done.
Verify OK.
Application running ...
Build target 'Target 1'
compiling on_off_status.c...
linking...
Program Size: Code=11640 RO-data=268 RW-data=696 ZI-data=1104  
FromELF: creating hex file...
"On_Off_Status.axf" - 0 Error(s), 0 Warning(s).
Load "E:\\robocon\\program\\WorkSpace0109\\On_Off_status2016.1.9\\On_Off_status\\On_Off_Status.axf" 
Set JLink Project File to "E:\robocon\program\WorkSpace0109\On_Off_status2016.1.9\On_Off_status\JLinkSettings.ini"
* JLink Info: Device "STM32F103RC" selected (256 KB flash, 48 KB RAM).
 
JLink info:
------------
DLL: V4.84a, compiled Apr  4 2014 18:02:19
Firmware: J-Link ARM-OB STM32 compiled Aug 22 2012 19:52:04
Hardware: V7.00
S/N : 20090928 
Feature(s) : RDI,FlashDL,FlashBP,JFlash,GDBFull 
 
* JLink Info: Found SWD-DP with ID 0x1BA01477
* JLink Info: Found SWD-DP with ID 0x1BA01477
* JLink Info: Found Cortex-M3 r1p1, Little endian.
* JLink Info: FPUnit: 6 code (BP) slots and 2 literal slots
* JLink Info: TPIU fitted.
* JLink Info: ETM fitted.
ROMTableAddr = 0xE00FF003
 
Target info:
------------
Device: STM32F103RC
VTarget = 3.300V
State of Pins: 
TCK: 0, TDI: 0, TDO: 1, TMS: 0, TRES: 1, TRST: 1
Hardware-Breakpoints: 6
Software-Breakpoints: 8192
Watchpoints:          4
JTAG speed: 4000 kHz
 
Full Chip Erase Done.
Programming Done.
Verify OK.
Application running ...
Build target 'Target 1'
compiling on_off_status.c...
linking...
Program Size: Code=11632 RO-data=268 RW-data=696 ZI-data=1104  
FromELF: creating hex file...
"On_Off_Status.axf" - 0 Error(s), 0 Warning(s).
Load "E:\\robocon\\program\\WorkSpace0109\\On_Off_status2016.1.9\\On_Off_status\\On_Off_Status.axf" 
Set JLink Project File to "E:\robocon\program\WorkSpace0109\On_Off_status2016.1.9\On_Off_status\JLinkSettings.ini"
* JLink Info: Device "STM32F103RC" selected (256 KB flash, 48 KB RAM).
 
JLink info:
------------
DLL: V4.84a, compiled Apr  4 2014 18:02:19
Firmware: J-Link ARM-OB STM32 compiled Aug 22 2012 19:52:04
Hardware: V7.00
S/N : 20090928 
Feature(s) : RDI,FlashDL,FlashBP,JFlash,GDBFull 
 
* JLink Info: Found SWD-DP with ID 0x1BA01477
* JLink Info: Found SWD-DP with ID 0x1BA01477
* JLink Info: Found Cortex-M3 r1p1, Little endian.
* JLink Info: FPUnit: 6 code (BP) slots and 2 literal slots
* JLink Info: TPIU fitted.
* JLink Info: ETM fitted.
ROMTableAddr = 0xE00FF003
 
Target info:
------------
Device: STM32F103RC
VTarget = 3.300V
State of Pins: 
TCK: 0, TDI: 0, TDO: 1, TMS: 0, TRES: 1, TRST: 1
Hardware-Breakpoints: 6
Software-Breakpoints: 8192
Watchpoints:          4
JTAG speed: 4000 kHz
 
Full Chip Erase Done.
Programming Done.
Verify OK.
Application running ...
Build target 'Target 1'
compiling on_off_status.c...
linking...
Program Size: Code=11216 RO-data=268 RW-data=696 ZI-data=1104  
FromELF: creating hex file...
"On_Off_Status.axf" - 0 Error(s), 0 Warning(s).
Load "E:\\robocon\\program\\WorkSpace0109\\On_Off_status2016.1.9\\On_Off_status\\On_Off_Status.axf" 
Set JLink Project File to "E:\robocon\program\WorkSpace0109\On_Off_status2016.1.9\On_Off_status\JLinkSettings.ini"
* JLink Info: Device "STM32F103RC" selected (256 KB flash, 48 KB RAM).
 
JLink info:
------------
DLL: V4.84a, compiled Apr  4 2014 18:02:19
Firmware: J-Link ARM-OB STM32 compiled Aug 22 2012 19:52:04
Hardware: V7.00
S/N : 20090928 
Feature(s) : RDI,FlashDL,FlashBP,JFlash,GDBFull 
 
* JLink Info: Found SWD-DP with ID 0x1BA01477
* JLink Info: Found SWD-DP with ID 0x1BA01477
* JLink Info: Found Cortex-M3 r1p1, Little endian.
* JLink Info: FPUnit: 6 code (BP) slots and 2 literal slots
* JLink Info: TPIU fitted.
* JLink Info: ETM fitted.
ROMTableAddr = 0xE00FF003
 
Target info:
------------
Device: STM32F103RC
VTarget = 3.300V
State of Pins: 
TCK: 0, TDI: 0, TDO: 1, TMS: 0, TRES: 1, TRST: 1
Hardware-Breakpoints: 6
Software-Breakpoints: 8192
Watchpoints:          4
JTAG speed: 4000 kHz
 
Full Chip Erase Done.
Programming Done.
Verify OK.
Application running ...
Build target 'Target 1'
compiling main.c...
compiling delay.c...
compiling led.c...
compiling on_off_status.c...
compiling pwm.c...
compiling can.c...
compiling can_database.c...
compiling Command.c...
Owner\Command.c(42): warning: C4017W: temp may be used before being set
Owner\Command.c(53): warning: C4017W: temp may be used before being set
compiling SysTick.c...
compiling Uart.c...
Owner\Uart.c(136): warning:  #550-D: variable "rec_buf2" was set but never used
linking...
Program Size: Code=11252 RO-data=268 RW-data=696 ZI-data=1104  
FromELF: creating hex file...
"On_Off_Status.axf" - 0 Error(s), 3 Warning(s).
Load "E:\\robocon\\program\\WorkSpace0109\\On_Off_status2016.1.9\\On_Off_status\\On_Off_Status.axf" 
Set JLink Project File to "E:\robocon\program\WorkSpace0109\On_Off_status2016.1.9\On_Off_status\JLinkSettings.ini"
* JLink Info: Device "STM32F103RC" selected (256 KB flash, 48 KB RAM).
 
JLink info:
------------
DLL: V4.84a, compiled Apr  4 2014 18:02:19
Firmware: J-Link ARM-OB STM32 compiled Aug 22 2012 19:52:04
Hardware: V7.00
S/N : 20090928 
Feature(s) : RDI,FlashDL,FlashBP,JFlash,GDBFull 
 
* JLink Info: STM32Fxxxx: Cannot attach to CPU. Trying connect under reset.
Load "E:\\robocon\\program\\WorkSpace0109\\On_Off_status2016.1.9\\On_Off_status\\On_Off_Status.axf" 
Set JLink Project File to "E:\robocon\program\WorkSpace0109\On_Off_status2016.1.9\On_Off_status\JLinkSettings.ini"
* JLink Info: Device "STM32F103RC" selected (256 KB flash, 48 KB RAM).
 
JLink info:
------------
DLL: V4.84a, compiled Apr  4 2014 18:02:19
Firmware: J-Link ARM-OB STM32 compiled Aug 22 2012 19:52:04
Hardware: V7.00
S/N : 20090928 
Feature(s) : RDI,FlashDL,FlashBP,JFlash,GDBFull 
 
* JLink Info: STM32Fxxxx: Cannot attach to CPU. Trying connect under reset.
Load "E:\\robocon\\program\\WorkSpace0109\\On_Off_status2016.1.9\\On_Off_status\\On_Off_Status.axf" 
Set JLink Project File to "E:\robocon\program\WorkSpace0109\On_Off_status2016.1.9\On_Off_status\JLinkSettings.ini"
* JLink Info: Device "STM32F103RC" selected (256 KB flash, 48 KB RAM).
 
JLink info:
------------
DLL: V4.84a, compiled Apr  4 2014 18:02:19
Firmware: J-Link ARM-OB STM32 compiled Aug 22 2012 19:52:04
Hardware: V7.00
S/N : 20090928 
Feature(s) : RDI,FlashDL,FlashBP,JFlash,GDBFull 
 
* JLink Info: Found SWD-DP with ID 0x1BA01477
* JLink Info: Found SWD-DP with ID 0x1BA01477
* JLink Info: Found Cortex-M3 r1p1, Little endian.
* JLink Info: FPUnit: 6 code (BP) slots and 2 literal slots
* JLink Info: TPIU fitted.
* JLink Info: ETM fitted.
ROMTableAddr = 0xE00FF003
 
Target info:
------------
Device: STM32F103RC
VTarget = 3.300V
State of Pins: 
TCK: 0, TDI: 0, TDO: 1, TMS: 0, TRES: 1, TRST: 1
Hardware-Breakpoints: 6
Software-Breakpoints: 8192
Watchpoints:          4
JTAG speed: 4000 kHz
 
Full Chip Erase Done.
Programming Done.
Verify OK.
Application running ...
Build target 'Target 1'
compiling main.c...
linking...
Program Size: Code=11252 RO-data=268 RW-data=696 ZI-data=1104  
FromELF: creating hex file...
"On_Off_Status.axf" - 0 Error(s), 0 Warning(s).
Load "E:\\robocon\\program\\WorkSpace0109\\On_Off_status2016.1.9\\On_Off_status\\On_Off_Status.axf" 
Set JLink Project File to "E:\robocon\program\WorkSpace0109\On_Off_status2016.1.9\On_Off_status\JLinkSettings.ini"
* JLink Info: Device "STM32F103RC" selected (256 KB flash, 48 KB RAM).
 
JLink info:
------------
DLL: V4.84a, compiled Apr  4 2014 18:02:19
Firmware: J-Link ARM-OB STM32 compiled Aug 22 2012 19:52:04
Hardware: V7.00
S/N : 20090928 
Feature(s) : RDI,FlashDL,FlashBP,JFlash,GDBFull 
 
* JLink Info: Found SWD-DP with ID 0x1BA01477
* JLink Info: Found SWD-DP with ID 0x1BA01477
* JLink Info: Found Cortex-M3 r1p1, Little endian.
* JLink Info: FPUnit: 6 code (BP) slots and 2 literal slots
* JLink Info: TPIU fitted.
* JLink Info: ETM fitted.
ROMTableAddr = 0xE00FF003
 
Target info:
------------
Device: STM32F103RC
VTarget = 3.300V
State of Pins: 
TCK: 0, TDI: 0, TDO: 1, TMS: 0, TRES: 1, TRST: 1
Hardware-Breakpoints: 6
Software-Breakpoints: 8192
Watchpoints:          4
JTAG speed: 4000 kHz
 
Full Chip Erase Done.
Programming Done.
Verify OK.
Application running ...
Build target 'Target 1'
compiling main.c...
USER\main.c(35): error:  #20: identifier "MOSI_FACTOR" is undefined
Target not created
Build target 'Target 1'
compiling main.c...
compiling delay.c...
compiling led.c...
compiling on_off_status.c...
compiling pwm.c...
compiling can.c...
compiling can_database.c...
compiling Command.c...
Owner\Command.c(42): warning: C4017W: temp may be used before being set
Owner\Command.c(53): warning: C4017W: temp may be used before being set
compiling SysTick.c...
compiling Uart.c...
Owner\Uart.c(136): warning:  #550-D: variable "rec_buf2" was set but never used
linking...
Program Size: Code=11264 RO-data=268 RW-data=696 ZI-data=1104  
FromELF: creating hex file...
"On_Off_Status.axf" - 0 Error(s), 3 Warning(s).
Load "E:\\robocon\\program\\WorkSpace0109\\On_Off_status2016.1.9\\On_Off_status\\On_Off_Status.axf" 
Set JLink Project File to "E:\robocon\program\WorkSpace0109\On_Off_status2016.1.9\On_Off_status\JLinkSettings.ini"
* JLink Info: Device "STM32F103RC" selected (256 KB flash, 48 KB RAM).
 
JLink info:
------------
DLL: V4.84a, compiled Apr  4 2014 18:02:19
Firmware: J-Link ARM-OB STM32 compiled Aug 22 2012 19:52:04
Hardware: V7.00
S/N : 20090928 
Feature(s) : RDI,FlashDL,FlashBP,JFlash,GDBFull 
 
* JLink Info: Found SWD-DP with ID 0x1BA01477
* JLink Info: Found SWD-DP with ID 0x1BA01477
* JLink Info: Found Cortex-M3 r1p1, Little endian.
* JLink Info: FPUnit: 6 code (BP) slots and 2 literal slots
* JLink Info: TPIU fitted.
* JLink Info: ETM fitted.
ROMTableAddr = 0xE00FF003
 
Target info:
------------
Device: STM32F103RC
VTarget = 3.300V
State of Pins: 
TCK: 0, TDI: 0, TDO: 1, TMS: 0, TRES: 1, TRST: 1
Hardware-Breakpoints: 6
Software-Breakpoints: 8192
Watchpoints:          4
JTAG speed: 4000 kHz
 
Full Chip Erase Done.
Programming Done.
Verify OK.
Application running ...
Build target 'Target 1'
compiling main.c...
USER\main.c(32): error:  #20: identifier "MOSI_STATUS" is undefined
compiling delay.c...
compiling led.c...
compiling on_off_status.c...
compiling pwm.c...
compiling can.c...
compiling can_database.c...
compiling Command.c...
Owner\Command.c(42): warning: C4017W: temp may be used before being set
Owner\Command.c(53): warning: C4017W: temp may be used before being set
compiling SysTick.c...
compiling Uart.c...
Owner\Uart.c(136): warning:  #550-D: variable "rec_buf2" was set but never used
Target not created
Build target 'Target 1'
compiling main.c...
compiling delay.c...
compiling led.c...
compiling on_off_status.c...
compiling pwm.c...
compiling can.c...
compiling can_database.c...
compiling Command.c...
Owner\Command.c(42): warning: C4017W: temp may be used before being set
Owner\Command.c(53): warning: C4017W: temp may be used before being set
compiling SysTick.c...
compiling Uart.c...
Owner\Uart.c(136): warning:  #550-D: variable "rec_buf2" was set but never used
linking...
Program Size: Code=11272 RO-data=268 RW-data=720 ZI-data=1104  
FromELF: creating hex file...
"On_Off_Status.axf" - 0 Error(s), 3 Warning(s).
Load "E:\\robocon\\program\\WorkSpace0109\\On_Off_status2016.1.9\\On_Off_status\\On_Off_Status.axf" 
Set JLink Project File to "E:\robocon\program\WorkSpace0109\On_Off_status2016.1.9\On_Off_status\JLinkSettings.ini"
* JLink Info: Device "STM32F103RC" selected (256 KB flash, 48 KB RAM).
 
JLink info:
------------
DLL: V4.84a, compiled Apr  4 2014 18:02:19
Firmware: J-Link ARM-OB STM32 compiled Aug 22 2012 19:52:04
Hardware: V7.00
S/N : 20090928 
Feature(s) : RDI,FlashDL,FlashBP,JFlash,GDBFull 
 
* JLink Info: Found SWD-DP with ID 0x1BA01477
* JLink Info: Found SWD-DP with ID 0x1BA01477
* JLink Info: Found Cortex-M3 r1p1, Little endian.
* JLink Info: FPUnit: 6 code (BP) slots and 2 literal slots
* JLink Info: TPIU fitted.
* JLink Info: ETM fitted.
ROMTableAddr = 0xE00FF003
 
Target info:
------------
Device: STM32F103RC
VTarget = 3.300V
State of Pins: 
TCK: 0, TDI: 0, TDO: 1, TMS: 0, TRES: 1, TRST: 1
Hardware-Breakpoints: 6
Software-Breakpoints: 8192
Watchpoints:          4
JTAG speed: 4000 kHz
 
Full Chip Erase Done.
Programming Done.
Verify OK.
Application running ...
Build target 'Target 1'
compiling on_off_status.c...
linking...
Program Size: Code=11276 RO-data=268 RW-data=720 ZI-data=1104  
FromELF: creating hex file...
"On_Off_Status.axf" - 0 Error(s), 0 Warning(s).
Build target 'Target 1'
compiling main.c...
compiling on_off_status.c...
linking...
Program Size: Code=11220 RO-data=268 RW-data=720 ZI-data=1104  
FromELF: creating hex file...
"On_Off_Status.axf" - 0 Error(s), 0 Warning(s).
Build target 'Target 1'
compiling on_off_status.c...
linking...
Program Size: Code=11640 RO-data=268 RW-data=720 ZI-data=1104  
FromELF: creating hex file...
"On_Off_Status.axf" - 0 Error(s), 0 Warning(s).
Build target 'Target 1'
linking...
Program Size: Code=11640 RO-data=268 RW-data=720 ZI-data=1104  
FromELF: creating hex file...
"On_Off_Status.axf" - 0 Error(s), 0 Warning(s).
Load "E:\\robocon\\program\\WorkSpace0109\\On_Off_status2016.1.9\\On_Off_status\\On_Off_Status.axf" 
Set JLink Project File to "E:\robocon\program\WorkSpace0109\On_Off_status2016.1.9\On_Off_status\JLinkSettings.ini"
* JLink Info: Device "STM32F103RC" selected (256 KB flash, 48 KB RAM).
 
JLink info:
------------
DLL: V4.84a, compiled Apr  4 2014 18:02:19
Firmware: J-Link ARM-OB STM32 compiled Aug 22 2012 19:52:04
Hardware: V7.00
S/N : 20090928 
Feature(s) : RDI,FlashDL,FlashBP,JFlash,GDBFull 
 
* JLink Info: Found SWD-DP with ID 0x1BA01477
* JLink Info: Found SWD-DP with ID 0x1BA01477
* JLink Info: Found Cortex-M3 r1p1, Little endian.
* JLink Info: FPUnit: 6 code (BP) slots and 2 literal slots
* JLink Info: TPIU fitted.
* JLink Info: ETM fitted.
ROMTableAddr = 0xE00FF003
 
Target info:
------------
Device: STM32F103RC
VTarget = 3.300V
State of Pins: 
TCK: 0, TDI: 0, TDO: 1, TMS: 0, TRES: 1, TRST: 1
Hardware-Breakpoints: 6
Software-Breakpoints: 8192
Watchpoints:          4
JTAG speed: 4000 kHz
 
Full Chip Erase Done.
Programming Done.
Verify OK.
Application running ...
Build target 'Target 1'
compiling on_off_status.c...
compiling Command.c...
Owner\Command.c(42): warning: C4017W: temp may be used before being set
Owner\Command.c(53): warning: C4017W: temp may be used before being set
linking...
Program Size: Code=11636 RO-data=268 RW-data=720 ZI-data=1104  
FromELF: creating hex file...
"On_Off_Status.axf" - 0 Error(s), 2 Warning(s).
Load "E:\\robocon\\program\\WorkSpace0109\\On_Off_status2016.1.9\\On_Off_status\\On_Off_Status.axf" 
Load "E:\\robocon\\program\\WorkSpace0109\\On_Off_status2016.1.9\\On_Off_status\\On_Off_Status.axf" 
Set JLink Project File to "E:\robocon\program\WorkSpace0109\On_Off_status2016.1.9\On_Off_status\JLinkSettings.ini"
* JLink Info: Device "STM32F103RC" selected (256 KB flash, 48 KB RAM).
 
JLink info:
------------
DLL: V4.84a, compiled Apr  4 2014 18:02:19
Firmware: J-Link ARM-OB STM32 compiled Aug 22 2012 19:52:04
Hardware: V7.00
S/N : 20090928 
Feature(s) : RDI,FlashDL,FlashBP,JFlash,GDBFull 
 
* JLink Info: Found SWD-DP with ID 0x1BA01477
* JLink Info: Found SWD-DP with ID 0x1BA01477
* JLink Info: Found Cortex-M3 r1p1, Little endian.
* JLink Info: FPUnit: 6 code (BP) slots and 2 literal slots
* JLink Info: TPIU fitted.
* JLink Info: ETM fitted.
ROMTableAddr = 0xE00FF003
 
Target info:
------------
Device: STM32F103RC
VTarget = 3.300V
State of Pins: 
TCK: 0, TDI: 0, TDO: 1, TMS: 0, TRES: 1, TRST: 1
Hardware-Breakpoints: 6
Software-Breakpoints: 8192
Watchpoints:          4
JTAG speed: 4000 kHz
 
Full Chip Erase Done.
Programming Done.
Verify OK.
Application running ...
Build target 'Target 1'
compiling on_off_status.c...
linking...
Program Size: Code=11636 RO-data=268 RW-data=720 ZI-data=1104  
FromELF: creating hex file...
"On_Off_Status.axf" - 0 Error(s), 0 Warning(s).
Load "E:\\robocon\\program\\WorkSpace0109\\On_Off_status2016.1.9\\On_Off_status\\On_Off_Status.axf" 
Set JLink Project File to "E:\robocon\program\WorkSpace0109\On_Off_status2016.1.9\On_Off_status\JLinkSettings.ini"
* JLink Info: Device "STM32F103RC" selected (256 KB flash, 48 KB RAM).
 
JLink info:
------------
DLL: V4.84a, compiled Apr  4 2014 18:02:19
Firmware: J-Link ARM-OB STM32 compiled Aug 22 2012 19:52:04
Hardware: V7.00
S/N : 20090928 
Feature(s) : RDI,FlashDL,FlashBP,JFlash,GDBFull 
 
* JLink Info: Found SWD-DP with ID 0x1BA01477
* JLink Info: Found SWD-DP with ID 0x1BA01477
* JLink Info: Found Cortex-M3 r1p1, Little endian.
* JLink Info: FPUnit: 6 code (BP) slots and 2 literal slots
* JLink Info: TPIU fitted.
* JLink Info: ETM fitted.
ROMTableAddr = 0xE00FF003
 
Target info:
------------
Device: STM32F103RC
VTarget = 3.300V
State of Pins: 
TCK: 0, TDI: 0, TDO: 1, TMS: 0, TRES: 1, TRST: 1
Hardware-Breakpoints: 6
Software-Breakpoints: 8192
Watchpoints:          4
JTAG speed: 4000 kHz
 
Full Chip Erase Done.
Programming Done.
Verify OK.
Application running ...
Build target 'Target 1'
compiling on_off_status.c...
compiling Command.c...
Owner\Command.c(42): warning: C4017W: temp may be used before being set
Owner\Command.c(53): warning: C4017W: temp may be used before being set
linking...
Program Size: Code=11640 RO-data=268 RW-data=720 ZI-data=1104  
FromELF: creating hex file...
"On_Off_Status.axf" - 0 Error(s), 2 Warning(s).
Load "E:\\robocon\\program\\WorkSpace0109\\On_Off_status2016.1.9\\On_Off_status\\On_Off_Status.axf" 
Set JLink Project File to "E:\robocon\program\WorkSpace0109\On_Off_status2016.1.9\On_Off_status\JLinkSettings.ini"
* JLink Info: Device "STM32F103RC" selected (256 KB flash, 48 KB RAM).
 
JLink info:
------------
DLL: V4.84a, compiled Apr  4 2014 18:02:19
Firmware: J-Link ARM-OB STM32 compiled Aug 22 2012 19:52:04
Hardware: V7.00
S/N : 20090928 
Feature(s) : RDI,FlashDL,FlashBP,JFlash,GDBFull 
 
* JLink Info: Found SWD-DP with ID 0x1BA01477
* JLink Info: Found SWD-DP with ID 0x1BA01477
* JLink Info: Found Cortex-M3 r1p1, Little endian.
* JLink Info: FPUnit: 6 code (BP) slots and 2 literal slots
* JLink Info: TPIU fitted.
* JLink Info: ETM fitted.
ROMTableAddr = 0xE00FF003
 
Target info:
------------
Device: STM32F103RC
VTarget = 3.300V
State of Pins: 
TCK: 0, TDI: 0, TDO: 1, TMS: 0, TRES: 1, TRST: 1
Hardware-Breakpoints: 6
Software-Breakpoints: 8192
Watchpoints:          4
JTAG speed: 4000 kHz
 
Full Chip Erase Done.
Programming Done.
Verify OK.
Application running ...
Build target 'Target 1'
compiling main.c...
compiling on_off_status.c...
linking...
Program Size: Code=11676 RO-data=268 RW-data=720 ZI-data=1104  
FromELF: creating hex file...
"On_Off_Status.axf" - 0 Error(s), 0 Warning(s).
Build target 'Target 1'
compiling main.c...
linking...
Program Size: Code=11648 RO-data=268 RW-data=720 ZI-data=1104  
FromELF: creating hex file...
"On_Off_Status.axf" - 0 Error(s), 0 Warning(s).
Load "E:\\robocon\\program\\WorkSpace0109\\On_Off_status2016.1.9\\On_Off_status\\On_Off_Status.axf" 
Set JLink Project File to "E:\robocon\program\WorkSpace0109\On_Off_status2016.1.9\On_Off_status\JLinkSettings.ini"
* JLink Info: Device "STM32F103RC" selected (256 KB flash, 48 KB RAM).
 
JLink info:
------------
DLL: V4.84a, compiled Apr  4 2014 18:02:19
Firmware: J-Link ARM-OB STM32 compiled Aug 22 2012 19:52:04
Hardware: V7.00
S/N : 20090928 
Feature(s) : RDI,FlashDL,FlashBP,JFlash,GDBFull 
 
* JLink Info: Found SWD-DP with ID 0x1BA01477
* JLink Info: Found SWD-DP with ID 0x1BA01477
* JLink Info: Found Cortex-M3 r1p1, Little endian.
* JLink Info: FPUnit: 6 code (BP) slots and 2 literal slots
* JLink Info: TPIU fitted.
* JLink Info: ETM fitted.
ROMTableAddr = 0xE00FF003
 
Target info:
------------
Device: STM32F103RC
VTarget = 3.300V
State of Pins: 
TCK: 0, TDI: 0, TDO: 1, TMS: 0, TRES: 1, TRST: 1
Hardware-Breakpoints: 6
Software-Breakpoints: 8192
Watchpoints:          4
JTAG speed: 4000 kHz
 
Full Chip Erase Done.
Programming Done.
Verify OK.
Application running ...
